Archive member included to satisfy reference by file (symbol)

c:/gnu arm embedded toolchain/10 2020-q4-major/bin/../lib/gcc/arm-none-eabi/10.2.1/../../../../arm-none-eabi/lib/thumb/v7e-m+fp/hard\libc_nano.a(lib_a-exit.o)
                              c:/gnu arm embedded toolchain/10 2020-q4-major/bin/../lib/gcc/arm-none-eabi/10.2.1/../../../../arm-none-eabi/lib/thumb/v7e-m+fp/hard/crt0.o (exit)
c:/gnu arm embedded toolchain/10 2020-q4-major/bin/../lib/gcc/arm-none-eabi/10.2.1/../../../../arm-none-eabi/lib/thumb/v7e-m+fp/hard\libc_nano.a(lib_a-impure.o)
                              c:/gnu arm embedded toolchain/10 2020-q4-major/bin/../lib/gcc/arm-none-eabi/10.2.1/../../../../arm-none-eabi/lib/thumb/v7e-m+fp/hard\libc_nano.a(lib_a-exit.o) (_global_impure_ptr)
c:/gnu arm embedded toolchain/10 2020-q4-major/bin/../lib/gcc/arm-none-eabi/10.2.1/../../../../arm-none-eabi/lib/thumb/v7e-m+fp/hard\libc_nano.a(lib_a-init.o)
                              c:/gnu arm embedded toolchain/10 2020-q4-major/bin/../lib/gcc/arm-none-eabi/10.2.1/../../../../arm-none-eabi/lib/thumb/v7e-m+fp/hard/crt0.o (__libc_init_array)
c:/gnu arm embedded toolchain/10 2020-q4-major/bin/../lib/gcc/arm-none-eabi/10.2.1/../../../../arm-none-eabi/lib/thumb/v7e-m+fp/hard\libc_nano.a(lib_a-memset.o)
                              c:/gnu arm embedded toolchain/10 2020-q4-major/bin/../lib/gcc/arm-none-eabi/10.2.1/../../../../arm-none-eabi/lib/thumb/v7e-m+fp/hard/crt0.o (memset)
c:/gnu arm embedded toolchain/10 2020-q4-major/bin/../lib/gcc/arm-none-eabi/10.2.1/../../../../arm-none-eabi/lib/thumb/v7e-m+fp/hard\libc_nano.a(lib_a-printf.o)
                              build/sx126x_driver.o (printf)
c:/gnu arm embedded toolchain/10 2020-q4-major/bin/../lib/gcc/arm-none-eabi/10.2.1/../../../../arm-none-eabi/lib/thumb/v7e-m+fp/hard\libc_nano.a(lib_a-putchar.o)
                              build/sx126x_driver.o (putchar)
c:/gnu arm embedded toolchain/10 2020-q4-major/bin/../lib/gcc/arm-none-eabi/10.2.1/../../../../arm-none-eabi/lib/thumb/v7e-m+fp/hard\libc_nano.a(lib_a-puts.o)
                              build/main.o (puts)
c:/gnu arm embedded toolchain/10 2020-q4-major/bin/../lib/gcc/arm-none-eabi/10.2.1/../../../../arm-none-eabi/lib/thumb/v7e-m+fp/hard\libc_nano.a(lib_a-sprintf.o)
                              build/sx126x_driver.o (sprintf)
c:/gnu arm embedded toolchain/10 2020-q4-major/bin/../lib/gcc/arm-none-eabi/10.2.1/../../../../arm-none-eabi/lib/thumb/v7e-m+fp/hard\libc_nano.a(lib_a-wbuf.o)
                              c:/gnu arm embedded toolchain/10 2020-q4-major/bin/../lib/gcc/arm-none-eabi/10.2.1/../../../../arm-none-eabi/lib/thumb/v7e-m+fp/hard\libc_nano.a(lib_a-puts.o) (__swbuf_r)
c:/gnu arm embedded toolchain/10 2020-q4-major/bin/../lib/gcc/arm-none-eabi/10.2.1/../../../../arm-none-eabi/lib/thumb/v7e-m+fp/hard\libc_nano.a(lib_a-wsetup.o)
                              c:/gnu arm embedded toolchain/10 2020-q4-major/bin/../lib/gcc/arm-none-eabi/10.2.1/../../../../arm-none-eabi/lib/thumb/v7e-m+fp/hard\libc_nano.a(lib_a-puts.o) (__swsetup_r)
c:/gnu arm embedded toolchain/10 2020-q4-major/bin/../lib/gcc/arm-none-eabi/10.2.1/../../../../arm-none-eabi/lib/thumb/v7e-m+fp/hard\libc_nano.a(lib_a-fflush.o)
                              c:/gnu arm embedded toolchain/10 2020-q4-major/bin/../lib/gcc/arm-none-eabi/10.2.1/../../../../arm-none-eabi/lib/thumb/v7e-m+fp/hard\libc_nano.a(lib_a-wbuf.o) (_fflush_r)
c:/gnu arm embedded toolchain/10 2020-q4-major/bin/../lib/gcc/arm-none-eabi/10.2.1/../../../../arm-none-eabi/lib/thumb/v7e-m+fp/hard\libc_nano.a(lib_a-findfp.o)
                              c:/gnu arm embedded toolchain/10 2020-q4-major/bin/../lib/gcc/arm-none-eabi/10.2.1/../../../../arm-none-eabi/lib/thumb/v7e-m+fp/hard\libc_nano.a(lib_a-printf.o) (__sinit)
c:/gnu arm embedded toolchain/10 2020-q4-major/bin/../lib/gcc/arm-none-eabi/10.2.1/../../../../arm-none-eabi/lib/thumb/v7e-m+fp/hard\libc_nano.a(lib_a-fwalk.o)
                              c:/gnu arm embedded toolchain/10 2020-q4-major/bin/../lib/gcc/arm-none-eabi/10.2.1/../../../../arm-none-eabi/lib/thumb/v7e-m+fp/hard\libc_nano.a(lib_a-findfp.o) (_fwalk)
c:/gnu arm embedded toolchain/10 2020-q4-major/bin/../lib/gcc/arm-none-eabi/10.2.1/../../../../arm-none-eabi/lib/thumb/v7e-m+fp/hard\libc_nano.a(lib_a-lock.o)
                              c:/gnu arm embedded toolchain/10 2020-q4-major/bin/../lib/gcc/arm-none-eabi/10.2.1/../../../../arm-none-eabi/lib/thumb/v7e-m+fp/hard\libc_nano.a(lib_a-findfp.o) (__retarget_lock_init_recursive)
c:/gnu arm embedded toolchain/10 2020-q4-major/bin/../lib/gcc/arm-none-eabi/10.2.1/../../../../arm-none-eabi/lib/thumb/v7e-m+fp/hard\libc_nano.a(lib_a-makebuf.o)
                              c:/gnu arm embedded toolchain/10 2020-q4-major/bin/../lib/gcc/arm-none-eabi/10.2.1/../../../../arm-none-eabi/lib/thumb/v7e-m+fp/hard\libc_nano.a(lib_a-wsetup.o) (__smakebuf_r)
[...]
Memory Configuration

Name             Origin             Length             Attributes
RAM              0x20000000         0x00018000         xrw
RAM2             0x10000000         0x00008000         xrw
FLASH            0x08000000         0x00100000         xr
*default*        0x00000000         0xffffffff

Linker script and memory map

LOAD c:/gnu arm embedded toolchain/10 2020-q4-major/bin/../lib/gcc/arm-none-eabi/10.2.1/thumb/v7e-m+fp/hard/crti.o
LOAD c:/gnu arm embedded toolchain/10 2020-q4-major/bin/../lib/gcc/arm-none-eabi/10.2.1/thumb/v7e-m+fp/hard/crtbegin.o
LOAD c:/gnu arm embedded toolchain/10 2020-q4-major/bin/../lib/gcc/arm-none-eabi/10.2.1/../../../../arm-none-eabi/lib/thumb/v7e-m+fp/hard/crt0.o
LOAD build/main.o
LOAD build/stm32l4xx_it.o
LOAD build/stm32l4xx_hal_msp.o
LOAD build/stm32l4xx_hal_rtc.o
LOAD build/stm32l4xx_hal_rtc_ex.o
LOAD build/stm32l4xx_hal.o
LOAD build/stm32l4xx_hal_i2c.o
LOAD build/stm32l4xx_hal_i2c_ex.o
LOAD build/stm32l4xx_hal_rcc.o
LOAD build/stm32l4xx_hal_rcc_ex.o
LOAD build/stm32l4xx_hal_flash.o
LOAD build/stm32l4xx_hal_flash_ex.o
LOAD build/stm32l4xx_hal_flash_ramfunc.o
LOAD build/stm32l4xx_hal_gpio.o
LOAD build/stm32l4xx_hal_dma.o
LOAD build/stm32l4xx_hal_dma_ex.o
LOAD build/stm32l4xx_hal_pwr.o
LOAD build/stm32l4xx_hal_pwr_ex.o
LOAD build/stm32l4xx_hal_cortex.o
LOAD build/stm32l4xx_hal_exti.o
LOAD build/stm32l4xx_hal_spi.o
LOAD build/stm32l4xx_hal_spi_ex.o
LOAD build/stm32l4xx_hal_tim.o
LOAD build/stm32l4xx_hal_tim_ex.o
LOAD build/stm32l4xx_hal_uart.o
LOAD build/stm32l4xx_hal_uart_ex.o
LOAD build/system_stm32l4xx.o
LOAD build/sx126x_driver.o
LOAD build/delay.o
LOAD build/gpio.o
LOAD build/radio.o
LOAD build/sx126x.o
LOAD build/delay-board.o
LOAD build/spi-board.o
LOAD build/sx126x-board.o
LOAD build/gpio-board.o
LOAD build/startup_stm32l476xx.o
LOAD c:/gnu arm embedded toolchain/10 2020-q4-major/bin/../lib/gcc/arm-none-eabi/10.2.1/../../../../arm-none-eabi/lib/thumb/v7e-m+fp/hard\libc_nano.a
LOAD c:/gnu arm embedded toolchain/10 2020-q4-major/bin/../lib/gcc/arm-none-eabi/10.2.1/../../../../arm-none-eabi/lib/thumb/v7e-m+fp/hard\libm.a
LOAD c:/gnu arm embedded toolchain/10 2020-q4-major/bin/../lib/gcc/arm-none-eabi/10.2.1/../../../../arm-none-eabi/lib/thumb/v7e-m+fp/hard\libnosys.a
START GROUP
LOAD c:/gnu arm embedded toolchain/10 2020-q4-major/bin/../lib/gcc/arm-none-eabi/10.2.1/thumb/v7e-m+fp/hard\libgcc.a
LOAD c:/gnu arm embedded toolchain/10 2020-q4-major/bin/../lib/gcc/arm-none-eabi/10.2.1/../../../../arm-none-eabi/lib/thumb/v7e-m+fp/hard\libc_nano.a
END GROUP
START GROUP
LOAD c:/gnu arm embedded toolchain/10 2020-q4-major/bin/../lib/gcc/arm-none-eabi/10.2.1/thumb/v7e-m+fp/hard\libgcc.a
LOAD c:/gnu arm embedded toolchain/10 2020-q4-major/bin/../lib/gcc/arm-none-eabi/10.2.1/../../../../arm-none-eabi/lib/thumb/v7e-m+fp/hard\libc_nano.a
END GROUP
LOAD c:/gnu arm embedded toolchain/10 2020-q4-major/bin/../lib/gcc/arm-none-eabi/10.2.1/thumb/v7e-m+fp/hard/crtend.o
LOAD c:/gnu arm embedded toolchain/10 2020-q4-major/bin/../lib/gcc/arm-none-eabi/10.2.1/thumb/v7e-m+fp/hard/crtn.o
                0x20018000                _estack = 0x20018000
                0x00000200                _Min_Heap_Size = 0x200
                0x00000400                _Min_Stack_Size = 0x400

.isr_vector     0x08000000      0x188
                0x08000000                . = ALIGN (0x8)
 *(.isr_vector)
 .isr_vector    0x08000000      0x188 build/startup_stm32l476xx.o
                0x08000000                g_pfnVectors
                0x08000188                . = ALIGN (0x8)

.text           0x08000190     0x4828
                0x08000190                . = ALIGN (0x8)
 *(.text)
 .text          0x08000190       0x40 c:/gnu arm embedded toolchain/10 2020-q4-major/bin/../lib/gcc/arm-none-eabi/10.2.1/thumb/v7e-m+fp/hard/crtbegin.o
 .text          0x080001d0       0xa0 c:/gnu arm embedded toolchain/10 2020-q4-major/bin/../lib/gcc/arm-none-eabi/10.2.1/../../../../arm-none-eabi/lib/thumb/v7e-m+fp/hard\libc_nano.a(lib_a-memchr.o)
                0x080001d0                memchr
 .text          0x08000270       0x30 c:/gnu arm embedded toolchain/10 2020-q4-major/bin/../lib/gcc/arm-none-eabi/10.2.1/thumb/v7e-m+fp/hard\libgcc.a(_aeabi_uldivmod.o)
                0x08000270                __aeabi_uldivmod
 .text          0x080002a0      0x2d0 c:/gnu arm embedded toolchain/10 2020-q4-major/bin/../lib/gcc/arm-none-eabi/10.2.1/thumb/v7e-m+fp/hard\libgcc.a(_udivmoddi4.o)
                0x080002a0                __udivmoddi4
 .text          0x08000570        0x4 c:/gnu arm embedded toolchain/10 2020-q4-major/bin/../lib/gcc/arm-none-eabi/10.2.1/thumb/v7e-m+fp/hard\libgcc.a(_dvmd_tls.o)
                0x08000570                __aeabi_idiv0
                0x08000570                __aeabi_ldiv0
 *(.text*)
 .text.MX_GPIO_Init
                0x08000574      0x108 build/main.o
 .text.SER_PutChar
                0x0800067c       0x24 build/main.o
                0x0800067c                SER_PutChar
 .text._write   0x080006a0       0x1c build/main.o
                0x080006a0                _write
 .text.Error_Handler
                0x080006bc        0x4 build/main.o
                0x080006bc                Error_Handler
 .text.MX_SPI1_Init
                0x080006c0       0x4c build/main.o
 .text.MX_USART2_UART_Init
                0x0800070c       0x38 build/main.o
 .text.MX_RTC_Init
                0x08000744       0xc4 build/main.o
 .text.SystemClock_Config
                0x08000808       0xa0 build/main.o
                0x08000808                SystemClock_Config
 .text.main     0x080008a8       0x34 build/main.o
                0x080008a8                main
 .text.NMI_Handler
                0x080008dc        0x2 build/stm32l4xx_it.o
                0x080008dc                NMI_Handler
 .text.HardFault_Handler
                0x080008de        0x2 build/stm32l4xx_it.o
                0x080008de                HardFault_Handler
 .text.MemManage_Handler
                0x080008e0        0x2 build/stm32l4xx_it.o
                0x080008e0                MemManage_Handler
 .text.BusFault_Handler
                0x080008e2        0x2 build/stm32l4xx_it.o
                0x080008e2                BusFault_Handler
 .text.UsageFault_Handler
                0x080008e4        0x2 build/stm32l4xx_it.o
                0x080008e4                UsageFault_Handler
 .text.SVC_Handler
                0x080008e6        0x2 build/stm32l4xx_it.o
                0x080008e6                SVC_Handler
 .text.DebugMon_Handler
                0x080008e8        0x2 build/stm32l4xx_it.o
                0x080008e8                DebugMon_Handler
 .text.PendSV_Handler
                0x080008ea        0x2 build/stm32l4xx_it.o
                0x080008ea                PendSV_Handler
 .text.SysTick_Handler
                0x080008ec        0x8 build/stm32l4xx_it.o
                0x080008ec                SysTick_Handler
 .text.EXTI4_IRQHandler
                0x080008f4        0xa build/stm32l4xx_it.o
                0x080008f4                EXTI4_IRQHandler
 .text.EXTI15_10_IRQHandler
                0x080008fe        0xc build/stm32l4xx_it.o
                0x080008fe                EXTI15_10_IRQHandler
 *fill*         0x0800090a        0x2 
 .text.RTC_Alarm_IRQHandler
                0x0800090c       0x10 build/stm32l4xx_it.o
                0x0800090c                RTC_Alarm_IRQHandler
 .text.HAL_MspInit
                0x0800091c       0x30 build/stm32l4xx_hal_msp.o
                0x0800091c                HAL_MspInit
 .text.HAL_RTC_MspInit
                0x0800094c       0x34 build/stm32l4xx_hal_msp.o
                0x0800094c                HAL_RTC_MspInit
 .text.HAL_SPI_MspInit
                0x08000980       0x68 build/stm32l4xx_hal_msp.o
                0x08000980                HAL_SPI_MspInit
 .text.HAL_UART_MspInit
                0x080009e8       0x7c build/stm32l4xx_hal_msp.o
                0x080009e8                HAL_UART_MspInit
 .text.HAL_RTC_AlarmAEventCallback
                0x08000a64        0x2 build/stm32l4xx_hal_rtc.o
                0x08000a64                HAL_RTC_AlarmAEventCallback
 *fill*         0x08000a66        0x2 
 .text.HAL_RTC_AlarmIRQHandler
                0x08000a68       0x60 build/stm32l4xx_hal_rtc.o
                0x08000a68                HAL_RTC_AlarmIRQHandler
 .text.HAL_RTC_WaitForSynchro
                0x08000ac8       0x32 build/stm32l4xx_hal_rtc.o
                0x08000ac8                HAL_RTC_WaitForSynchro
 .text.RTC_EnterInitMode
                0x08000afa       0x44 build/stm32l4xx_hal_rtc.o
                0x08000afa                RTC_EnterInitMode
 *fill*         0x08000b3e        0x2 
 .text.RTC_ExitInitMode
                0x08000b40       0x50 build/stm32l4xx_hal_rtc.o
                0x08000b40                RTC_ExitInitMode
 .text.HAL_RTC_Init
                0x08000b90       0x9a build/stm32l4xx_hal_rtc.o
                0x08000b90                HAL_RTC_Init
 .text.RTC_ByteToBcd2
                0x08000c2a       0x16 build/stm32l4xx_hal_rtc.o
                0x08000c2a                RTC_ByteToBcd2
 .text.HAL_RTC_SetTime
                0x08000c40       0xc8 build/stm32l4xx_hal_rtc.o
                0x08000c40                HAL_RTC_SetTime
 .text.HAL_RTC_SetDate
                0x08000d08       0xa6 build/stm32l4xx_hal_rtc.o
                0x08000d08                HAL_RTC_SetDate
 *fill*         0x08000dae        0x2 
 .text.HAL_RTC_SetAlarm_IT
                0x08000db0      0x1a0 build/stm32l4xx_hal_rtc.o
                0x08000db0                HAL_RTC_SetAlarm_IT
 .text.HAL_RTCEx_AlarmBEventCallback
                0x08000f50        0x2 build/stm32l4xx_hal_rtc_ex.o
                0x08000f50                HAL_RTCEx_AlarmBEventCallback
 *fill*         0x08000f52        0x2 
 .text.HAL_InitTick
                0x08000f54       0x50 build/stm32l4xx_hal.o
                0x08000f54                HAL_InitTick
 .text.HAL_Init
                0x08000fa4       0x2c build/stm32l4xx_hal.o
                0x08000fa4                HAL_Init
 .text.HAL_IncTick
                0x08000fd0       0x18 build/stm32l4xx_hal.o
                0x08000fd0                HAL_IncTick
 .text.HAL_GetTick
                0x08000fe8        0xc build/stm32l4xx_hal.o
                0x08000fe8                HAL_GetTick
 .text.HAL_Delay
                0x08000ff4       0x28 build/stm32l4xx_hal.o
                0x08000ff4                HAL_Delay
 .text.RCC_SetFlashLatencyFromMSIRange
                0x0800101c       0x90 build/stm32l4xx_hal_rcc.o
 .text.HAL_RCC_GetSysClockFreq
                0x080010ac       0xb4 build/stm32l4xx_hal_rcc.o
                0x080010ac                HAL_RCC_GetSysClockFreq
 .text.HAL_RCC_OscConfig
                0x08001160      0x62c build/stm32l4xx_hal_rcc.o
                0x08001160                HAL_RCC_OscConfig
 .text.HAL_RCC_ClockConfig
                0x0800178c      0x15c build/stm32l4xx_hal_rcc.o
                0x0800178c                HAL_RCC_ClockConfig
 .text.HAL_RCC_GetHCLKFreq
                0x080018e8        0xc build/stm32l4xx_hal_rcc.o
                0x080018e8                HAL_RCC_GetHCLKFreq
 .text.HAL_RCC_GetPCLK1Freq
                0x080018f4       0x24 build/stm32l4xx_hal_rcc.o
                0x080018f4                HAL_RCC_GetPCLK1Freq
 .text.HAL_RCC_GetPCLK2Freq
                0x08001918       0x24 build/stm32l4xx_hal_rcc.o
                0x08001918                HAL_RCC_GetPCLK2Freq
 .text.RCCEx_PLLSAI1_Config
                0x0800193c      0x170 build/stm32l4xx_hal_rcc_ex.o
 .text.RCCEx_PLLSAI2_Config
                0x08001aac      0x14c build/stm32l4xx_hal_rcc_ex.o
 .text.HAL_RCCEx_PeriphCLKConfig
                0x08001bf8      0x454 build/stm32l4xx_hal_rcc_ex.o
                0x08001bf8                HAL_RCCEx_PeriphCLKConfig
 .text.HAL_GPIO_Init
                0x0800204c      0x1dc build/stm32l4xx_hal_gpio.o
                0x0800204c                HAL_GPIO_Init
 .text.HAL_GPIO_ReadPin
                0x08002228        0xe build/stm32l4xx_hal_gpio.o
                0x08002228                HAL_GPIO_ReadPin
 .text.HAL_GPIO_WritePin
                0x08002236        0xa build/stm32l4xx_hal_gpio.o
                0x08002236                HAL_GPIO_WritePin
 .text.HAL_GPIO_EXTI_IRQHandler
                0x08002240       0x1c build/stm32l4xx_hal_gpio.o
                0x08002240                HAL_GPIO_EXTI_IRQHandler
 .text.HAL_PWREx_GetVoltageRange
                0x0800225c       0x10 build/stm32l4xx_hal_pwr_ex.o
                0x0800225c                HAL_PWREx_GetVoltageRange
 .text.HAL_PWREx_ControlVoltageScaling
                0x0800226c       0x90 build/stm32l4xx_hal_pwr_ex.o
                0x0800226c                HAL_PWREx_ControlVoltageScaling
 .text.HAL_NVIC_SetPriorityGrouping
                0x080022fc       0x24 build/stm32l4xx_hal_cortex.o
                0x080022fc                HAL_NVIC_SetPriorityGrouping
 .text.HAL_NVIC_SetPriority
                0x08002320       0x70 build/stm32l4xx_hal_cortex.o
                0x08002320                HAL_NVIC_SetPriority
 .text.HAL_NVIC_EnableIRQ
                0x08002390       0x1c build/stm32l4xx_hal_cortex.o
                0x08002390                HAL_NVIC_EnableIRQ
 .text.HAL_SYSTICK_Config
                0x080023ac       0x28 build/stm32l4xx_hal_cortex.o
                0x080023ac                HAL_SYSTICK_Config
 .text.SPI_WaitFlagStateUntilTimeout
                0x080023d4       0xd4 build/stm32l4xx_hal_spi.o
 .text.SPI_WaitFifoStateUntilTimeout
                0x080024a8       0xe0 build/stm32l4xx_hal_spi.o
 .text.SPI_EndRxTxTransaction
                0x08002588       0x62 build/stm32l4xx_hal_spi.o
 .text.HAL_SPI_Init
                0x080025ea       0xde build/stm32l4xx_hal_spi.o
                0x080025ea                HAL_SPI_Init
 .text.HAL_SPI_TransmitReceive
                0x080026c8      0x2de build/stm32l4xx_hal_spi.o
                0x080026c8                HAL_SPI_TransmitReceive
 *fill*         0x080029a6        0x2 
 .text.UART_SetConfig
                0x080029a8      0x328 build/stm32l4xx_hal_uart.o
                0x080029a8                UART_SetConfig
 .text.UART_AdvFeatureConfig
                0x08002cd0       0xca build/stm32l4xx_hal_uart.o
                0x08002cd0                UART_AdvFeatureConfig
 .text.UART_WaitOnFlagUntilTimeout
                0x08002d9a       0xa6 build/stm32l4xx_hal_uart.o
                0x08002d9a                UART_WaitOnFlagUntilTimeout
 .text.HAL_UART_Transmit
                0x08002e40       0xd6 build/stm32l4xx_hal_uart.o
                0x08002e40                HAL_UART_Transmit
 .text.UART_CheckIdleState
                0x08002f16       0x6c build/stm32l4xx_hal_uart.o
                0x08002f16                UART_CheckIdleState
 .text.HAL_UART_Init
                0x08002f82       0x62 build/stm32l4xx_hal_uart.o
                0x08002f82                HAL_UART_Init
 .text.SystemInit
                0x08002fe4       0x48 build/system_stm32l4xx.o
                0x08002fe4                SystemInit
 .text.sx126x_init
                0x0800302c       0x28 build/sx126x_driver.o
                0x0800302c                sx126x_init
 .text.sx126x_test
                0x08003054       0xac build/sx126x_driver.o
                0x08003054                sx126x_test
 .text.GpioInit
                0x08003100       0x16 build/gpio.o
                0x08003100                GpioInit
 .text.GpioWrite
                0x08003116        0x8 build/gpio.o
                0x08003116                GpioWrite
 .text.GpioRead
                0x0800311e        0x8 build/gpio.o
                0x0800311e                GpioRead
 .text.SX126xCheckDeviceReady
                0x08003126       0x1e build/sx126x.o
                0x08003126                SX126xCheckDeviceReady
 .text.SpiInit  0x08003144       0x46 build/spi-board.o
                0x08003144                SpiInit
 *fill*         0x0800318a        0x2 
 .text.SpiInOut
                0x0800318c       0x3c build/spi-board.o
                0x0800318c                SpiInOut
 .text.SX126xIoInit
                0x080031c8       0x58 build/sx126x-board.o
                0x080031c8                SX126xIoInit
 .text.SX126xGetOperatingMode
                0x08003220        0xc build/sx126x-board.o
                0x08003220                SX126xGetOperatingMode
 .text.SX126xSetOperatingMode
                0x0800322c        0xc build/sx126x-board.o
                0x0800322c                SX126xSetOperatingMode
 .text.SX126xWaitOnBusy
                0x08003238       0x14 build/sx126x-board.o
                0x08003238                SX126xWaitOnBusy
 .text.SX126xWakeup
                0x0800324c       0x38 build/sx126x-board.o
                0x0800324c                SX126xWakeup
 .text.SX126xWriteRegisters
                0x08003284       0x5c build/sx126x-board.o
                0x08003284                SX126xWriteRegisters
 .text.SX126xWriteRegister
                0x080032e0       0x18 build/sx126x-board.o
                0x080032e0                SX126xWriteRegister
 .text.SX126xReadRegisters
                0x080032f8       0x64 build/sx126x-board.o
                0x080032f8                SX126xReadRegisters
 .text.SX126xReadRegister
                0x0800335c       0x18 build/sx126x-board.o
                0x0800335c                SX126xReadRegister
 .text.SX126xAntSwOn
                0x08003374       0x20 build/sx126x-board.o
                0x08003374                SX126xAntSwOn
 .text.GpioMcuWrite
                0x08003394       0x1c build/gpio-board.o
                0x08003394                GpioMcuWrite
 .text.GpioMcuInit
                0x080033b0      0x148 build/gpio-board.o
                0x080033b0                GpioMcuInit
 .text.GpioMcuRead
                0x080034f8       0x22 build/gpio-board.o
                0x080034f8                GpioMcuRead
 *fill*         0x0800351a        0x2 
 .text.HAL_GPIO_EXTI_Callback
                0x0800351c       0x30 build/gpio-board.o
                0x0800351c                HAL_GPIO_EXTI_Callback
 .text.Reset_Handler
                0x0800354c       0x50 build/startup_stm32l476xx.o
                0x0800354c                Reset_Handler
 .text.Default_Handler
                0x0800359c        0x2 build/startup_stm32l476xx.o
                0x0800359c                EXTI2_IRQHandler
                0x0800359c                TIM8_TRG_COM_IRQHandler
                0x0800359c                TIM8_CC_IRQHandler
                0x0800359c                TIM1_CC_IRQHandler
                0x0800359c                TSC_IRQHandler
                0x0800359c                TAMP_STAMP_IRQHandler
                0x0800359c                EXTI3_IRQHandler
                0x0800359c                LPTIM2_IRQHandler
                0x0800359c                DFSDM1_FLT1_IRQHandler
                0x0800359c                I2C3_ER_IRQHandler
                0x0800359c                DFSDM1_FLT2_IRQHandler
                0x0800359c                EXTI0_IRQHandler
                0x0800359c                I2C2_EV_IRQHandler
                0x0800359c                CAN1_RX0_IRQHandler
                0x0800359c                FPU_IRQHandler
                0x0800359c                TIM1_UP_TIM16_IRQHandler
                0x0800359c                ADC1_2_IRQHandler
                0x0800359c                SPI1_IRQHandler
                0x0800359c                TIM6_DAC_IRQHandler
                0x0800359c                TIM8_UP_IRQHandler
                0x0800359c                DMA2_Channel2_IRQHandler
                0x0800359c                DMA1_Channel4_IRQHandler
                0x0800359c                SAI2_IRQHandler
                0x0800359c                DFSDM1_FLT3_IRQHandler
                0x0800359c                USART3_IRQHandler
                0x0800359c                DMA1_Channel7_IRQHandler
                0x0800359c                CAN1_RX1_IRQHandler
                0x0800359c                LCD_IRQHandler
                0x0800359c                UART5_IRQHandler
                0x0800359c                ADC3_IRQHandler
                0x0800359c                TIM4_IRQHandler
                0x0800359c                DMA2_Channel1_IRQHandler
                0x0800359c                QUADSPI_IRQHandler
                0x0800359c                I2C1_EV_IRQHandler
                0x0800359c                DMA1_Channel6_IRQHandler
                0x0800359c                UART4_IRQHandler
                0x0800359c                DMA2_Channel4_IRQHandler
                0x0800359c                TIM3_IRQHandler
                0x0800359c                RCC_IRQHandler
                0x0800359c                DMA1_Channel1_IRQHandler
                0x0800359c                Default_Handler
                0x0800359c                DMA2_Channel7_IRQHandler
                0x0800359c                TIM7_IRQHandler
                0x0800359c                SDMMC1_IRQHandler
                0x0800359c                TIM5_IRQHandler
                0x0800359c                I2C3_EV_IRQHandler
                0x0800359c                EXTI9_5_IRQHandler
                0x0800359c                RTC_WKUP_IRQHandler
                0x0800359c                PVD_PVM_IRQHandler
                0x0800359c                SPI2_IRQHandler
                0x0800359c                CAN1_TX_IRQHandler
                0x0800359c                DMA2_Channel5_IRQHandler
                0x0800359c                DMA1_Channel5_IRQHandler
                0x0800359c                RNG_IRQHandler
                0x0800359c                TIM1_TRG_COM_TIM17_IRQHandler
                0x0800359c                DMA1_Channel3_IRQHandler
                0x0800359c                COMP_IRQHandler
                0x0800359c                WWDG_IRQHandler
                0x0800359c                LPUART1_IRQHandler
                0x0800359c                DMA2_Channel6_IRQHandler
                0x0800359c                TIM2_IRQHandler
                0x0800359c                EXTI1_IRQHandler
                0x0800359c                USART2_IRQHandler
                0x0800359c                DFSDM1_FLT0_IRQHandler
                0x0800359c                I2C2_ER_IRQHandler
                0x0800359c                DMA1_Channel2_IRQHandler
                0x0800359c                TIM8_BRK_IRQHandler
                0x0800359c                CAN1_SCE_IRQHandler
                0x0800359c                FLASH_IRQHandler
                0x0800359c                USART1_IRQHandler
                0x0800359c                OTG_FS_IRQHandler
                0x0800359c                SPI3_IRQHandler
                0x0800359c                I2C1_ER_IRQHandler
                0x0800359c                FMC_IRQHandler
                0x0800359c                SWPMI1_IRQHandler
                0x0800359c                LPTIM1_IRQHandler
                0x0800359c                SAI1_IRQHandler
                0x0800359c                DMA2_Channel3_IRQHandler
                0x0800359c                TIM1_BRK_TIM15_IRQHandler
 *fill*         0x0800359e        0x2 
 .text.__libc_init_array
                0x080035a0       0x48 c:/gnu arm embedded toolchain/10 2020-q4-major/bin/../lib/gcc/arm-none-eabi/10.2.1/../../../../arm-none-eabi/lib/thumb/v7e-m+fp/hard\libc_nano.a(lib_a-init.o)
                0x080035a0                __libc_init_array
 .text.memset   0x080035e8       0x10 c:/gnu arm embedded toolchain/10 2020-q4-major/bin/../lib/gcc/arm-none-eabi/10.2.1/../../../../arm-none-eabi/lib/thumb/v7e-m+fp/hard\libc_nano.a(lib_a-memset.o)
                0x080035e8                memset
 .text.printf   0x080035f8       0x30 c:/gnu arm embedded toolchain/10 2020-q4-major/bin/../lib/gcc/arm-none-eabi/10.2.1/../../../../arm-none-eabi/lib/thumb/v7e-m+fp/hard\libc_nano.a(lib_a-printf.o)
                0x080035f8                iprintf
                0x080035f8                printf
 .text._puts_r  0x08003628       0xdc c:/gnu arm embedded toolchain/10 2020-q4-major/bin/../lib/gcc/arm-none-eabi/10.2.1/../../../../arm-none-eabi/lib/thumb/v7e-m+fp/hard\libc_nano.a(lib_a-puts.o)
                0x08003628                _puts_r
 .text.puts     0x08003704       0x10 c:/gnu arm embedded toolchain/10 2020-q4-major/bin/../lib/gcc/arm-none-eabi/10.2.1/../../../../arm-none-eabi/lib/thumb/v7e-m+fp/hard\libc_nano.a(lib_a-puts.o)
                0x08003704                puts
 .text.sprintf  0x08003714       0x40 c:/gnu arm embedded toolchain/10 2020-q4-major/bin/../lib/gcc/arm-none-eabi/10.2.1/../../../../arm-none-eabi/lib/thumb/v7e-m+fp/hard\libc_nano.a(lib_a-sprintf.o)
                0x08003714                siprintf
                0x08003714                sprintf
 .text.__swbuf_r
                0x08003754       0xa4 c:/gnu arm embedded toolchain/10 2020-q4-major/bin/../lib/gcc/arm-none-eabi/10.2.1/../../../../arm-none-eabi/lib/thumb/v7e-m+fp/hard\libc_nano.a(lib_a-wbuf.o)
                0x08003754                __swbuf_r
 .text.__swsetup_r
                0x080037f8       0xdc c:/gnu arm embedded toolchain/10 2020-q4-major/bin/../lib/gcc/arm-none-eabi/10.2.1/../../../../arm-none-eabi/lib/thumb/v7e-m+fp/hard\libc_nano.a(lib_a-wsetup.o)
                0x080037f8                __swsetup_r
 .text.__sflush_r
                0x080038d4      0x10c c:/gnu arm embedded toolchain/10 2020-q4-major/bin/../lib/gcc/arm-none-eabi/10.2.1/../../../../arm-none-eabi/lib/thumb/v7e-m+fp/hard\libc_nano.a(lib_a-fflush.o)
                0x080038d4                __sflush_r
 .text._fflush_r
                0x080039e0       0x78 c:/gnu arm embedded toolchain/10 2020-q4-major/bin/../lib/gcc/arm-none-eabi/10.2.1/../../../../arm-none-eabi/lib/thumb/v7e-m+fp/hard\libc_nano.a(lib_a-fflush.o)
                0x080039e0                _fflush_r
 .text.std      0x08003a58       0x48 c:/gnu arm embedded toolchain/10 2020-q4-major/bin/../lib/gcc/arm-none-eabi/10.2.1/../../../../arm-none-eabi/lib/thumb/v7e-m+fp/hard\libc_nano.a(lib_a-findfp.o)
 .text._cleanup_r
                0x08003aa0        0xc c:/gnu arm embedded toolchain/10 2020-q4-major/bin/../lib/gcc/arm-none-eabi/10.2.1/../../../../arm-none-eabi/lib/thumb/v7e-m+fp/hard\libc_nano.a(lib_a-findfp.o)
                0x08003aa0                _cleanup_r
 .text.__sfmoreglue
                0x08003aac       0x2c c:/gnu arm embedded toolchain/10 2020-q4-major/bin/../lib/gcc/arm-none-eabi/10.2.1/../../../../arm-none-eabi/lib/thumb/v7e-m+fp/hard\libc_nano.a(lib_a-findfp.o)
                0x08003aac                __sfmoreglue
 .text.__sfp_lock_acquire
                0x08003ad8        0xc c:/gnu arm embedded toolchain/10 2020-q4-major/bin/../lib/gcc/arm-none-eabi/10.2.1/../../../../arm-none-eabi/lib/thumb/v7e-m+fp/hard\libc_nano.a(lib_a-findfp.o)
                0x08003ad8                __sfp_lock_acquire
 .text.__sfp_lock_release
                0x08003ae4        0xc c:/gnu arm embedded toolchain/10 2020-q4-major/bin/../lib/gcc/arm-none-eabi/10.2.1/../../../../arm-none-eabi/lib/thumb/v7e-m+fp/hard\libc_nano.a(lib_a-findfp.o)
                0x08003ae4                __sfp_lock_release
 .text.__sinit_lock_acquire
                0x08003af0        0xc c:/gnu arm embedded toolchain/10 2020-q4-major/bin/../lib/gcc/arm-none-eabi/10.2.1/../../../../arm-none-eabi/lib/thumb/v7e-m+fp/hard\libc_nano.a(lib_a-findfp.o)
                0x08003af0                __sinit_lock_acquire
 .text.__sinit_lock_release
                0x08003afc        0xc c:/gnu arm embedded toolchain/10 2020-q4-major/bin/../lib/gcc/arm-none-eabi/10.2.1/../../../../arm-none-eabi/lib/thumb/v7e-m+fp/hard\libc_nano.a(lib_a-findfp.o)
                0x08003afc                __sinit_lock_release
 .text.__sinit  0x08003b08       0x70 c:/gnu arm embedded toolchain/10 2020-q4-major/bin/../lib/gcc/arm-none-eabi/10.2.1/../../../../arm-none-eabi/lib/thumb/v7e-m+fp/hard\libc_nano.a(lib_a-findfp.o)
                0x08003b08                __sinit
 .text.__sfp    0x08003b78       0x8c c:/gnu arm embedded toolchain/10 2020-q4-major/bin/../lib/gcc/arm-none-eabi/10.2.1/../../../../arm-none-eabi/lib/thumb/v7e-m+fp/hard\libc_nano.a(lib_a-findfp.o)
                0x08003b78                __sfp
 .text._fwalk_reent
                0x08003c04       0x3e c:/gnu arm embedded toolchain/10 2020-q4-major/bin/../lib/gcc/arm-none-eabi/10.2.1/../../../../arm-none-eabi/lib/thumb/v7e-m+fp/hard\libc_nano.a(lib_a-fwalk.o)
                0x08003c04                _fwalk_reent
 .text.__retarget_lock_init_recursive
                0x08003c42        0x2 c:/gnu arm embedded toolchain/10 2020-q4-major/bin/../lib/gcc/arm-none-eabi/10.2.1/../../../../arm-none-eabi/lib/thumb/v7e-m+fp/hard\libc_nano.a(lib_a-lock.o)
                0x08003c42                __retarget_lock_init_recursive
 .text.__retarget_lock_acquire_recursive
                0x08003c44        0x2 c:/gnu arm embedded toolchain/10 2020-q4-major/bin/../lib/gcc/arm-none-eabi/10.2.1/../../../../arm-none-eabi/lib/thumb/v7e-m+fp/hard\libc_nano.a(lib_a-lock.o)
                0x08003c44                __retarget_lock_acquire_recursive
 .text.__retarget_lock_release_recursive
                0x08003c46        0x2 c:/gnu arm embedded toolchain/10 2020-q4-major/bin/../lib/gcc/arm-none-eabi/10.2.1/../../../../arm-none-eabi/lib/thumb/v7e-m+fp/hard\libc_nano.a(lib_a-lock.o)
                0x08003c46                __retarget_lock_release_recursive
 .text.__swhatbuf_r
                0x08003c48       0x4a c:/gnu arm embedded toolchain/10 2020-q4-major/bin/../lib/gcc/arm-none-eabi/10.2.1/../../../../arm-none-eabi/lib/thumb/v7e-m+fp/hard\libc_nano.a(lib_a-makebuf.o)
                0x08003c48                __swhatbuf_r
 *fill*         0x08003c92        0x2 
 .text.__smakebuf_r
                0x08003c94       0x80 c:/gnu arm embedded toolchain/10 2020-q4-major/bin/../lib/gcc/arm-none-eabi/10.2.1/../../../../arm-none-eabi/lib/thumb/v7e-m+fp/hard\libc_nano.a(lib_a-makebuf.o)
                0x08003c94                __smakebuf_r
 .text._free_r  0x08003d14       0x98 c:/gnu arm embedded toolchain/10 2020-q4-major/bin/../lib/gcc/arm-none-eabi/10.2.1/../../../../arm-none-eabi/lib/thumb/v7e-m+fp/hard\libc_nano.a(lib_a-nano-freer.o)
                0x08003d14                _free_r
 .text._malloc_r
                0x08003dac       0xb4 c:/gnu arm embedded toolchain/10 2020-q4-major/bin/../lib/gcc/arm-none-eabi/10.2.1/../../../../arm-none-eabi/lib/thumb/v7e-m+fp/hard\libc_nano.a(lib_a-nano-mallocr.o)
                0x08003dac                _malloc_r
 .text.__ssputs_r
                0x08003e60       0xb6 c:/gnu arm embedded toolchain/10 2020-q4-major/bin/../lib/gcc/arm-none-eabi/10.2.1/../../../../arm-none-eabi/lib/thumb/v7e-m+fp/hard\libc_nano.a(lib_a-nano-svfprintf.o)
                0x08003e60                __ssputs_r
 *fill*         0x08003f16        0x2 
 .text._svfprintf_r
                0x08003f18      0x200 c:/gnu arm embedded toolchain/10 2020-q4-major/bin/../lib/gcc/arm-none-eabi/10.2.1/../../../../arm-none-eabi/lib/thumb/v7e-m+fp/hard\libc_nano.a(lib_a-nano-svfprintf.o)
                0x08003f18                _svfiprintf_r
                0x08003f18                _svfprintf_r
 .text.__sfputc_r
                0x08004118       0x2e c:/gnu arm embedded toolchain/10 2020-q4-major/bin/../lib/gcc/arm-none-eabi/10.2.1/../../../../arm-none-eabi/lib/thumb/v7e-m+fp/hard\libc_nano.a(lib_a-nano-vfprintf.o)
 .text.__sfputs_r
                0x08004146       0x24 c:/gnu arm embedded toolchain/10 2020-q4-major/bin/../lib/gcc/arm-none-eabi/10.2.1/../../../../arm-none-eabi/lib/thumb/v7e-m+fp/hard\libc_nano.a(lib_a-nano-vfprintf.o)
                0x08004146                __sfputs_r
 *fill*         0x0800416a        0x2 
 .text._vfprintf_r
                0x0800416c      0x260 c:/gnu arm embedded toolchain/10 2020-q4-major/bin/../lib/gcc/arm-none-eabi/10.2.1/../../../../arm-none-eabi/lib/thumb/v7e-m+fp/hard\libc_nano.a(lib_a-nano-vfprintf.o)
                0x0800416c                _vfprintf_r
                0x0800416c                _vfiprintf_r
 .text._printf_common
                0x080043cc       0xda c:/gnu arm embedded toolchain/10 2020-q4-major/bin/../lib/gcc/arm-none-eabi/10.2.1/../../../../arm-none-eabi/lib/thumb/v7e-m+fp/hard\libc_nano.a(lib_a-nano-vfprintf_i.o)
                0x080043cc                _printf_common
 *fill*         0x080044a6        0x2 
 .text._printf_i
                0x080044a8      0x24c c:/gnu arm embedded toolchain/10 2020-q4-major/bin/../lib/gcc/arm-none-eabi/10.2.1/../../../../arm-none-eabi/lib/thumb/v7e-m+fp/hard\libc_nano.a(lib_a-nano-vfprintf_i.o)
                0x080044a8                _printf_i
 .text._sbrk_r  0x080046f4       0x20 c:/gnu arm embedded toolchain/10 2020-q4-major/bin/../lib/gcc/arm-none-eabi/10.2.1/../../../../arm-none-eabi/lib/thumb/v7e-m+fp/hard\libc_nano.a(lib_a-sbrkr.o)
                0x080046f4                _sbrk_r
 .text.__sread  0x08004714       0x22 c:/gnu arm embedded toolchain/10 2020-q4-major/bin/../lib/gcc/arm-none-eabi/10.2.1/../../../../arm-none-eabi/lib/thumb/v7e-m+fp/hard\libc_nano.a(lib_a-stdio.o)
                0x08004714                __sread
 .text.__swrite
                0x08004736       0x38 c:/gnu arm embedded toolchain/10 2020-q4-major/bin/../lib/gcc/arm-none-eabi/10.2.1/../../../../arm-none-eabi/lib/thumb/v7e-m+fp/hard\libc_nano.a(lib_a-stdio.o)
                0x08004736                __swrite
 .text.__sseek  0x0800476e       0x24 c:/gnu arm embedded toolchain/10 2020-q4-major/bin/../lib/gcc/arm-none-eabi/10.2.1/../../../../arm-none-eabi/lib/thumb/v7e-m+fp/hard\libc_nano.a(lib_a-stdio.o)
                0x0800476e                __sseek
 .text.__sclose
                0x08004792        0x8 c:/gnu arm embedded toolchain/10 2020-q4-major/bin/../lib/gcc/arm-none-eabi/10.2.1/../../../../arm-none-eabi/lib/thumb/v7e-m+fp/hard\libc_nano.a(lib_a-stdio.o)
                0x08004792                __sclose
 *fill*         0x0800479a        0x2 
 .text._write_r
                0x0800479c       0x24 c:/gnu arm embedded toolchain/10 2020-q4-major/bin/../lib/gcc/arm-none-eabi/10.2.1/../../../../arm-none-eabi/lib/thumb/v7e-m+fp/hard\libc_nano.a(lib_a-writer.o)
                0x0800479c                _write_r
 .text._close_r
                0x080047c0       0x20 c:/gnu arm embedded toolchain/10 2020-q4-major/bin/../lib/gcc/arm-none-eabi/10.2.1/../../../../arm-none-eabi/lib/thumb/v7e-m+fp/hard\libc_nano.a(lib_a-closer.o)
                0x080047c0                _close_r
 .text._fstat_r
                0x080047e0       0x24 c:/gnu arm embedded toolchain/10 2020-q4-major/bin/../lib/gcc/arm-none-eabi/10.2.1/../../../../arm-none-eabi/lib/thumb/v7e-m+fp/hard\libc_nano.a(lib_a-fstatr.o)
                0x080047e0                _fstat_r
 .text._isatty_r
                0x08004804       0x20 c:/gnu arm embedded toolchain/10 2020-q4-major/bin/../lib/gcc/arm-none-eabi/10.2.1/../../../../arm-none-eabi/lib/thumb/v7e-m+fp/hard\libc_nano.a(lib_a-isattyr.o)
                0x08004804                _isatty_r
 .text._lseek_r
                0x08004824       0x24 c:/gnu arm embedded toolchain/10 2020-q4-major/bin/../lib/gcc/arm-none-eabi/10.2.1/../../../../arm-none-eabi/lib/thumb/v7e-m+fp/hard\libc_nano.a(lib_a-lseekr.o)
                0x08004824                _lseek_r
 .text.memcpy   0x08004848       0x1c c:/gnu arm embedded toolchain/10 2020-q4-major/bin/../lib/gcc/arm-none-eabi/10.2.1/../../../../arm-none-eabi/lib/thumb/v7e-m+fp/hard\libc_nano.a(lib_a-memcpy-stub.o)
                0x08004848                memcpy
 .text.memmove  0x08004864       0x34 c:/gnu arm embedded toolchain/10 2020-q4-major/bin/../lib/gcc/arm-none-eabi/10.2.1/../../../../arm-none-eabi/lib/thumb/v7e-m+fp/hard\libc_nano.a(lib_a-memmove.o)
                0x08004864                memmove
 .text.__malloc_lock
                0x08004898        0xc c:/gnu arm embedded toolchain/10 2020-q4-major/bin/../lib/gcc/arm-none-eabi/10.2.1/../../../../arm-none-eabi/lib/thumb/v7e-m+fp/hard\libc_nano.a(lib_a-mlock.o)
                0x08004898                __malloc_lock
 .text.__malloc_unlock
                0x080048a4        0xc c:/gnu arm embedded toolchain/10 2020-q4-major/bin/../lib/gcc/arm-none-eabi/10.2.1/../../../../arm-none-eabi/lib/thumb/v7e-m+fp/hard\libc_nano.a(lib_a-mlock.o)
                0x080048a4                __malloc_unlock
 .text._realloc_r
                0x080048b0       0x4c c:/gnu arm embedded toolchain/10 2020-q4-major/bin/../lib/gcc/arm-none-eabi/10.2.1/../../../../arm-none-eabi/lib/thumb/v7e-m+fp/hard\libc_nano.a(lib_a-nano-reallocr.o)
                0x080048b0                _realloc_r
 .text._read_r  0x080048fc       0x24 c:/gnu arm embedded toolchain/10 2020-q4-major/bin/../lib/gcc/arm-none-eabi/10.2.1/../../../../arm-none-eabi/lib/thumb/v7e-m+fp/hard\libc_nano.a(lib_a-readr.o)
                0x080048fc                _read_r
 .text._malloc_usable_size_r
                0x08004920       0x10 c:/gnu arm embedded toolchain/10 2020-q4-major/bin/../lib/gcc/arm-none-eabi/10.2.1/../../../../arm-none-eabi/lib/thumb/v7e-m+fp/hard\libc_nano.a(lib_a-nano-msizer.o)
                0x08004920                _malloc_usable_size_r
 .text._close   0x08004930       0x10 c:/gnu arm embedded toolchain/10 2020-q4-major/bin/../lib/gcc/arm-none-eabi/10.2.1/../../../../arm-none-eabi/lib/thumb/v7e-m+fp/hard\libnosys.a(close.o)
                0x08004930                _close
 .text._fstat   0x08004940       0x10 c:/gnu arm embedded toolchain/10 2020-q4-major/bin/../lib/gcc/arm-none-eabi/10.2.1/../../../../arm-none-eabi/lib/thumb/v7e-m+fp/hard\libnosys.a(fstat.o)
                0x08004940                _fstat
 .text._isatty  0x08004950       0x10 c:/gnu arm embedded toolchain/10 2020-q4-major/bin/../lib/gcc/arm-none-eabi/10.2.1/../../../../arm-none-eabi/lib/thumb/v7e-m+fp/hard\libnosys.a(isatty.o)
                0x08004950                _isatty
 .text._lseek   0x08004960       0x10 c:/gnu arm embedded toolchain/10 2020-q4-major/bin/../lib/gcc/arm-none-eabi/10.2.1/../../../../arm-none-eabi/lib/thumb/v7e-m+fp/hard\libnosys.a(lseek.o)
                0x08004960                _lseek
 .text._read    0x08004970       0x10 c:/gnu arm embedded toolchain/10 2020-q4-major/bin/../lib/gcc/arm-none-eabi/10.2.1/../../../../arm-none-eabi/lib/thumb/v7e-m+fp/hard\libnosys.a(read.o)
                0x08004970                _read
 .text._sbrk    0x08004980       0x1c c:/gnu arm embedded toolchain/10 2020-q4-major/bin/../lib/gcc/arm-none-eabi/10.2.1/../../../../arm-none-eabi/lib/thumb/v7e-m+fp/hard\libnosys.a(sbrk.o)
                0x08004980                _sbrk
 *(.glue_7)
 .glue_7        0x0800499c        0x0 linker stubs
 *(.glue_7t)
 .glue_7t       0x0800499c        0x0 linker stubs
 *(.eh_frame)
 .eh_frame      0x0800499c        0x0 c:/gnu arm embedded toolchain/10 2020-q4-major/bin/../lib/gcc/arm-none-eabi/10.2.1/thumb/v7e-m+fp/hard/crtbegin.o
 *(.init)
 .init          0x0800499c        0x4 c:/gnu arm embedded toolchain/10 2020-q4-major/bin/../lib/gcc/arm-none-eabi/10.2.1/thumb/v7e-m+fp/hard/crti.o
                0x0800499c                _init
 .init          0x080049a0        0x8 c:/gnu arm embedded toolchain/10 2020-q4-major/bin/../lib/gcc/arm-none-eabi/10.2.1/thumb/v7e-m+fp/hard/crtn.o
 *(.fini)
 .fini          0x080049a8        0x4 c:/gnu arm embedded toolchain/10 2020-q4-major/bin/../lib/gcc/arm-none-eabi/10.2.1/thumb/v7e-m+fp/hard/crti.o
                0x080049a8                _fini
 .fini          0x080049ac        0x8 c:/gnu arm embedded toolchain/10 2020-q4-major/bin/../lib/gcc/arm-none-eabi/10.2.1/thumb/v7e-m+fp/hard/crtn.o
                0x080049b8                . = ALIGN (0x8)
 *fill*         0x080049b4        0x4 
                0x080049b8                _etext = .

.vfp11_veneer   0x080049b8        0x0
 .vfp11_veneer  0x080049b8        0x0 linker stubs

.v4_bx          0x080049b8        0x0
 .v4_bx         0x080049b8        0x0 linker stubs

.iplt           0x080049b8        0x0
 .iplt          0x080049b8        0x0 c:/gnu arm embedded toolchain/10 2020-q4-major/bin/../lib/gcc/arm-none-eabi/10.2.1/thumb/v7e-m+fp/hard/crtbegin.o

.rodata         0x080049b8      0x178
                0x080049b8                . = ALIGN (0x8)
 *(.rodata)
 *(.rodata*)
 .rodata.main.str1.4
                0x080049b8       0x17 build/main.o
 *fill*         0x080049cf        0x1 
 .rodata.AHBPrescTable
                0x080049d0       0x10 build/system_stm32l4xx.o
                0x080049d0                AHBPrescTable
 .rodata.APBPrescTable
                0x080049e0        0x8 build/system_stm32l4xx.o
                0x080049e0                APBPrescTable
 .rodata.MSIRangeTable
                0x080049e8       0x30 build/system_stm32l4xx.o
                0x080049e8                MSIRangeTable
 .rodata.sx126x_test.str1.4
                0x08004a18       0x7e build/sx126x_driver.o
 *fill*         0x08004a96        0x2 
 .rodata._global_impure_ptr
                0x08004a98        0x4 c:/gnu arm embedded toolchain/10 2020-q4-major/bin/../lib/gcc/arm-none-eabi/10.2.1/../../../../arm-none-eabi/lib/thumb/v7e-m+fp/hard\libc_nano.a(lib_a-impure.o)
                0x08004a98                _global_impure_ptr
 .rodata.__sf_fake_stderr
                0x08004a9c       0x20 c:/gnu arm embedded toolchain/10 2020-q4-major/bin/../lib/gcc/arm-none-eabi/10.2.1/../../../../arm-none-eabi/lib/thumb/v7e-m+fp/hard\libc_nano.a(lib_a-findfp.o)
                0x08004a9c                __sf_fake_stderr
 .rodata.__sf_fake_stdin
                0x08004abc       0x20 c:/gnu arm embedded toolchain/10 2020-q4-major/bin/../lib/gcc/arm-none-eabi/10.2.1/../../../../arm-none-eabi/lib/thumb/v7e-m+fp/hard\libc_nano.a(lib_a-findfp.o)
                0x08004abc                __sf_fake_stdin
 .rodata.__sf_fake_stdout
                0x08004adc       0x20 c:/gnu arm embedded toolchain/10 2020-q4-major/bin/../lib/gcc/arm-none-eabi/10.2.1/../../../../arm-none-eabi/lib/thumb/v7e-m+fp/hard\libc_nano.a(lib_a-findfp.o)
                0x08004adc                __sf_fake_stdout
 .rodata._svfprintf_r.str1.1
                0x08004afc       0x11 c:/gnu arm embedded toolchain/10 2020-q4-major/bin/../lib/gcc/arm-none-eabi/10.2.1/../../../../arm-none-eabi/lib/thumb/v7e-m+fp/hard\libc_nano.a(lib_a-nano-svfprintf.o)
 .rodata._vfprintf_r.str1.1
                0x08004b0d       0x11 c:/gnu arm embedded toolchain/10 2020-q4-major/bin/../lib/gcc/arm-none-eabi/10.2.1/../../../../arm-none-eabi/lib/thumb/v7e-m+fp/hard\libc_nano.a(lib_a-nano-vfprintf.o)
 .rodata._printf_i.str1.1
                0x08004b0d       0x22 c:/gnu arm embedded toolchain/10 2020-q4-major/bin/../lib/gcc/arm-none-eabi/10.2.1/../../../../arm-none-eabi/lib/thumb/v7e-m+fp/hard\libc_nano.a(lib_a-nano-vfprintf_i.o)
                0x08004b30                . = ALIGN (0x8)
 *fill*         0x08004b2f        0x1 

.ARM.extab      0x08004b30        0x0
                0x08004b30                . = ALIGN (0x8)
 *(.ARM.extab* .gnu.linkonce.armextab.*)
                0x08004b30                . = ALIGN (0x8)

.ARM            0x08004b30        0x8
                0x08004b30                . = ALIGN (0x8)
                0x08004b30                __exidx_start = .
 *(.ARM.exidx*)
 .ARM.exidx     0x08004b30        0x8 c:/gnu arm embedded toolchain/10 2020-q4-major/bin/../lib/gcc/arm-none-eabi/10.2.1/thumb/v7e-m+fp/hard\libgcc.a(_udivmoddi4.o)
                0x08004b38                __exidx_end = .
                0x08004b38                . = ALIGN (0x8)

.rel.dyn        0x08004b38        0x0
 .rel.iplt      0x08004b38        0x0 c:/gnu arm embedded toolchain/10 2020-q4-major/bin/../lib/gcc/arm-none-eabi/10.2.1/thumb/v7e-m+fp/hard/crtbegin.o

.preinit_array  0x08004b38        0x0
                0x08004b38                . = ALIGN (0x8)
                0x08004b38                PROVIDE (__preinit_array_start = .)
 *(.preinit_array*)
                0x08004b38                PROVIDE (__preinit_array_end = .)
                0x08004b38                . = ALIGN (0x8)

.init_array     0x08004b38        0x8
                0x08004b38                . = ALIGN (0x8)
                0x08004b38                PROVIDE (__init_array_start = .)
 *(SORT_BY_NAME(.init_array.*))
 *(.init_array*)
 .init_array    0x08004b38        0x4 c:/gnu arm embedded toolchain/10 2020-q4-major/bin/../lib/gcc/arm-none-eabi/10.2.1/thumb/v7e-m+fp/hard/crtbegin.o
                0x08004b3c                PROVIDE (__init_array_end = .)
                0x08004b40                . = ALIGN (0x8)
 *fill*         0x08004b3c        0x4 

.fini_array     0x08004b40        0x8
                0x08004b40                . = ALIGN (0x8)
                [!provide]                PROVIDE (__fini_array_start = .)
 *(SORT_BY_NAME(.fini_array.*))
 *(.fini_array*)
 .fini_array    0x08004b40        0x4 c:/gnu arm embedded toolchain/10 2020-q4-major/bin/../lib/gcc/arm-none-eabi/10.2.1/thumb/v7e-m+fp/hard/crtbegin.o
                [!provide]                PROVIDE (__fini_array_end = .)
                0x08004b48                . = ALIGN (0x8)
 *fill*         0x08004b44        0x4 
                0x08004b48                _sidata = LOADADDR (.data)

.data           0x20000000       0x70 load address 0x08004b48
                0x20000000                . = ALIGN (0x8)
                0x20000000                _sdata = .
 *(.data)
 *(.data*)
 .data.uwTickFreq
                0x20000000        0x1 build/stm32l4xx_hal.o
                0x20000000                uwTickFreq
 *fill*         0x20000001        0x3 
 .data.uwTickPrio
                0x20000004        0x4 build/stm32l4xx_hal.o
                0x20000004                uwTickPrio
 .data.SystemCoreClock
                0x20000008        0x4 build/system_stm32l4xx.o
                0x20000008                SystemCoreClock
 .data._impure_ptr
                0x2000000c        0x4 c:/gnu arm embedded toolchain/10 2020-q4-major/bin/../lib/gcc/arm-none-eabi/10.2.1/../../../../arm-none-eabi/lib/thumb/v7e-m+fp/hard\libc_nano.a(lib_a-impure.o)
                0x2000000c                _impure_ptr
 .data.impure_data
                0x20000010       0x60 c:/gnu arm embedded toolchain/10 2020-q4-major/bin/../lib/gcc/arm-none-eabi/10.2.1/../../../../arm-none-eabi/lib/thumb/v7e-m+fp/hard\libc_nano.a(lib_a-impure.o)
                0x20000070                . = ALIGN (0x8)
                0x20000070                _edata = .

.igot.plt       0x20000070        0x0 load address 0x08004bb8
 .igot.plt      0x20000070        0x0 c:/gnu arm embedded toolchain/10 2020-q4-major/bin/../lib/gcc/arm-none-eabi/10.2.1/thumb/v7e-m+fp/hard/crtbegin.o
                0x20000070                . = ALIGN (0x4)

.bss            0x20000070      0x288 load address 0x08004bb8
                0x20000070                _sbss = .
                0x20000070                __bss_start__ = _sbss
 *(.bss)
 .bss           0x20000070       0x1c c:/gnu arm embedded toolchain/10 2020-q4-major/bin/../lib/gcc/arm-none-eabi/10.2.1/thumb/v7e-m+fp/hard/crtbegin.o
 *(.bss*)
 .bss.hrtc      0x2000008c       0x24 build/main.o
                0x2000008c                hrtc
 .bss.hspi1     0x200000b0       0x64 build/main.o
                0x200000b0                hspi1
 .bss.huart2    0x20000114       0x80 build/main.o
                0x20000114                huart2
 .bss.uwTick    0x20000194        0x4 build/stm32l4xx_hal.o
                0x20000194                uwTick
 .bss.SX126x    0x20000198       0xf4 build/radio.o
                0x20000198                SX126x
 .bss.AntPow    0x2000028c       0x14 build/sx126x-board.o
                0x2000028c                AntPow
 .bss.OperatingMode
                0x200002a0        0x1 build/sx126x-board.o
 *fill*         0x200002a1        0x3 
 .bss.GpioIrq   0x200002a4       0x40 build/gpio-board.o
 .bss.__lock___malloc_recursive_mutex
                0x200002e4        0x1 c:/gnu arm embedded toolchain/10 2020-q4-major/bin/../lib/gcc/arm-none-eabi/10.2.1/../../../../arm-none-eabi/lib/thumb/v7e-m+fp/hard\libc_nano.a(lib_a-lock.o)
                0x200002e4                __lock___malloc_recursive_mutex
 .bss.__lock___sfp_recursive_mutex
                0x200002e5        0x1 c:/gnu arm embedded toolchain/10 2020-q4-major/bin/../lib/gcc/arm-none-eabi/10.2.1/../../../../arm-none-eabi/lib/thumb/v7e-m+fp/hard\libc_nano.a(lib_a-lock.o)
                0x200002e5                __lock___sfp_recursive_mutex
 .bss.__lock___sinit_recursive_mutex
                0x200002e6        0x1 c:/gnu arm embedded toolchain/10 2020-q4-major/bin/../lib/gcc/arm-none-eabi/10.2.1/../../../../arm-none-eabi/lib/thumb/v7e-m+fp/hard\libc_nano.a(lib_a-lock.o)
                0x200002e6                __lock___sinit_recursive_mutex
 *fill*         0x200002e7        0x1 
 .bss.__malloc_free_list
                0x200002e8        0x4 c:/gnu arm embedded toolchain/10 2020-q4-major/bin/../lib/gcc/arm-none-eabi/10.2.1/../../../../arm-none-eabi/lib/thumb/v7e-m+fp/hard\libc_nano.a(lib_a-nano-mallocr.o)
                0x200002e8                __malloc_free_list
 .bss.__malloc_sbrk_start
                0x200002ec        0x4 c:/gnu arm embedded toolchain/10 2020-q4-major/bin/../lib/gcc/arm-none-eabi/10.2.1/../../../../arm-none-eabi/lib/thumb/v7e-m+fp/hard\libc_nano.a(lib_a-nano-mallocr.o)
                0x200002ec                __malloc_sbrk_start
 .bss.errno     0x200002f0        0x4 c:/gnu arm embedded toolchain/10 2020-q4-major/bin/../lib/gcc/arm-none-eabi/10.2.1/../../../../arm-none-eabi/lib/thumb/v7e-m+fp/hard\libc_nano.a(lib_a-reent.o)
                0x200002f0                errno
 .bss.heap_end.0
                0x200002f4        0x4 c:/gnu arm embedded toolchain/10 2020-q4-major/bin/../lib/gcc/arm-none-eabi/10.2.1/../../../../arm-none-eabi/lib/thumb/v7e-m+fp/hard\libnosys.a(sbrk.o)
 *(COMMON)
                0x200002f8                . = ALIGN (0x4)
                0x200002f8                _ebss = .
                0x200002f8                __bss_end__ = _ebss

._user_heap_stack
                0x200002f8      0x600 load address 0x08004bb8
                0x200002f8                . = ALIGN (0x8)
                0x200002f8                PROVIDE (end = .)
                [!provide]                PROVIDE (_end = .)
                0x200004f8                . = (. + _Min_Heap_Size)
 *fill*         0x200002f8      0x200 
                0x200008f8                . = (. + _Min_Stack_Size)
 *fill*         0x200004f8      0x400 
                0x200008f8                . = ALIGN (0x8)

/DISCARD/
 libc.a(*)
 libm.a(*)
 libgcc.a(*)

.ARM.attributes
                0x00000000       0x30
 *(.ARM.attributes)
 .ARM.attributes
                0x00000000       0x1e c:/gnu arm embedded toolchain/10 2020-q4-major/bin/../lib/gcc/arm-none-eabi/10.2.1/thumb/v7e-m+fp/hard/crti.o
 .ARM.attributes
                0x0000001e       0x34 c:/gnu arm embedded toolchain/10 2020-q4-major/bin/../lib/gcc/arm-none-eabi/10.2.1/thumb/v7e-m+fp/hard/crtbegin.o
 .ARM.attributes
                0x00000052       0x34 build/main.o
 .ARM.attributes
                0x00000086       0x34 build/stm32l4xx_it.o
 .ARM.attributes
                0x000000ba       0x34 build/stm32l4xx_hal_msp.o
 .ARM.attributes
                0x000000ee       0x34 build/stm32l4xx_hal_rtc.o
 .ARM.attributes
                0x00000122       0x34 build/stm32l4xx_hal_rtc_ex.o
 .ARM.attributes
                0x00000156       0x34 build/stm32l4xx_hal.o
 .ARM.attributes
                0x0000018a       0x34 build/stm32l4xx_hal_rcc.o
 .ARM.attributes
                0x000001be       0x34 build/stm32l4xx_hal_rcc_ex.o
 .ARM.attributes
                0x000001f2       0x34 build/stm32l4xx_hal_gpio.o
 .ARM.attributes
                0x00000226       0x34 build/stm32l4xx_hal_pwr_ex.o
 .ARM.attributes
                0x0000025a       0x34 build/stm32l4xx_hal_cortex.o
 .ARM.attributes
                0x0000028e       0x34 build/stm32l4xx_hal_spi.o
 .ARM.attributes
                0x000002c2       0x34 build/stm32l4xx_hal_uart.o
 .ARM.attributes
                0x000002f6       0x34 build/system_stm32l4xx.o
 .ARM.attributes
                0x0000032a       0x34 build/sx126x_driver.o
 .ARM.attributes
                0x0000035e       0x34 build/gpio.o
 .ARM.attributes
                0x00000392       0x34 build/radio.o
 .ARM.attributes
                0x000003c6       0x34 build/sx126x.o
 .ARM.attributes
                0x000003fa       0x34 build/spi-board.o
 .ARM.attributes
                0x0000042e       0x34 build/sx126x-board.o
 .ARM.attributes
                0x00000462       0x34 build/gpio-board.o
 .ARM.attributes
                0x00000496       0x21 build/startup_stm32l476xx.o
 .ARM.attributes
                0x000004b7       0x32 c:/gnu arm embedded toolchain/10 2020-q4-major/bin/../lib/gcc/arm-none-eabi/10.2.1/../../../../arm-none-eabi/lib/thumb/v7e-m+fp/hard\libc_nano.a(lib_a-impure.o)
 .ARM.attributes
                0x000004e9       0x34 c:/gnu arm embedded toolchain/10 2020-q4-major/bin/../lib/gcc/arm-none-eabi/10.2.1/../../../../arm-none-eabi/lib/thumb/v7e-m+fp/hard\libc_nano.a(lib_a-init.o)
 .ARM.attributes
                0x0000051d       0x34 c:/gnu arm embedded toolchain/10 2020-q4-major/bin/../lib/gcc/arm-none-eabi/10.2.1/../../../../arm-none-eabi/lib/thumb/v7e-m+fp/hard\libc_nano.a(lib_a-memset.o)
 .ARM.attributes
                0x00000551       0x34 c:/gnu arm embedded toolchain/10 2020-q4-major/bin/../lib/gcc/arm-none-eabi/10.2.1/../../../../arm-none-eabi/lib/thumb/v7e-m+fp/hard\libc_nano.a(lib_a-printf.o)
 .ARM.attributes
                0x00000585       0x34 c:/gnu arm embedded toolchain/10 2020-q4-major/bin/../lib/gcc/arm-none-eabi/10.2.1/../../../../arm-none-eabi/lib/thumb/v7e-m+fp/hard\libc_nano.a(lib_a-puts.o)
 .ARM.attributes
                0x000005b9       0x34 c:/gnu arm embedded toolchain/10 2020-q4-major/bin/../lib/gcc/arm-none-eabi/10.2.1/../../../../arm-none-eabi/lib/thumb/v7e-m+fp/hard\libc_nano.a(lib_a-sprintf.o)
 .ARM.attributes
                0x000005ed       0x34 c:/gnu arm embedded toolchain/10 2020-q4-major/bin/../lib/gcc/arm-none-eabi/10.2.1/../../../../arm-none-eabi/lib/thumb/v7e-m+fp/hard\libc_nano.a(lib_a-wbuf.o)
 .ARM.attributes
                0x00000621       0x34 c:/gnu arm embedded toolchain/10 2020-q4-major/bin/../lib/gcc/arm-none-eabi/10.2.1/../../../../arm-none-eabi/lib/thumb/v7e-m+fp/hard\libc_nano.a(lib_a-wsetup.o)
 .ARM.attributes
                0x00000655       0x34 c:/gnu arm embedded toolchain/10 2020-q4-major/bin/../lib/gcc/arm-none-eabi/10.2.1/../../../../arm-none-eabi/lib/thumb/v7e-m+fp/hard\libc_nano.a(lib_a-fflush.o)
 .ARM.attributes
                0x00000689       0x34 c:/gnu arm embedded toolchain/10 2020-q4-major/bin/../lib/gcc/arm-none-eabi/10.2.1/../../../../arm-none-eabi/lib/thumb/v7e-m+fp/hard\libc_nano.a(lib_a-findfp.o)
 .ARM.attributes
                0x000006bd       0x34 c:/gnu arm embedded toolchain/10 2020-q4-major/bin/../lib/gcc/arm-none-eabi/10.2.1/../../../../arm-none-eabi/lib/thumb/v7e-m+fp/hard\libc_nano.a(lib_a-fwalk.o)
 .ARM.attributes
                0x000006f1       0x34 c:/gnu arm embedded toolchain/10 2020-q4-major/bin/../lib/gcc/arm-none-eabi/10.2.1/../../../../arm-none-eabi/lib/thumb/v7e-m+fp/hard\libc_nano.a(lib_a-lock.o)
 .ARM.attributes
                0x00000725       0x34 c:/gnu arm embedded toolchain/10 2020-q4-major/bin/../lib/gcc/arm-none-eabi/10.2.1/../../../../arm-none-eabi/lib/thumb/v7e-m+fp/hard\libc_nano.a(lib_a-makebuf.o)
 .ARM.attributes
                0x00000759       0x34 c:/gnu arm embedded toolchain/10 2020-q4-major/bin/../lib/gcc/arm-none-eabi/10.2.1/../../../../arm-none-eabi/lib/thumb/v7e-m+fp/hard\libc_nano.a(lib_a-nano-freer.o)
 .ARM.attributes
                0x0000078d       0x34 c:/gnu arm embedded toolchain/10 2020-q4-major/bin/../lib/gcc/arm-none-eabi/10.2.1/../../../../arm-none-eabi/lib/thumb/v7e-m+fp/hard\libc_nano.a(lib_a-nano-mallocr.o)
 .ARM.attributes
                0x000007c1       0x34 c:/gnu arm embedded toolchain/10 2020-q4-major/bin/../lib/gcc/arm-none-eabi/10.2.1/../../../../arm-none-eabi/lib/thumb/v7e-m+fp/hard\libc_nano.a(lib_a-nano-svfprintf.o)
 .ARM.attributes
                0x000007f5       0x34 c:/gnu arm embedded toolchain/10 2020-q4-major/bin/../lib/gcc/arm-none-eabi/10.2.1/../../../../arm-none-eabi/lib/thumb/v7e-m+fp/hard\libc_nano.a(lib_a-nano-vfprintf.o)
 .ARM.attributes
                0x00000829       0x34 c:/gnu arm embedded toolchain/10 2020-q4-major/bin/../lib/gcc/arm-none-eabi/10.2.1/../../../../arm-none-eabi/lib/thumb/v7e-m+fp/hard\libc_nano.a(lib_a-nano-vfprintf_i.o)
 .ARM.attributes
                0x0000085d       0x34 c:/gnu arm embedded toolchain/10 2020-q4-major/bin/../lib/gcc/arm-none-eabi/10.2.1/../../../../arm-none-eabi/lib/thumb/v7e-m+fp/hard\libc_nano.a(lib_a-sbrkr.o)
 .ARM.attributes
                0x00000891       0x34 c:/gnu arm embedded toolchain/10 2020-q4-major/bin/../lib/gcc/arm-none-eabi/10.2.1/../../../../arm-none-eabi/lib/thumb/v7e-m+fp/hard\libc_nano.a(lib_a-stdio.o)
 .ARM.attributes
                0x000008c5       0x34 c:/gnu arm embedded toolchain/10 2020-q4-major/bin/../lib/gcc/arm-none-eabi/10.2.1/../../../../arm-none-eabi/lib/thumb/v7e-m+fp/hard\libc_nano.a(lib_a-writer.o)
 .ARM.attributes
                0x000008f9       0x34 c:/gnu arm embedded toolchain/10 2020-q4-major/bin/../lib/gcc/arm-none-eabi/10.2.1/../../../../arm-none-eabi/lib/thumb/v7e-m+fp/hard\libc_nano.a(lib_a-closer.o)
 .ARM.attributes
                0x0000092d       0x34 c:/gnu arm embedded toolchain/10 2020-q4-major/bin/../lib/gcc/arm-none-eabi/10.2.1/../../../../arm-none-eabi/lib/thumb/v7e-m+fp/hard\libc_nano.a(lib_a-fstatr.o)
 .ARM.attributes
                0x00000961       0x34 c:/gnu arm embedded toolchain/10 2020-q4-major/bin/../lib/gcc/arm-none-eabi/10.2.1/../../../../arm-none-eabi/lib/thumb/v7e-m+fp/hard\libc_nano.a(lib_a-isattyr.o)
 .ARM.attributes
                0x00000995       0x34 c:/gnu arm embedded toolchain/10 2020-q4-major/bin/../lib/gcc/arm-none-eabi/10.2.1/../../../../arm-none-eabi/lib/thumb/v7e-m+fp/hard\libc_nano.a(lib_a-lseekr.o)
 .ARM.attributes
                0x000009c9       0x1c c:/gnu arm embedded toolchain/10 2020-q4-major/bin/../lib/gcc/arm-none-eabi/10.2.1/../../../../arm-none-eabi/lib/thumb/v7e-m+fp/hard\libc_nano.a(lib_a-memchr.o)
 .ARM.attributes
                0x000009e5       0x34 c:/gnu arm embedded toolchain/10 2020-q4-major/bin/../lib/gcc/arm-none-eabi/10.2.1/../../../../arm-none-eabi/lib/thumb/v7e-m+fp/hard\libc_nano.a(lib_a-memcpy-stub.o)
 .ARM.attributes
                0x00000a19       0x34 c:/gnu arm embedded toolchain/10 2020-q4-major/bin/../lib/gcc/arm-none-eabi/10.2.1/../../../../arm-none-eabi/lib/thumb/v7e-m+fp/hard\libc_nano.a(lib_a-memmove.o)
 .ARM.attributes
                0x00000a4d       0x34 c:/gnu arm embedded toolchain/10 2020-q4-major/bin/../lib/gcc/arm-none-eabi/10.2.1/../../../../arm-none-eabi/lib/thumb/v7e-m+fp/hard\libc_nano.a(lib_a-mlock.o)
 .ARM.attributes
                0x00000a81       0x34 c:/gnu arm embedded toolchain/10 2020-q4-major/bin/../lib/gcc/arm-none-eabi/10.2.1/../../../../arm-none-eabi/lib/thumb/v7e-m+fp/hard\libc_nano.a(lib_a-nano-reallocr.o)
 .ARM.attributes
                0x00000ab5       0x34 c:/gnu arm embedded toolchain/10 2020-q4-major/bin/../lib/gcc/arm-none-eabi/10.2.1/../../../../arm-none-eabi/lib/thumb/v7e-m+fp/hard\libc_nano.a(lib_a-readr.o)
 .ARM.attributes
                0x00000ae9       0x34 c:/gnu arm embedded toolchain/10 2020-q4-major/bin/../lib/gcc/arm-none-eabi/10.2.1/../../../../arm-none-eabi/lib/thumb/v7e-m+fp/hard\libc_nano.a(lib_a-reent.o)
 .ARM.attributes
                0x00000b1d       0x34 c:/gnu arm embedded toolchain/10 2020-q4-major/bin/../lib/gcc/arm-none-eabi/10.2.1/../../../../arm-none-eabi/lib/thumb/v7e-m+fp/hard\libc_nano.a(lib_a-nano-msizer.o)
 .ARM.attributes
                0x00000b51       0x34 c:/gnu arm embedded toolchain/10 2020-q4-major/bin/../lib/gcc/arm-none-eabi/10.2.1/../../../../arm-none-eabi/lib/thumb/v7e-m+fp/hard\libnosys.a(close.o)
 .ARM.attributes
                0x00000b85       0x34 c:/gnu arm embedded toolchain/10 2020-q4-major/bin/../lib/gcc/arm-none-eabi/10.2.1/../../../../arm-none-eabi/lib/thumb/v7e-m+fp/hard\libnosys.a(fstat.o)
 .ARM.attributes
                0x00000bb9       0x34 c:/gnu arm embedded toolchain/10 2020-q4-major/bin/../lib/gcc/arm-none-eabi/10.2.1/../../../../arm-none-eabi/lib/thumb/v7e-m+fp/hard\libnosys.a(isatty.o)
 .ARM.attributes
                0x00000bed       0x34 c:/gnu arm embedded toolchain/10 2020-q4-major/bin/../lib/gcc/arm-none-eabi/10.2.1/../../../../arm-none-eabi/lib/thumb/v7e-m+fp/hard\libnosys.a(lseek.o)
 .ARM.attributes
                0x00000c21       0x34 c:/gnu arm embedded toolchain/10 2020-q4-major/bin/../lib/gcc/arm-none-eabi/10.2.1/../../../../arm-none-eabi/lib/thumb/v7e-m+fp/hard\libnosys.a(read.o)
 .ARM.attributes
                0x00000c55       0x34 c:/gnu arm embedded toolchain/10 2020-q4-major/bin/../lib/gcc/arm-none-eabi/10.2.1/../../../../arm-none-eabi/lib/thumb/v7e-m+fp/hard\libnosys.a(sbrk.o)
 .ARM.attributes
                0x00000c89       0x1e c:/gnu arm embedded toolchain/10 2020-q4-major/bin/../lib/gcc/arm-none-eabi/10.2.1/thumb/v7e-m+fp/hard\libgcc.a(_aeabi_uldivmod.o)
 .ARM.attributes
                0x00000ca7       0x34 c:/gnu arm embedded toolchain/10 2020-q4-major/bin/../lib/gcc/arm-none-eabi/10.2.1/thumb/v7e-m+fp/hard\libgcc.a(_udivmoddi4.o)
 .ARM.attributes
                0x00000cdb       0x1e c:/gnu arm embedded toolchain/10 2020-q4-major/bin/../lib/gcc/arm-none-eabi/10.2.1/thumb/v7e-m+fp/hard\libgcc.a(_dvmd_tls.o)
 .ARM.attributes
                0x00000cf9       0x1e c:/gnu arm embedded toolchain/10 2020-q4-major/bin/../lib/gcc/arm-none-eabi/10.2.1/thumb/v7e-m+fp/hard/crtn.o
OUTPUT(build/stm32l476_sx126x_gcc.elf elf32-littlearm)
LOAD linker stubs
LOAD c:/gnu arm embedded toolchain/10 2020-q4-major/bin/../lib/gcc/arm-none-eabi/10.2.1/../../../../arm-none-eabi/lib/thumb/v7e-m+fp/hard\libc.a
LOAD c:/gnu arm embedded toolchain/10 2020-q4-major/bin/../lib/gcc/arm-none-eabi/10.2.1/../../../../arm-none-eabi/lib/thumb/v7e-m+fp/hard\libm.a
LOAD c:/gnu arm embedded toolchain/10 2020-q4-major/bin/../lib/gcc/arm-none-eabi/10.2.1/thumb/v7e-m+fp/hard\libgcc.a

.debug_info     0x00000000    0x1b8cc
 .debug_info    0x00000000     0x2138 build/main.o
 .debug_info    0x00002138      0x6dd build/stm32l4xx_it.o
 .debug_info    0x00002815     0x172f build/stm32l4xx_hal_msp.o
 .debug_info    0x00003f44     0x12d8 build/stm32l4xx_hal_rtc.o
 .debug_info    0x0000521c     0x1587 build/stm32l4xx_hal_rtc_ex.o
 .debug_info    0x000067a3      0xe26 build/stm32l4xx_hal.o
 .debug_info    0x000075c9     0x1057 build/stm32l4xx_hal_rcc.o
 .debug_info    0x00008620     0x13d5 build/stm32l4xx_hal_rcc_ex.o
 .debug_info    0x000099f5      0x91c build/stm32l4xx_hal_gpio.o
 .debug_info    0x0000a311      0xb9e build/stm32l4xx_hal_pwr_ex.o
 .debug_info    0x0000aeaf     0x117a build/stm32l4xx_hal_cortex.o
 .debug_info    0x0000c029     0x22df build/stm32l4xx_hal_spi.o
 .debug_info    0x0000e308     0x218b build/stm32l4xx_hal_uart.o
 .debug_info    0x00010493      0x693 build/system_stm32l4xx.o
 .debug_info    0x00010b26     0x19c9 build/sx126x_driver.o
 .debug_info    0x000124ef      0x867 build/gpio.o
 .debug_info    0x00012d56     0x2de6 build/radio.o
 .debug_info    0x00015b3c     0x23ca build/sx126x.o
 .debug_info    0x00017f06      0xcb6 build/spi-board.o
 .debug_info    0x00018bbc     0x1ce2 build/sx126x-board.o
 .debug_info    0x0001a89e     0x100c build/gpio-board.o
 .debug_info    0x0001b8aa       0x22 build/startup_stm32l476xx.o

.debug_abbrev   0x00000000     0x3386
 .debug_abbrev  0x00000000      0x2ae build/main.o
 .debug_abbrev  0x000002ae      0x146 build/stm32l4xx_it.o
 .debug_abbrev  0x000003f4      0x1a8 build/stm32l4xx_hal_msp.o
 .debug_abbrev  0x0000059c      0x22e build/stm32l4xx_hal_rtc.o
 .debug_abbrev  0x000007ca      0x222 build/stm32l4xx_hal_rtc_ex.o
 .debug_abbrev  0x000009ec      0x249 build/stm32l4xx_hal.o
 .debug_abbrev  0x00000c35      0x28e build/stm32l4xx_hal_rcc.o
 .debug_abbrev  0x00000ec3      0x2b0 build/stm32l4xx_hal_rcc_ex.o
 .debug_abbrev  0x00001173      0x222 build/stm32l4xx_hal_gpio.o
 .debug_abbrev  0x00001395      0x234 build/stm32l4xx_hal_pwr_ex.o
 .debug_abbrev  0x000015c9      0x382 build/stm32l4xx_hal_cortex.o
 .debug_abbrev  0x0000194b      0x278 build/stm32l4xx_hal_spi.o
 .debug_abbrev  0x00001bc3      0x282 build/stm32l4xx_hal_uart.o
 .debug_abbrev  0x00001e45      0x140 build/system_stm32l4xx.o
 .debug_abbrev  0x00001f85      0x339 build/sx126x_driver.o
 .debug_abbrev  0x000022be      0x14f build/gpio.o
 .debug_abbrev  0x0000240d      0x3bc build/radio.o
 .debug_abbrev  0x000027c9      0x345 build/sx126x.o
 .debug_abbrev  0x00002b0e      0x21e build/spi-board.o
 .debug_abbrev  0x00002d2c      0x39e build/sx126x-board.o
 .debug_abbrev  0x000030ca      0x2aa build/gpio-board.o
 .debug_abbrev  0x00003374       0x12 build/startup_stm32l476xx.o

.debug_loc      0x00000000     0xf8d0
 .debug_loc     0x00000000      0x253 build/main.o
 .debug_loc     0x00000253       0x80 build/stm32l4xx_it.o
 .debug_loc     0x000002d3      0x2c0 build/stm32l4xx_hal_msp.o
 .debug_loc     0x00000593      0xf62 build/stm32l4xx_hal_rtc.o
 .debug_loc     0x000014f5     0x1320 build/stm32l4xx_hal_rtc_ex.o
 .debug_loc     0x00002815      0x2af build/stm32l4xx_hal.o
 .debug_loc     0x00002ac4      0x99d build/stm32l4xx_hal_rcc.o
 .debug_loc     0x00003461     0x1cf1 build/stm32l4xx_hal_rcc_ex.o
 .debug_loc     0x00005152      0x48a build/stm32l4xx_hal_gpio.o
 .debug_loc     0x000055dc      0xb66 build/stm32l4xx_hal_pwr_ex.o
 .debug_loc     0x00006142      0x7a4 build/stm32l4xx_hal_cortex.o
 .debug_loc     0x000068e6     0x2786 build/stm32l4xx_hal_spi.o
 .debug_loc     0x0000906c     0x21bd build/stm32l4xx_hal_uart.o
 .debug_loc     0x0000b229      0x1eb build/system_stm32l4xx.o
 .debug_loc     0x0000b414      0x2eb build/sx126x_driver.o
 .debug_loc     0x0000b6ff      0x323 build/gpio.o
 .debug_loc     0x0000ba22     0x1967 build/radio.o
 .debug_loc     0x0000d389     0x14c6 build/sx126x.o
 .debug_loc     0x0000e84f      0x14b build/spi-board.o
 .debug_loc     0x0000e99a      0x839 build/sx126x-board.o
 .debug_loc     0x0000f1d3      0x6fd build/gpio-board.o

.debug_aranges  0x00000000     0x10e8
 .debug_aranges
                0x00000000       0x60 build/main.o
 .debug_aranges
                0x00000060       0x78 build/stm32l4xx_it.o
 .debug_aranges
                0x000000d8       0x50 build/stm32l4xx_hal_msp.o
 .debug_aranges
                0x00000128       0xc0 build/stm32l4xx_hal_rtc.o
 .debug_aranges
                0x000001e8      0x140 build/stm32l4xx_hal_rtc_ex.o
 .debug_aranges
                0x00000328      0x130 build/stm32l4xx_hal.o
 .debug_aranges
                0x00000458       0x88 build/stm32l4xx_hal_rcc.o
 .debug_aranges
                0x000004e0       0xc0 build/stm32l4xx_hal_rcc_ex.o
 .debug_aranges
                0x000005a0       0x58 build/stm32l4xx_hal_gpio.o
 .debug_aranges
                0x000005f8      0x150 build/stm32l4xx_hal_pwr_ex.o
 .debug_aranges
                0x00000748       0xa8 build/stm32l4xx_hal_cortex.o
 .debug_aranges
                0x000007f0      0x1d8 build/stm32l4xx_hal_spi.o
 .debug_aranges
                0x000009c8      0x210 build/stm32l4xx_hal_uart.o
 .debug_aranges
                0x00000bd8       0x28 build/system_stm32l4xx.o
 .debug_aranges
                0x00000c00       0x48 build/sx126x_driver.o
 .debug_aranges
                0x00000c48       0x50 build/gpio.o
 .debug_aranges
                0x00000c98      0x130 build/radio.o
 .debug_aranges
                0x00000dc8      0x190 build/sx126x.o
 .debug_aranges
                0x00000f58       0x28 build/spi-board.o
 .debug_aranges
                0x00000f80       0xe8 build/sx126x-board.o
 .debug_aranges
                0x00001068       0x58 build/gpio-board.o
 .debug_aranges
                0x000010c0       0x28 build/startup_stm32l476xx.o

.debug_ranges   0x00000000     0x1098
 .debug_ranges  0x00000000       0x50 build/main.o
 .debug_ranges  0x00000050       0x68 build/stm32l4xx_it.o
 .debug_ranges  0x000000b8       0x40 build/stm32l4xx_hal_msp.o
 .debug_ranges  0x000000f8       0xe0 build/stm32l4xx_hal_rtc.o
 .debug_ranges  0x000001d8      0x130 build/stm32l4xx_hal_rtc_ex.o
 .debug_ranges  0x00000308      0x120 build/stm32l4xx_hal.o
 .debug_ranges  0x00000428       0x90 build/stm32l4xx_hal_rcc.o
 .debug_ranges  0x000004b8       0xc8 build/stm32l4xx_hal_rcc_ex.o
 .debug_ranges  0x00000580       0x48 build/stm32l4xx_hal_gpio.o
 .debug_ranges  0x000005c8      0x140 build/stm32l4xx_hal_pwr_ex.o
 .debug_ranges  0x00000708       0xf8 build/stm32l4xx_hal_cortex.o
 .debug_ranges  0x00000800      0x1c8 build/stm32l4xx_hal_spi.o
 .debug_ranges  0x000009c8      0x200 build/stm32l4xx_hal_uart.o
 .debug_ranges  0x00000bc8       0x18 build/system_stm32l4xx.o
 .debug_ranges  0x00000be0       0x38 build/sx126x_driver.o
 .debug_ranges  0x00000c18       0x40 build/gpio.o
 .debug_ranges  0x00000c58      0x138 build/radio.o
 .debug_ranges  0x00000d90      0x180 build/sx126x.o
 .debug_ranges  0x00000f10       0x18 build/spi-board.o
 .debug_ranges  0x00000f28       0xd8 build/sx126x-board.o
 .debug_ranges  0x00001000       0x78 build/gpio-board.o
 .debug_ranges  0x00001078       0x20 build/startup_stm32l476xx.o

.debug_line     0x00000000     0xf701
 .debug_line    0x00000000      0x7a4 build/main.o
 .debug_line    0x000007a4      0x2fa build/stm32l4xx_it.o
 .debug_line    0x00000a9e      0x3d0 build/stm32l4xx_hal_msp.o
 .debug_line    0x00000e6e     0x100a build/stm32l4xx_hal_rtc.o
 .debug_line    0x00001e78     0x161b build/stm32l4xx_hal_rtc_ex.o
 .debug_line    0x00003493      0x68b build/stm32l4xx_hal.o
 .debug_line    0x00003b1e      0xe9e build/stm32l4xx_hal_rcc.o
 .debug_line    0x000049bc     0x1522 build/stm32l4xx_hal_rcc_ex.o
 .debug_line    0x00005ede      0x6b3 build/stm32l4xx_hal_gpio.o
 .debug_line    0x00006591      0xaa4 build/stm32l4xx_hal_pwr_ex.o
 .debug_line    0x00007035      0x765 build/stm32l4xx_hal_cortex.o
 .debug_line    0x0000779a     0x28dc build/stm32l4xx_hal_spi.o
 .debug_line    0x0000a076     0x21d6 build/stm32l4xx_hal_uart.o
 .debug_line    0x0000c24c      0x2cc build/system_stm32l4xx.o
 .debug_line    0x0000c518      0x46d build/sx126x_driver.o
 .debug_line    0x0000c985      0x1e3 build/gpio.o
 .debug_line    0x0000cb68      0xe86 build/radio.o
 .debug_line    0x0000d9ee      0xe49 build/sx126x.o
 .debug_line    0x0000e837      0x230 build/spi-board.o
 .debug_line    0x0000ea67      0x63f build/sx126x-board.o
 .debug_line    0x0000f0a6      0x5e6 build/gpio-board.o
 .debug_line    0x0000f68c       0x75 build/startup_stm32l476xx.o

.debug_str      0x00000000     0x646e
 .debug_str     0x00000000     0x15a6 build/main.o
                               0x16ca (size before relaxing)
 .debug_str     0x000015a6      0x120 build/stm32l4xx_it.o
                                0x4ff (size before relaxing)
 .debug_str     0x000016c6       0xc0 build/stm32l4xx_hal_msp.o
                               0x108a (size before relaxing)
 .debug_str     0x00001786      0x1e4 build/stm32l4xx_hal_rtc.o
                                0x7af (size before relaxing)
 .debug_str     0x0000196a      0x5a0 build/stm32l4xx_hal_rtc_ex.o
                                0xb51 (size before relaxing)
 .debug_str     0x00001f0a      0x4e8 build/stm32l4xx_hal.o
                                0xd2c (size before relaxing)
 .debug_str     0x000023f2      0x293 build/stm32l4xx_hal_rcc.o
                                0x851 (size before relaxing)
 .debug_str     0x00002685      0x2f4 build/stm32l4xx_hal_rcc_ex.o
                                0xa8d (size before relaxing)
 .debug_str     0x00002979       0xbc build/stm32l4xx_hal_gpio.o
                                0x512 (size before relaxing)
 .debug_str     0x00002a35      0x4fc build/stm32l4xx_hal_pwr_ex.o
                                0x7e6 (size before relaxing)
 .debug_str     0x00002f31      0x41f build/stm32l4xx_hal_cortex.o
                                0xbf2 (size before relaxing)
 .debug_str     0x00003350      0x598 build/stm32l4xx_hal_spi.o
                                0xba2 (size before relaxing)
 .debug_str     0x000038e8      0x70d build/stm32l4xx_hal_uart.o
                                0xf0d (size before relaxing)
 .debug_str     0x00003ff5       0x3d build/system_stm32l4xx.o
                                0x3b1 (size before relaxing)
 .debug_str     0x00004032      0xd1b build/sx126x_driver.o
                               0x10c6 (size before relaxing)
 .debug_str     0x00004d4d      0x229 build/gpio.o
                                0x6ed (size before relaxing)
 .debug_str     0x00004f76      0x8ec build/radio.o
                               0x18cd (size before relaxing)
 .debug_str     0x00005862      0xa61 build/sx126x.o
                               0x16e4 (size before relaxing)
 .debug_str     0x000062c3       0x64 build/spi-board.o
                                0x9a6 (size before relaxing)
 .debug_str     0x00006327       0xbe build/sx126x-board.o
                               0x1580 (size before relaxing)
 .debug_str     0x000063e5       0x65 build/gpio-board.o
                                0xe51 (size before relaxing)
 .debug_str     0x0000644a       0x24 build/startup_stm32l476xx.o
                                 0x3c (size before relaxing)

.comment        0x00000000       0x4d
 .comment       0x00000000       0x4d build/main.o
                                 0x4e (size before relaxing)
 .comment       0x0000004d       0x4e build/stm32l4xx_it.o
 .comment       0x0000004d       0x4e build/stm32l4xx_hal_msp.o
 .comment       0x0000004d       0x4e build/stm32l4xx_hal_rtc.o
 .comment       0x0000004d       0x4e build/stm32l4xx_hal_rtc_ex.o
 .comment       0x0000004d       0x4e build/stm32l4xx_hal.o
 .comment       0x0000004d       0x4e build/stm32l4xx_hal_rcc.o
 .comment       0x0000004d       0x4e build/stm32l4xx_hal_rcc_ex.o
 .comment       0x0000004d       0x4e build/stm32l4xx_hal_gpio.o
 .comment       0x0000004d       0x4e build/stm32l4xx_hal_pwr_ex.o
 .comment       0x0000004d       0x4e build/stm32l4xx_hal_cortex.o
 .comment       0x0000004d       0x4e build/stm32l4xx_hal_spi.o
 .comment       0x0000004d       0x4e build/stm32l4xx_hal_uart.o
 .comment       0x0000004d       0x4e build/system_stm32l4xx.o
 .comment       0x0000004d       0x4e build/sx126x_driver.o
 .comment       0x0000004d       0x4e build/gpio.o
 .comment       0x0000004d       0x4e build/radio.o
 .comment       0x0000004d       0x4e build/sx126x.o
 .comment       0x0000004d       0x4e build/spi-board.o
 .comment       0x0000004d       0x4e build/sx126x-board.o
 .comment       0x0000004d       0x4e build/gpio-board.o

.debug_frame    0x00000000     0x382c
 .debug_frame   0x00000000      0x10c build/main.o
 .debug_frame   0x0000010c       0xf0 build/stm32l4xx_it.o
 .debug_frame   0x000001fc       0xcc build/stm32l4xx_hal_msp.o
 .debug_frame   0x000002c8      0x228 build/stm32l4xx_hal_rtc.o
 .debug_frame   0x000004f0      0x394 build/stm32l4xx_hal_rtc_ex.o
 .debug_frame   0x00000884      0x274 build/stm32l4xx_hal.o
 .debug_frame   0x00000af8      0x18c build/stm32l4xx_hal_rcc.o
 .debug_frame   0x00000c84      0x204 build/stm32l4xx_hal_rcc_ex.o
 .debug_frame   0x00000e88       0xd0 build/stm32l4xx_hal_gpio.o
 .debug_frame   0x00000f58      0x298 build/stm32l4xx_hal_pwr_ex.o
 .debug_frame   0x000011f0      0x148 build/stm32l4xx_hal_cortex.o
 .debug_frame   0x00001338      0x5d8 build/stm32l4xx_hal_spi.o
 .debug_frame   0x00001910      0x5c0 build/stm32l4xx_hal_uart.o
 .debug_frame   0x00001ed0       0x30 build/system_stm32l4xx.o
 .debug_frame   0x00001f00       0xac build/sx126x_driver.o
 .debug_frame   0x00001fac       0xc0 build/gpio.o
 .debug_frame   0x0000206c      0x398 build/radio.o
 .debug_frame   0x00002404      0x554 build/sx126x.o
 .debug_frame   0x00002958       0x50 build/spi-board.o
 .debug_frame   0x000029a8      0x2b0 build/sx126x-board.o
 .debug_frame   0x00002c58       0xe4 build/gpio-board.o
 .debug_frame   0x00002d3c       0x2c c:/gnu arm embedded toolchain/10 2020-q4-major/bin/../lib/gcc/arm-none-eabi/10.2.1/../../../../arm-none-eabi/lib/thumb/v7e-m+fp/hard\libc_nano.a(lib_a-init.o)
 .debug_frame   0x00002d68       0x20 c:/gnu arm embedded toolchain/10 2020-q4-major/bin/../lib/gcc/arm-none-eabi/10.2.1/../../../../arm-none-eabi/lib/thumb/v7e-m+fp/hard\libc_nano.a(lib_a-memset.o)
 .debug_frame   0x00002d88       0x74 c:/gnu arm embedded toolchain/10 2020-q4-major/bin/../lib/gcc/arm-none-eabi/10.2.1/../../../../arm-none-eabi/lib/thumb/v7e-m+fp/hard\libc_nano.a(lib_a-printf.o)
 .debug_frame   0x00002dfc       0x3c c:/gnu arm embedded toolchain/10 2020-q4-major/bin/../lib/gcc/arm-none-eabi/10.2.1/../../../../arm-none-eabi/lib/thumb/v7e-m+fp/hard\libc_nano.a(lib_a-puts.o)
 .debug_frame   0x00002e38       0x6c c:/gnu arm embedded toolchain/10 2020-q4-major/bin/../lib/gcc/arm-none-eabi/10.2.1/../../../../arm-none-eabi/lib/thumb/v7e-m+fp/hard\libc_nano.a(lib_a-sprintf.o)
 .debug_frame   0x00002ea4       0x40 c:/gnu arm embedded toolchain/10 2020-q4-major/bin/../lib/gcc/arm-none-eabi/10.2.1/../../../../arm-none-eabi/lib/thumb/v7e-m+fp/hard\libc_nano.a(lib_a-wbuf.o)
 .debug_frame   0x00002ee4       0x2c c:/gnu arm embedded toolchain/10 2020-q4-major/bin/../lib/gcc/arm-none-eabi/10.2.1/../../../../arm-none-eabi/lib/thumb/v7e-m+fp/hard\libc_nano.a(lib_a-wsetup.o)
 .debug_frame   0x00002f10       0x5c c:/gnu arm embedded toolchain/10 2020-q4-major/bin/../lib/gcc/arm-none-eabi/10.2.1/../../../../arm-none-eabi/lib/thumb/v7e-m+fp/hard\libc_nano.a(lib_a-fflush.o)
 .debug_frame   0x00002f6c      0x14c c:/gnu arm embedded toolchain/10 2020-q4-major/bin/../lib/gcc/arm-none-eabi/10.2.1/../../../../arm-none-eabi/lib/thumb/v7e-m+fp/hard\libc_nano.a(lib_a-findfp.o)
 .debug_frame   0x000030b8       0x54 c:/gnu arm embedded toolchain/10 2020-q4-major/bin/../lib/gcc/arm-none-eabi/10.2.1/../../../../arm-none-eabi/lib/thumb/v7e-m+fp/hard\libc_nano.a(lib_a-fwalk.o)
 .debug_frame   0x0000310c       0xb0 c:/gnu arm embedded toolchain/10 2020-q4-major/bin/../lib/gcc/arm-none-eabi/10.2.1/../../../../arm-none-eabi/lib/thumb/v7e-m+fp/hard\libc_nano.a(lib_a-lock.o)
 .debug_frame   0x000031bc       0x58 c:/gnu arm embedded toolchain/10 2020-q4-major/bin/../lib/gcc/arm-none-eabi/10.2.1/../../../../arm-none-eabi/lib/thumb/v7e-m+fp/hard\libc_nano.a(lib_a-makebuf.o)
 .debug_frame   0x00003214       0x38 c:/gnu arm embedded toolchain/10 2020-q4-major/bin/../lib/gcc/arm-none-eabi/10.2.1/../../../../arm-none-eabi/lib/thumb/v7e-m+fp/hard\libc_nano.a(lib_a-nano-freer.o)
 .debug_frame   0x0000324c       0x30 c:/gnu arm embedded toolchain/10 2020-q4-major/bin/../lib/gcc/arm-none-eabi/10.2.1/../../../../arm-none-eabi/lib/thumb/v7e-m+fp/hard\libc_nano.a(lib_a-nano-mallocr.o)
 .debug_frame   0x0000327c       0x90 c:/gnu arm embedded toolchain/10 2020-q4-major/bin/../lib/gcc/arm-none-eabi/10.2.1/../../../../arm-none-eabi/lib/thumb/v7e-m+fp/hard\libc_nano.a(lib_a-nano-svfprintf.o)
 .debug_frame   0x0000330c       0xac c:/gnu arm embedded toolchain/10 2020-q4-major/bin/../lib/gcc/arm-none-eabi/10.2.1/../../../../arm-none-eabi/lib/thumb/v7e-m+fp/hard\libc_nano.a(lib_a-nano-vfprintf.o)
 .debug_frame   0x000033b8       0x60 c:/gnu arm embedded toolchain/10 2020-q4-major/bin/../lib/gcc/arm-none-eabi/10.2.1/../../../../arm-none-eabi/lib/thumb/v7e-m+fp/hard\libc_nano.a(lib_a-nano-vfprintf_i.o)
 .debug_frame   0x00003418       0x2c c:/gnu arm embedded toolchain/10 2020-q4-major/bin/../lib/gcc/arm-none-eabi/10.2.1/../../../../arm-none-eabi/lib/thumb/v7e-m+fp/hard\libc_nano.a(lib_a-sbrkr.o)
 .debug_frame   0x00003444       0x88 c:/gnu arm embedded toolchain/10 2020-q4-major/bin/../lib/gcc/arm-none-eabi/10.2.1/../../../../arm-none-eabi/lib/thumb/v7e-m+fp/hard\libc_nano.a(lib_a-stdio.o)
 .debug_frame   0x000034cc       0x2c c:/gnu arm embedded toolchain/10 2020-q4-major/bin/../lib/gcc/arm-none-eabi/10.2.1/../../../../arm-none-eabi/lib/thumb/v7e-m+fp/hard\libc_nano.a(lib_a-writer.o)
 .debug_frame   0x000034f8       0x2c c:/gnu arm embedded toolchain/10 2020-q4-major/bin/../lib/gcc/arm-none-eabi/10.2.1/../../../../arm-none-eabi/lib/thumb/v7e-m+fp/hard\libc_nano.a(lib_a-closer.o)
 .debug_frame   0x00003524       0x2c c:/gnu arm embedded toolchain/10 2020-q4-major/bin/../lib/gcc/arm-none-eabi/10.2.1/../../../../arm-none-eabi/lib/thumb/v7e-m+fp/hard\libc_nano.a(lib_a-fstatr.o)
 .debug_frame   0x00003550       0x2c c:/gnu arm embedded toolchain/10 2020-q4-major/bin/../lib/gcc/arm-none-eabi/10.2.1/../../../../arm-none-eabi/lib/thumb/v7e-m+fp/hard\libc_nano.a(lib_a-isattyr.o)
 .debug_frame   0x0000357c       0x2c c:/gnu arm embedded toolchain/10 2020-q4-major/bin/../lib/gcc/arm-none-eabi/10.2.1/../../../../arm-none-eabi/lib/thumb/v7e-m+fp/hard\libc_nano.a(lib_a-lseekr.o)
 .debug_frame   0x000035a8       0x28 c:/gnu arm embedded toolchain/10 2020-q4-major/bin/../lib/gcc/arm-none-eabi/10.2.1/../../../../arm-none-eabi/lib/thumb/v7e-m+fp/hard\libc_nano.a(lib_a-memcpy-stub.o)
 .debug_frame   0x000035d0       0x28 c:/gnu arm embedded toolchain/10 2020-q4-major/bin/../lib/gcc/arm-none-eabi/10.2.1/../../../../arm-none-eabi/lib/thumb/v7e-m+fp/hard\libc_nano.a(lib_a-memmove.o)
 .debug_frame   0x000035f8       0x30 c:/gnu arm embedded toolchain/10 2020-q4-major/bin/../lib/gcc/arm-none-eabi/10.2.1/../../../../arm-none-eabi/lib/thumb/v7e-m+fp/hard\libc_nano.a(lib_a-mlock.o)
 .debug_frame   0x00003628       0x3c c:/gnu arm embedded toolchain/10 2020-q4-major/bin/../lib/gcc/arm-none-eabi/10.2.1/../../../../arm-none-eabi/lib/thumb/v7e-m+fp/hard\libc_nano.a(lib_a-nano-reallocr.o)
 .debug_frame   0x00003664       0x2c c:/gnu arm embedded toolchain/10 2020-q4-major/bin/../lib/gcc/arm-none-eabi/10.2.1/../../../../arm-none-eabi/lib/thumb/v7e-m+fp/hard\libc_nano.a(lib_a-readr.o)
 .debug_frame   0x00003690       0x5c c:/gnu arm embedded toolchain/10 2020-q4-major/bin/../lib/gcc/arm-none-eabi/10.2.1/../../../../arm-none-eabi/lib/thumb/v7e-m+fp/hard\libc_nano.a(lib_a-reent.o)
 .debug_frame   0x000036ec       0x20 c:/gnu arm embedded toolchain/10 2020-q4-major/bin/../lib/gcc/arm-none-eabi/10.2.1/../../../../arm-none-eabi/lib/thumb/v7e-m+fp/hard\libc_nano.a(lib_a-nano-msizer.o)
 .debug_frame   0x0000370c       0x20 c:/gnu arm embedded toolchain/10 2020-q4-major/bin/../lib/gcc/arm-none-eabi/10.2.1/../../../../arm-none-eabi/lib/thumb/v7e-m+fp/hard\libnosys.a(close.o)
 .debug_frame   0x0000372c       0x20 c:/gnu arm embedded toolchain/10 2020-q4-major/bin/../lib/gcc/arm-none-eabi/10.2.1/../../../../arm-none-eabi/lib/thumb/v7e-m+fp/hard\libnosys.a(fstat.o)
 .debug_frame   0x0000374c       0x20 c:/gnu arm embedded toolchain/10 2020-q4-major/bin/../lib/gcc/arm-none-eabi/10.2.1/../../../../arm-none-eabi/lib/thumb/v7e-m+fp/hard\libnosys.a(isatty.o)
 .debug_frame   0x0000376c       0x20 c:/gnu arm embedded toolchain/10 2020-q4-major/bin/../lib/gcc/arm-none-eabi/10.2.1/../../../../arm-none-eabi/lib/thumb/v7e-m+fp/hard\libnosys.a(lseek.o)
 .debug_frame   0x0000378c       0x20 c:/gnu arm embedded toolchain/10 2020-q4-major/bin/../lib/gcc/arm-none-eabi/10.2.1/../../../../arm-none-eabi/lib/thumb/v7e-m+fp/hard\libnosys.a(read.o)
 .debug_frame   0x000037ac       0x20 c:/gnu arm embedded toolchain/10 2020-q4-major/bin/../lib/gcc/arm-none-eabi/10.2.1/../../../../arm-none-eabi/lib/thumb/v7e-m+fp/hard\libnosys.a(sbrk.o)
 .debug_frame   0x000037cc       0x2c c:/gnu arm embedded toolchain/10 2020-q4-major/bin/../lib/gcc/arm-none-eabi/10.2.1/thumb/v7e-m+fp/hard\libgcc.a(_aeabi_uldivmod.o)
 .debug_frame   0x000037f8       0x34 c:/gnu arm embedded toolchain/10 2020-q4-major/bin/../lib/gcc/arm-none-eabi/10.2.1/thumb/v7e-m+fp/hard\libgcc.a(_udivmoddi4.o)

.stab           0x00000000       0x84
 .stab          0x00000000       0x24 c:/gnu arm embedded toolchain/10 2020-q4-major/bin/../lib/gcc/arm-none-eabi/10.2.1/../../../../arm-none-eabi/lib/thumb/v7e-m+fp/hard\libnosys.a(close.o)
 .stab          0x00000024       0x18 c:/gnu arm embedded toolchain/10 2020-q4-major/bin/../lib/gcc/arm-none-eabi/10.2.1/../../../../arm-none-eabi/lib/thumb/v7e-m+fp/hard\libnosys.a(fstat.o)
                                 0x24 (size before relaxing)
 .stab          0x0000003c       0x18 c:/gnu arm embedded toolchain/10 2020-q4-major/bin/../lib/gcc/arm-none-eabi/10.2.1/../../../../arm-none-eabi/lib/thumb/v7e-m+fp/hard\libnosys.a(isatty.o)
                                 0x24 (size before relaxing)
 .stab          0x00000054       0x18 c:/gnu arm embedded toolchain/10 2020-q4-major/bin/../lib/gcc/arm-none-eabi/10.2.1/../../../../arm-none-eabi/lib/thumb/v7e-m+fp/hard\libnosys.a(lseek.o)
                                 0x24 (size before relaxing)
 .stab          0x0000006c       0x18 c:/gnu arm embedded toolchain/10 2020-q4-major/bin/../lib/gcc/arm-none-eabi/10.2.1/../../../../arm-none-eabi/lib/thumb/v7e-m+fp/hard\libnosys.a(read.o)
                                 0x24 (size before relaxing)

.stabstr        0x00000000      0x117
 .stabstr       0x00000000      0x117 c:/gnu arm embedded toolchain/10 2020-q4-major/bin/../lib/gcc/arm-none-eabi/10.2.1/../../../../arm-none-eabi/lib/thumb/v7e-m+fp/hard\libnosys.a(close.o)

Cross Reference Table

Symbol                                            File
ADC1_2_IRQHandler                                 build/startup_stm32l476xx.o
ADC3_IRQHandler                                   build/startup_stm32l476xx.o
AHBPrescTable                                     build/system_stm32l4xx.o
                                                  build/stm32l4xx_hal_rcc.o
APBPrescTable                                     build/system_stm32l4xx.o
                                                  build/stm32l4xx_hal_rcc.o
AntPow                                            build/sx126x-board.o
Bandwidths                                        build/radio.o
Buffer                                            build/sx126x_driver.o
BufferSize                                        build/sx126x_driver.o
BusFault_Handler                                  build/stm32l4xx_it.o
CAN1_RX0_IRQHandler                               build/startup_stm32l476xx.o
CAN1_RX1_IRQHandler                               build/startup_stm32l476xx.o
CAN1_SCE_IRQHandler                               build/startup_stm32l476xx.o
CAN1_TX_IRQHandler                                build/startup_stm32l476xx.o
COMP_IRQHandler                                   build/startup_stm32l476xx.o
DFSDM1_FLT0_IRQHandler                            build/startup_stm32l476xx.o
DFSDM1_FLT1_IRQHandler                            build/startup_stm32l476xx.o
DFSDM1_FLT2_IRQHandler                            build/startup_stm32l476xx.o
DFSDM1_FLT3_IRQHandler                            build/startup_stm32l476xx.o
DMA1_Channel1_IRQHandler                          build/startup_stm32l476xx.o
DMA1_Channel2_IRQHandler                          build/startup_stm32l476xx.o
DMA1_Channel3_IRQHandler                          build/startup_stm32l476xx.o
DMA1_Channel4_IRQHandler                          build/startup_stm32l476xx.o
DMA1_Channel5_IRQHandler                          build/startup_stm32l476xx.o
DMA1_Channel6_IRQHandler                          build/startup_stm32l476xx.o
DMA1_Channel7_IRQHandler                          build/startup_stm32l476xx.o
DMA2_Channel1_IRQHandler                          build/startup_stm32l476xx.o
DMA2_Channel2_IRQHandler                          build/startup_stm32l476xx.o
DMA2_Channel3_IRQHandler                          build/startup_stm32l476xx.o
DMA2_Channel4_IRQHandler                          build/startup_stm32l476xx.o
DMA2_Channel5_IRQHandler                          build/startup_stm32l476xx.o
DMA2_Channel6_IRQHandler                          build/startup_stm32l476xx.o
DMA2_Channel7_IRQHandler                          build/startup_stm32l476xx.o
DebugMon_Handler                                  build/stm32l4xx_it.o
Default_Handler                                   build/startup_stm32l476xx.o
Delay                                             build/delay.o
DelayMs                                           build/delay.o
                                                  build/sx126x-board.o
                                                  build/radio.o
                                                  build/sx126x_driver.o
DelayMsMcu                                        build/delay-board.o
                                                  build/delay.o
DeviceSel                                         build/sx126x-board.o
EXTI0_IRQHandler                                  build/startup_stm32l476xx.o
EXTI15_10_IRQHandler                              build/stm32l4xx_it.o
EXTI1_IRQHandler                                  build/startup_stm32l476xx.o
EXTI2_IRQHandler                                  build/startup_stm32l476xx.o
EXTI3_IRQHandler                                  build/startup_stm32l476xx.o
EXTI4_IRQHandler                                  build/stm32l4xx_it.o
EXTI9_5_IRQHandler                                build/startup_stm32l476xx.o
Error_Handler                                     build/main.o
FLASH_FlushCaches                                 build/stm32l4xx_hal_flash_ex.o
                                                  build/stm32l4xx_hal_flash.o
FLASH_IRQHandler                                  build/startup_stm32l476xx.o
FLASH_PageErase                                   build/stm32l4xx_hal_flash_ex.o
                                                  build/stm32l4xx_hal_flash.o
FLASH_WaitForLastOperation                        build/stm32l4xx_hal_flash.o
                                                  build/stm32l4xx_hal_flash_ex.o
FMC_IRQHandler                                    build/startup_stm32l476xx.o
FPU_IRQHandler                                    build/startup_stm32l476xx.o
FrequencyError                                    build/sx126x.o
FskBandwidths                                     build/radio.o
GpioInit                                          build/gpio.o
                                                  build/sx126x-board.o
                                                  build/spi-board.o
GpioMcuInit                                       build/gpio-board.o
                                                  build/gpio.o
GpioMcuRead                                       build/gpio-board.o
                                                  build/gpio.o
GpioMcuRemoveInterrupt                            build/gpio-board.o
                                                  build/gpio.o
GpioMcuSetContext                                 build/gpio-board.o
                                                  build/gpio.o
GpioMcuSetInterrupt                               build/gpio-board.o
                                                  build/gpio.o
GpioMcuToggle                                     build/gpio-board.o
                                                  build/gpio.o
GpioMcuWrite                                      build/gpio-board.o
                                                  build/gpio.o
GpioRead                                          build/gpio.o
                                                  build/sx126x-board.o
GpioRemoveInterrupt                               build/gpio.o
GpioSetContext                                    build/gpio.o
GpioSetInterrupt                                  build/gpio.o
                                                  build/sx126x-board.o
GpioToggle                                        build/gpio.o
                                                  build/sx126x_driver.o
GpioWrite                                         build/gpio.o
                                                  build/sx126x-board.o
HAL_DBGMCU_DisableDBGSleepMode                    build/stm32l4xx_hal.o
HAL_DBGMCU_DisableDBGStandbyMode                  build/stm32l4xx_hal.o
HAL_DBGMCU_DisableDBGStopMode                     build/stm32l4xx_hal.o
HAL_DBGMCU_EnableDBGSleepMode                     build/stm32l4xx_hal.o
HAL_DBGMCU_EnableDBGStandbyMode                   build/stm32l4xx_hal.o
HAL_DBGMCU_EnableDBGStopMode                      build/stm32l4xx_hal.o
HAL_DMA_Abort                                     build/stm32l4xx_hal_dma.o
                                                  build/stm32l4xx_hal_uart.o
                                                  build/stm32l4xx_hal_spi.o
HAL_DMA_Abort_IT                                  build/stm32l4xx_hal_dma.o
                                                  build/stm32l4xx_hal_uart.o
                                                  build/stm32l4xx_hal_spi.o
                                                  build/stm32l4xx_hal_i2c.o
HAL_DMA_DeInit                                    build/stm32l4xx_hal_dma.o
HAL_DMA_GetError                                  build/stm32l4xx_hal_dma.o
                                                  build/stm32l4xx_hal_uart.o
HAL_DMA_GetState                                  build/stm32l4xx_hal_dma.o
                                                  build/stm32l4xx_hal_i2c.o
HAL_DMA_IRQHandler                                build/stm32l4xx_hal_dma.o
HAL_DMA_Init                                      build/stm32l4xx_hal_dma.o
HAL_DMA_PollForTransfer                           build/stm32l4xx_hal_dma.o
HAL_DMA_RegisterCallback                          build/stm32l4xx_hal_dma.o
HAL_DMA_Start                                     build/stm32l4xx_hal_dma.o
HAL_DMA_Start_IT                                  build/stm32l4xx_hal_dma.o
                                                  build/stm32l4xx_hal_uart.o
                                                  build/stm32l4xx_hal_spi.o
                                                  build/stm32l4xx_hal_i2c.o
HAL_DMA_UnRegisterCallback                        build/stm32l4xx_hal_dma.o
HAL_DeInit                                        build/stm32l4xx_hal.o
HAL_Delay                                         build/stm32l4xx_hal.o
                                                  build/delay-board.o
                                                  build/sx126x_driver.o
                                                  build/main.o
HAL_EXTI_ClearConfigLine                          build/stm32l4xx_hal_exti.o
HAL_EXTI_ClearPending                             build/stm32l4xx_hal_exti.o
HAL_EXTI_GenerateSWI                              build/stm32l4xx_hal_exti.o