Archive member included to satisfy reference by file (symbol)

c:/gnu arm embedded toolchain/10 2020-q4-major/bin/../lib/gcc/arm-none-eabi/10.2.1/../../../../arm-none-eabi/lib/thumb/v7e-m+fp/hard\libc_nano.a(lib_a-exit.o)
                              c:/gnu arm embedded toolchain/10 2020-q4-major/bin/../lib/gcc/arm-none-eabi/10.2.1/../../../../arm-none-eabi/lib/thumb/v7e-m+fp/hard/crt0.o (exit)
c:/gnu arm embedded toolchain/10 2020-q4-major/bin/../lib/gcc/arm-none-eabi/10.2.1/../../../../arm-none-eabi/lib/thumb/v7e-m+fp/hard\libc_nano.a(lib_a-impure.o)
                              c:/gnu arm embedded toolchain/10 2020-q4-major/bin/../lib/gcc/arm-none-eabi/10.2.1/../../../../arm-none-eabi/lib/thumb/v7e-m+fp/hard\libc_nano.a(lib_a-exit.o) (_global_impure_ptr)
c:/gnu arm embedded toolchain/10 2020-q4-major/bin/../lib/gcc/arm-none-eabi/10.2.1/../../../../arm-none-eabi/lib/thumb/v7e-m+fp/hard\libc_nano.a(lib_a-init.o)
                              c:/gnu arm embedded toolchain/10 2020-q4-major/bin/../lib/gcc/arm-none-eabi/10.2.1/../../../../arm-none-eabi/lib/thumb/v7e-m+fp/hard/crt0.o (__libc_init_array)
c:/gnu arm embedded toolchain/10 2020-q4-major/bin/../lib/gcc/arm-none-eabi/10.2.1/../../../../arm-none-eabi/lib/thumb/v7e-m+fp/hard\libc_nano.a(lib_a-memset.o)
                              c:/gnu arm embedded toolchain/10 2020-q4-major/bin/../lib/gcc/arm-none-eabi/10.2.1/../../../../arm-none-eabi/lib/thumb/v7e-m+fp/hard/crt0.o (memset)
c:/gnu arm embedded toolchain/10 2020-q4-major/bin/../lib/gcc/arm-none-eabi/10.2.1/../../../../arm-none-eabi/lib/thumb/v7e-m+fp/hard\libc_nano.a(lib_a-printf.o)
                              build/sx126x_driver.o (printf)
c:/gnu arm embedded toolchain/10 2020-q4-major/bin/../lib/gcc/arm-none-eabi/10.2.1/../../../../arm-none-eabi/lib/thumb/v7e-m+fp/hard\libc_nano.a(lib_a-putchar.o)
                              build/sx126x_driver.o (putchar)
c:/gnu arm embedded toolchain/10 2020-q4-major/bin/../lib/gcc/arm-none-eabi/10.2.1/../../../../arm-none-eabi/lib/thumb/v7e-m+fp/hard\libc_nano.a(lib_a-puts.o)
                              build/main.o (puts)
c:/gnu arm embedded toolchain/10 2020-q4-major/bin/../lib/gcc/arm-none-eabi/10.2.1/../../../../arm-none-eabi/lib/thumb/v7e-m+fp/hard\libc_nano.a(lib_a-sprintf.o)
                              build/sx126x_driver.o (sprintf)
c:/gnu arm embedded toolchain/10 2020-q4-major/bin/../lib/gcc/arm-none-eabi/10.2.1/../../../../arm-none-eabi/lib/thumb/v7e-m+fp/hard\libc_nano.a(lib_a-wbuf.o)
                              c:/gnu arm embedded toolchain/10 2020-q4-major/bin/../lib/gcc/arm-none-eabi/10.2.1/../../../../arm-none-eabi/lib/thumb/v7e-m+fp/hard\libc_nano.a(lib_a-puts.o) (__swbuf_r)
c:/gnu arm embedded toolchain/10 2020-q4-major/bin/../lib/gcc/arm-none-eabi/10.2.1/../../../../arm-none-eabi/lib/thumb/v7e-m+fp/hard\libc_nano.a(lib_a-wsetup.o)
                              c:/gnu arm embedded toolchain/10 2020-q4-major/bin/../lib/gcc/arm-none-eabi/10.2.1/../../../../arm-none-eabi/lib/thumb/v7e-m+fp/hard\libc_nano.a(lib_a-puts.o) (__swsetup_r)
c:/gnu arm embedded toolchain/10 2020-q4-major/bin/../lib/gcc/arm-none-eabi/10.2.1/../../../../arm-none-eabi/lib/thumb/v7e-m+fp/hard\libc_nano.a(lib_a-fflush.o)
                              c:/gnu arm embedded toolchain/10 2020-q4-major/bin/../lib/gcc/arm-none-eabi/10.2.1/../../../../arm-none-eabi/lib/thumb/v7e-m+fp/hard\libc_nano.a(lib_a-wbuf.o) (_fflush_r)
c:/gnu arm embedded toolchain/10 2020-q4-major/bin/../lib/gcc/arm-none-eabi/10.2.1/../../../../arm-none-eabi/lib/thumb/v7e-m+fp/hard\libc_nano.a(lib_a-findfp.o)
                              c:/gnu arm embedded toolchain/10 2020-q4-major/bin/../lib/gcc/arm-none-eabi/10.2.1/../../../../arm-none-eabi/lib/thumb/v7e-m+fp/hard\libc_nano.a(lib_a-printf.o) (__sinit)
c:/gnu arm embedded toolchain/10 2020-q4-major/bin/../lib/gcc/arm-none-eabi/10.2.1/../../../../arm-none-eabi/lib/thumb/v7e-m+fp/hard\libc_nano.a(lib_a-fwalk.o)
                              c:/gnu arm embedded toolchain/10 2020-q4-major/bin/../lib/gcc/arm-none-eabi/10.2.1/../../../../arm-none-eabi/lib/thumb/v7e-m+fp/hard\libc_nano.a(lib_a-findfp.o) (_fwalk)
c:/gnu arm embedded toolchain/10 2020-q4-major/bin/../lib/gcc/arm-none-eabi/10.2.1/../../../../arm-none-eabi/lib/thumb/v7e-m+fp/hard\libc_nano.a(lib_a-lock.o)
                              c:/gnu arm embedded toolchain/10 2020-q4-major/bin/../lib/gcc/arm-none-eabi/10.2.1/../../../../arm-none-eabi/lib/thumb/v7e-m+fp/hard\libc_nano.a(lib_a-findfp.o) (__retarget_lock_init_recursive)
c:/gnu arm embedded toolchain/10 2020-q4-major/bin/../lib/gcc/arm-none-eabi/10.2.1/../../../../arm-none-eabi/lib/thumb/v7e-m+fp/hard\libc_nano.a(lib_a-makebuf.o)
                              c:/gnu arm embedded toolchain/10 2020-q4-major/bin/../lib/gcc/arm-none-eabi/10.2.1/../../../../arm-none-eabi/lib/thumb/v7e-m+fp/hard\libc_nano.a(lib_a-wsetup.o) (__smakebuf_r)
[...]
Memory Configuration

Name             Origin             Length             Attributes
RAM              0x20000000         0x00018000         xrw
RAM2             0x10000000         0x00008000         xrw
FLASH            0x08000000         0x00100000         xr
*default*        0x00000000         0xffffffff

Linker script and memory map

LOAD c:/gnu arm embedded toolchain/10 2020-q4-major/bin/../lib/gcc/arm-none-eabi/10.2.1/thumb/v7e-m+fp/hard/crti.o
LOAD c:/gnu arm embedded toolchain/10 2020-q4-major/bin/../lib/gcc/arm-none-eabi/10.2.1/thumb/v7e-m+fp/hard/crtbegin.o
LOAD c:/gnu arm embedded toolchain/10 2020-q4-major/bin/../lib/gcc/arm-none-eabi/10.2.1/../../../../arm-none-eabi/lib/thumb/v7e-m+fp/hard/crt0.o
LOAD build/main.o
LOAD build/stm32l4xx_it.o
LOAD build/stm32l4xx_hal_msp.o
LOAD build/stm32l4xx_hal_rtc.o
LOAD build/stm32l4xx_hal_rtc_ex.o
LOAD build/stm32l4xx_hal.o
LOAD build/stm32l4xx_hal_i2c.o
LOAD build/stm32l4xx_hal_i2c_ex.o
LOAD build/stm32l4xx_hal_rcc.o
LOAD build/stm32l4xx_hal_rcc_ex.o
LOAD build/stm32l4xx_hal_flash.o
LOAD build/stm32l4xx_hal_flash_ex.o
LOAD build/stm32l4xx_hal_flash_ramfunc.o
LOAD build/stm32l4xx_hal_gpio.o
LOAD build/stm32l4xx_hal_dma.o
LOAD build/stm32l4xx_hal_dma_ex.o
LOAD build/stm32l4xx_hal_pwr.o
LOAD build/stm32l4xx_hal_pwr_ex.o
LOAD build/stm32l4xx_hal_cortex.o
LOAD build/stm32l4xx_hal_exti.o
LOAD build/stm32l4xx_hal_spi.o
LOAD build/stm32l4xx_hal_spi_ex.o
LOAD build/stm32l4xx_hal_tim.o
LOAD build/stm32l4xx_hal_tim_ex.o
LOAD build/stm32l4xx_hal_uart.o
LOAD build/stm32l4xx_hal_uart_ex.o
LOAD build/system_stm32l4xx.o
LOAD build/sx126x_driver.o
LOAD build/delay.o
LOAD build/gpio.o
LOAD build/radio.o
LOAD build/sx126x.o
LOAD build/delay-board.o
LOAD build/spi-board.o
LOAD build/sx126x-board.o
LOAD build/gpio-board.o
LOAD build/startup_stm32l476xx.o
LOAD c:/gnu arm embedded toolchain/10 2020-q4-major/bin/../lib/gcc/arm-none-eabi/10.2.1/../../../../arm-none-eabi/lib/thumb/v7e-m+fp/hard\libc_nano.a
LOAD c:/gnu arm embedded toolchain/10 2020-q4-major/bin/../lib/gcc/arm-none-eabi/10.2.1/../../../../arm-none-eabi/lib/thumb/v7e-m+fp/hard\libm.a
LOAD c:/gnu arm embedded toolchain/10 2020-q4-major/bin/../lib/gcc/arm-none-eabi/10.2.1/../../../../arm-none-eabi/lib/thumb/v7e-m+fp/hard\libnosys.a
START GROUP
LOAD c:/gnu arm embedded toolchain/10 2020-q4-major/bin/../lib/gcc/arm-none-eabi/10.2.1/thumb/v7e-m+fp/hard\libgcc.a
LOAD c:/gnu arm embedded toolchain/10 2020-q4-major/bin/../lib/gcc/arm-none-eabi/10.2.1/../../../../arm-none-eabi/lib/thumb/v7e-m+fp/hard\libc_nano.a
END GROUP
START GROUP
LOAD c:/gnu arm embedded toolchain/10 2020-q4-major/bin/../lib/gcc/arm-none-eabi/10.2.1/thumb/v7e-m+fp/hard\libgcc.a
LOAD c:/gnu arm embedded toolchain/10 2020-q4-major/bin/../lib/gcc/arm-none-eabi/10.2.1/../../../../arm-none-eabi/lib/thumb/v7e-m+fp/hard\libc_nano.a
END GROUP
LOAD c:/gnu arm embedded toolchain/10 2020-q4-major/bin/../lib/gcc/arm-none-eabi/10.2.1/thumb/v7e-m+fp/hard/crtend.o
LOAD c:/gnu arm embedded toolchain/10 2020-q4-major/bin/../lib/gcc/arm-none-eabi/10.2.1/thumb/v7e-m+fp/hard/crtn.o
                0x20018000                _estack = 0x20018000
                0x00000200                _Min_Heap_Size = 0x200
                0x00000400                _Min_Stack_Size = 0x400

.isr_vector     0x08000000      0x188
                0x08000000                . = ALIGN (0x8)
 *(.isr_vector)
 .isr_vector    0x08000000      0x188 build/startup_stm32l476xx.o
                0x08000000                g_pfnVectors
                0x08000188                . = ALIGN (0x8)

.text           0x08000190     0x46f8
                0x08000190                . = ALIGN (0x8)
 *(.text)
 .text          0x08000190       0x40 c:/gnu arm embedded toolchain/10 2020-q4-major/bin/../lib/gcc/arm-none-eabi/10.2.1/thumb/v7e-m+fp/hard/crtbegin.o
 .text          0x080001d0       0xa0 c:/gnu arm embedded toolchain/10 2020-q4-major/bin/../lib/gcc/arm-none-eabi/10.2.1/../../../../arm-none-eabi/lib/thumb/v7e-m+fp/hard\libc_nano.a(lib_a-memchr.o)
                0x080001d0                memchr
 .text          0x08000270       0x30 c:/gnu arm embedded toolchain/10 2020-q4-major/bin/../lib/gcc/arm-none-eabi/10.2.1/thumb/v7e-m+fp/hard\libgcc.a(_aeabi_uldivmod.o)
                0x08000270                __aeabi_uldivmod
 .text          0x080002a0      0x2d0 c:/gnu arm embedded toolchain/10 2020-q4-major/bin/../lib/gcc/arm-none-eabi/10.2.1/thumb/v7e-m+fp/hard\libgcc.a(_udivmoddi4.o)
                0x080002a0                __udivmoddi4
 .text          0x08000570        0x4 c:/gnu arm embedded toolchain/10 2020-q4-major/bin/../lib/gcc/arm-none-eabi/10.2.1/thumb/v7e-m+fp/hard\libgcc.a(_dvmd_tls.o)
                0x08000570                __aeabi_idiv0
                0x08000570                __aeabi_ldiv0
 *(.text*)
 .text.MX_GPIO_Init
                0x08000574       0xe4 build/main.o
 .text.SER_PutChar
                0x08000658       0x24 build/main.o
                0x08000658                SER_PutChar
 .text._write   0x0800067c       0x1c build/main.o
                0x0800067c                _write
 .text.Error_Handler
                0x08000698        0x4 build/main.o
                0x08000698                Error_Handler
 .text.MX_SPI1_Init
                0x0800069c       0x4c build/main.o
 .text.MX_USART2_UART_Init
                0x080006e8       0x38 build/main.o
 .text.MX_RTC_Init
                0x08000720       0xc4 build/main.o
 .text.SystemClock_Config
                0x080007e4       0xa0 build/main.o
                0x080007e4                SystemClock_Config
 .text.main     0x08000884       0x34 build/main.o
                0x08000884                main
 .text.NMI_Handler
                0x080008b8        0x2 build/stm32l4xx_it.o
                0x080008b8                NMI_Handler
 .text.HardFault_Handler
                0x080008ba        0x2 build/stm32l4xx_it.o
                0x080008ba                HardFault_Handler
 .text.MemManage_Handler
                0x080008bc        0x2 build/stm32l4xx_it.o
                0x080008bc                MemManage_Handler
 .text.BusFault_Handler
                0x080008be        0x2 build/stm32l4xx_it.o
                0x080008be                BusFault_Handler
 .text.UsageFault_Handler
                0x080008c0        0x2 build/stm32l4xx_it.o
                0x080008c0                UsageFault_Handler
 .text.SVC_Handler
                0x080008c2        0x2 build/stm32l4xx_it.o
                0x080008c2                SVC_Handler
 .text.DebugMon_Handler
                0x080008c4        0x2 build/stm32l4xx_it.o
                0x080008c4                DebugMon_Handler
 .text.PendSV_Handler
                0x080008c6        0x2 build/stm32l4xx_it.o
                0x080008c6                PendSV_Handler
 .text.SysTick_Handler
                0x080008c8        0x8 build/stm32l4xx_it.o
                0x080008c8                SysTick_Handler
 .text.EXTI15_10_IRQHandler
                0x080008d0        0xc build/stm32l4xx_it.o
                0x080008d0                EXTI15_10_IRQHandler
 .text.RTC_Alarm_IRQHandler
                0x080008dc       0x10 build/stm32l4xx_it.o
                0x080008dc                RTC_Alarm_IRQHandler
 .text.HAL_MspInit
                0x080008ec       0x30 build/stm32l4xx_hal_msp.o
                0x080008ec                HAL_MspInit
 .text.HAL_RTC_MspInit
                0x0800091c       0x34 build/stm32l4xx_hal_msp.o
                0x0800091c                HAL_RTC_MspInit
 .text.HAL_SPI_MspInit
                0x08000950       0x68 build/stm32l4xx_hal_msp.o
                0x08000950                HAL_SPI_MspInit
 .text.HAL_UART_MspInit
                0x080009b8       0x7c build/stm32l4xx_hal_msp.o
                0x080009b8                HAL_UART_MspInit
 .text.HAL_RTC_AlarmAEventCallback
                0x08000a34        0x2 build/stm32l4xx_hal_rtc.o
                0x08000a34                HAL_RTC_AlarmAEventCallback
 *fill*         0x08000a36        0x2 
 .text.HAL_RTC_AlarmIRQHandler
                0x08000a38       0x60 build/stm32l4xx_hal_rtc.o
                0x08000a38                HAL_RTC_AlarmIRQHandler
 .text.HAL_RTC_WaitForSynchro
                0x08000a98       0x32 build/stm32l4xx_hal_rtc.o
                0x08000a98                HAL_RTC_WaitForSynchro
 .text.RTC_EnterInitMode
                0x08000aca       0x44 build/stm32l4xx_hal_rtc.o
                0x08000aca                RTC_EnterInitMode
 *fill*         0x08000b0e        0x2 
 .text.RTC_ExitInitMode
                0x08000b10       0x50 build/stm32l4xx_hal_rtc.o
                0x08000b10                RTC_ExitInitMode
 .text.HAL_RTC_Init
                0x08000b60       0x9a build/stm32l4xx_hal_rtc.o
                0x08000b60                HAL_RTC_Init
 .text.RTC_ByteToBcd2
                0x08000bfa       0x16 build/stm32l4xx_hal_rtc.o
                0x08000bfa                RTC_ByteToBcd2
 .text.HAL_RTC_SetTime
                0x08000c10       0xc8 build/stm32l4xx_hal_rtc.o
                0x08000c10                HAL_RTC_SetTime
 .text.HAL_RTC_SetDate
                0x08000cd8       0xa6 build/stm32l4xx_hal_rtc.o
                0x08000cd8                HAL_RTC_SetDate
 *fill*         0x08000d7e        0x2 
 .text.HAL_RTC_SetAlarm_IT
                0x08000d80      0x1a0 build/stm32l4xx_hal_rtc.o
                0x08000d80                HAL_RTC_SetAlarm_IT
 .text.HAL_RTCEx_AlarmBEventCallback
                0x08000f20        0x2 build/stm32l4xx_hal_rtc_ex.o
                0x08000f20                HAL_RTCEx_AlarmBEventCallback
 *fill*         0x08000f22        0x2 
 .text.HAL_InitTick
                0x08000f24       0x50 build/stm32l4xx_hal.o
                0x08000f24                HAL_InitTick
 .text.HAL_Init
                0x08000f74       0x2c build/stm32l4xx_hal.o
                0x08000f74                HAL_Init
 .text.HAL_IncTick
                0x08000fa0       0x18 build/stm32l4xx_hal.o
                0x08000fa0                HAL_IncTick
 .text.HAL_GetTick
                0x08000fb8        0xc build/stm32l4xx_hal.o
                0x08000fb8                HAL_GetTick
 .text.HAL_Delay
                0x08000fc4       0x28 build/stm32l4xx_hal.o
                0x08000fc4                HAL_Delay
 .text.RCC_SetFlashLatencyFromMSIRange
                0x08000fec       0x90 build/stm32l4xx_hal_rcc.o
 .text.HAL_RCC_GetSysClockFreq
                0x0800107c       0xb4 build/stm32l4xx_hal_rcc.o
                0x0800107c                HAL_RCC_GetSysClockFreq
 .text.HAL_RCC_OscConfig
                0x08001130      0x62c build/stm32l4xx_hal_rcc.o
                0x08001130                HAL_RCC_OscConfig
 .text.HAL_RCC_ClockConfig
                0x0800175c      0x15c build/stm32l4xx_hal_rcc.o
                0x0800175c                HAL_RCC_ClockConfig
 .text.HAL_RCC_GetHCLKFreq
                0x080018b8        0xc build/stm32l4xx_hal_rcc.o
                0x080018b8                HAL_RCC_GetHCLKFreq
 .text.HAL_RCC_GetPCLK1Freq
                0x080018c4       0x24 build/stm32l4xx_hal_rcc.o
                0x080018c4                HAL_RCC_GetPCLK1Freq
 .text.HAL_RCC_GetPCLK2Freq
                0x080018e8       0x24 build/stm32l4xx_hal_rcc.o
                0x080018e8                HAL_RCC_GetPCLK2Freq
 .text.RCCEx_PLLSAI1_Config
                0x0800190c      0x170 build/stm32l4xx_hal_rcc_ex.o
 .text.RCCEx_PLLSAI2_Config
                0x08001a7c      0x14c build/stm32l4xx_hal_rcc_ex.o
 .text.HAL_RCCEx_PeriphCLKConfig
                0x08001bc8      0x454 build/stm32l4xx_hal_rcc_ex.o
                0x08001bc8                HAL_RCCEx_PeriphCLKConfig
 .text.HAL_GPIO_Init
                0x0800201c      0x1dc build/stm32l4xx_hal_gpio.o
                0x0800201c                HAL_GPIO_Init
 .text.HAL_GPIO_ReadPin
                0x080021f8        0xe build/stm32l4xx_hal_gpio.o
                0x080021f8                HAL_GPIO_ReadPin
 .text.HAL_GPIO_WritePin
                0x08002206        0xa build/stm32l4xx_hal_gpio.o
                0x08002206                HAL_GPIO_WritePin
 .text.HAL_GPIO_EXTI_IRQHandler
                0x08002210       0x1c build/stm32l4xx_hal_gpio.o
                0x08002210                HAL_GPIO_EXTI_IRQHandler
 .text.HAL_PWREx_GetVoltageRange
                0x0800222c       0x10 build/stm32l4xx_hal_pwr_ex.o
                0x0800222c                HAL_PWREx_GetVoltageRange
 .text.HAL_PWREx_ControlVoltageScaling
                0x0800223c       0x90 build/stm32l4xx_hal_pwr_ex.o
                0x0800223c                HAL_PWREx_ControlVoltageScaling
 .text.HAL_NVIC_SetPriorityGrouping
                0x080022cc       0x24 build/stm32l4xx_hal_cortex.o
                0x080022cc                HAL_NVIC_SetPriorityGrouping
 .text.HAL_NVIC_SetPriority
                0x080022f0       0x70 build/stm32l4xx_hal_cortex.o
                0x080022f0                HAL_NVIC_SetPriority
 .text.HAL_NVIC_EnableIRQ
                0x08002360       0x1c build/stm32l4xx_hal_cortex.o
                0x08002360                HAL_NVIC_EnableIRQ
 .text.HAL_SYSTICK_Config
                0x0800237c       0x28 build/stm32l4xx_hal_cortex.o
                0x0800237c                HAL_SYSTICK_Config
 .text.SPI_WaitFlagStateUntilTimeout
                0x080023a4       0xd4 build/stm32l4xx_hal_spi.o
 .text.SPI_WaitFifoStateUntilTimeout
                0x08002478       0xe0 build/stm32l4xx_hal_spi.o
 .text.SPI_EndRxTxTransaction
                0x08002558       0x62 build/stm32l4xx_hal_spi.o
 .text.HAL_SPI_Init
                0x080025ba       0xde build/stm32l4xx_hal_spi.o
                0x080025ba                HAL_SPI_Init
 .text.HAL_SPI_TransmitReceive
                0x08002698      0x2de build/stm32l4xx_hal_spi.o
                0x08002698                HAL_SPI_TransmitReceive
 *fill*         0x08002976        0x2 
 .text.UART_SetConfig
                0x08002978      0x328 build/stm32l4xx_hal_uart.o
                0x08002978                UART_SetConfig
 .text.UART_AdvFeatureConfig
                0x08002ca0       0xca build/stm32l4xx_hal_uart.o
                0x08002ca0                UART_AdvFeatureConfig
 .text.UART_WaitOnFlagUntilTimeout
                0x08002d6a       0xa6 build/stm32l4xx_hal_uart.o
                0x08002d6a                UART_WaitOnFlagUntilTimeout
 .text.HAL_UART_Transmit
                0x08002e10       0xd6 build/stm32l4xx_hal_uart.o
                0x08002e10                HAL_UART_Transmit
 .text.UART_CheckIdleState
                0x08002ee6       0x6c build/stm32l4xx_hal_uart.o
                0x08002ee6                UART_CheckIdleState
 .text.HAL_UART_Init
                0x08002f52       0x62 build/stm32l4xx_hal_uart.o
                0x08002f52                HAL_UART_Init
 .text.SystemInit
                0x08002fb4       0x48 build/system_stm32l4xx.o
                0x08002fb4                SystemInit
 .text.sx126x_io_init
                0x08002ffc       0x90 build/sx126x_driver.o
 .text.sx126x_init
                0x0800308c        0x8 build/sx126x_driver.o
                0x0800308c                sx126x_init
 .text.sx126x_test
                0x08003094       0xac build/sx126x_driver.o
                0x08003094                sx126x_test
 .text.GpioWrite
                0x08003140       0x9c build/gpio.o
                0x08003140                GpioWrite
 .text.GpioInit
                0x080031dc       0x1c build/gpio.o
                0x080031dc                GpioInit
 .text.GpioRead
                0x080031f8       0x30 build/gpio.o
                0x080031f8                GpioRead
 .text.SX126xCheckDeviceReady
                0x08003228       0x1e build/sx126x.o
                0x08003228                SX126xCheckDeviceReady
 *fill*         0x08003246        0x2 
 .text.SpiInOut
                0x08003248       0x34 build/spi-board.o
                0x08003248                SpiInOut
 .text.SX126xGetOperatingMode
                0x0800327c        0xc build/sx126x-board.o
                0x0800327c                SX126xGetOperatingMode
 .text.SX126xSetOperatingMode
                0x08003288        0xc build/sx126x-board.o
                0x08003288                SX126xSetOperatingMode
 .text.SX126xWaitOnBusy
                0x08003294       0x14 build/sx126x-board.o
                0x08003294                SX126xWaitOnBusy
 .text.SX126xWakeup
                0x080032a8       0x38 build/sx126x-board.o
                0x080032a8                SX126xWakeup
 .text.SX126xWriteRegisters
                0x080032e0       0x5c build/sx126x-board.o
                0x080032e0                SX126xWriteRegisters
 .text.SX126xWriteRegister
                0x0800333c       0x18 build/sx126x-board.o
                0x0800333c                SX126xWriteRegister
 .text.SX126xReadRegisters
                0x08003354       0x64 build/sx126x-board.o
                0x08003354                SX126xReadRegisters
 .text.SX126xReadRegister
                0x080033b8       0x18 build/sx126x-board.o
                0x080033b8                SX126xReadRegister
 .text.SX126xAntSwOn
                0x080033d0       0x20 build/sx126x-board.o
                0x080033d0                SX126xAntSwOn
 .text.HAL_GPIO_EXTI_Callback
                0x080033f0       0x30 build/gpio-board.o
                0x080033f0                HAL_GPIO_EXTI_Callback
 .text.Reset_Handler
                0x08003420       0x50 build/startup_stm32l476xx.o
                0x08003420                Reset_Handler
 .text.Default_Handler
                0x08003470        0x2 build/startup_stm32l476xx.o
                0x08003470                EXTI2_IRQHandler
                0x08003470                TIM8_TRG_COM_IRQHandler
                0x08003470                TIM8_CC_IRQHandler
                0x08003470                TIM1_CC_IRQHandler
                0x08003470                TSC_IRQHandler
                0x08003470                TAMP_STAMP_IRQHandler
                0x08003470                EXTI3_IRQHandler
                0x08003470                LPTIM2_IRQHandler
                0x08003470                DFSDM1_FLT1_IRQHandler
                0x08003470                I2C3_ER_IRQHandler
                0x08003470                DFSDM1_FLT2_IRQHandler
                0x08003470                EXTI0_IRQHandler
                0x08003470                I2C2_EV_IRQHandler
                0x08003470                CAN1_RX0_IRQHandler
                0x08003470                FPU_IRQHandler
                0x08003470                TIM1_UP_TIM16_IRQHandler
                0x08003470                ADC1_2_IRQHandler
                0x08003470                SPI1_IRQHandler
                0x08003470                TIM6_DAC_IRQHandler
                0x08003470                TIM8_UP_IRQHandler
                0x08003470                DMA2_Channel2_IRQHandler
                0x08003470                DMA1_Channel4_IRQHandler
                0x08003470                SAI2_IRQHandler
                0x08003470                DFSDM1_FLT3_IRQHandler
                0x08003470                USART3_IRQHandler
                0x08003470                DMA1_Channel7_IRQHandler
                0x08003470                CAN1_RX1_IRQHandler
                0x08003470                LCD_IRQHandler
                0x08003470                UART5_IRQHandler
                0x08003470                ADC3_IRQHandler
                0x08003470                TIM4_IRQHandler
                0x08003470                DMA2_Channel1_IRQHandler
                0x08003470                QUADSPI_IRQHandler
                0x08003470                I2C1_EV_IRQHandler
                0x08003470                DMA1_Channel6_IRQHandler
                0x08003470                UART4_IRQHandler
                0x08003470                DMA2_Channel4_IRQHandler
                0x08003470                TIM3_IRQHandler
                0x08003470                RCC_IRQHandler
                0x08003470                DMA1_Channel1_IRQHandler
                0x08003470                Default_Handler
                0x08003470                DMA2_Channel7_IRQHandler
                0x08003470                TIM7_IRQHandler
                0x08003470                SDMMC1_IRQHandler
                0x08003470                TIM5_IRQHandler
                0x08003470                I2C3_EV_IRQHandler
                0x08003470                EXTI9_5_IRQHandler
                0x08003470                RTC_WKUP_IRQHandler
                0x08003470                PVD_PVM_IRQHandler
                0x08003470                SPI2_IRQHandler
                0x08003470                CAN1_TX_IRQHandler
                0x08003470                DMA2_Channel5_IRQHandler
                0x08003470                DMA1_Channel5_IRQHandler
                0x08003470                EXTI4_IRQHandler
                0x08003470                RNG_IRQHandler
                0x08003470                TIM1_TRG_COM_TIM17_IRQHandler
                0x08003470                DMA1_Channel3_IRQHandler
                0x08003470                COMP_IRQHandler
                0x08003470                WWDG_IRQHandler
                0x08003470                LPUART1_IRQHandler
                0x08003470                DMA2_Channel6_IRQHandler
                0x08003470                TIM2_IRQHandler
                0x08003470                EXTI1_IRQHandler
                0x08003470                USART2_IRQHandler
                0x08003470                DFSDM1_FLT0_IRQHandler
                0x08003470                I2C2_ER_IRQHandler
                0x08003470                DMA1_Channel2_IRQHandler
                0x08003470                TIM8_BRK_IRQHandler
                0x08003470                CAN1_SCE_IRQHandler
                0x08003470                FLASH_IRQHandler
                0x08003470                USART1_IRQHandler
                0x08003470                OTG_FS_IRQHandler
                0x08003470                SPI3_IRQHandler
                0x08003470                I2C1_ER_IRQHandler
                0x08003470                FMC_IRQHandler
                0x08003470                SWPMI1_IRQHandler
                0x08003470                LPTIM1_IRQHandler
                0x08003470                SAI1_IRQHandler
                0x08003470                DMA2_Channel3_IRQHandler
                0x08003470                TIM1_BRK_TIM15_IRQHandler
 *fill*         0x08003472        0x2 
 .text.__libc_init_array
                0x08003474       0x48 c:/gnu arm embedded toolchain/10 2020-q4-major/bin/../lib/gcc/arm-none-eabi/10.2.1/../../../../arm-none-eabi/lib/thumb/v7e-m+fp/hard\libc_nano.a(lib_a-init.o)
                0x08003474                __libc_init_array
 .text.memset   0x080034bc       0x10 c:/gnu arm embedded toolchain/10 2020-q4-major/bin/../lib/gcc/arm-none-eabi/10.2.1/../../../../arm-none-eabi/lib/thumb/v7e-m+fp/hard\libc_nano.a(lib_a-memset.o)
                0x080034bc                memset
 .text.printf   0x080034cc       0x30 c:/gnu arm embedded toolchain/10 2020-q4-major/bin/../lib/gcc/arm-none-eabi/10.2.1/../../../../arm-none-eabi/lib/thumb/v7e-m+fp/hard\libc_nano.a(lib_a-printf.o)
                0x080034cc                iprintf
                0x080034cc                printf
 .text._puts_r  0x080034fc       0xdc c:/gnu arm embedded toolchain/10 2020-q4-major/bin/../lib/gcc/arm-none-eabi/10.2.1/../../../../arm-none-eabi/lib/thumb/v7e-m+fp/hard\libc_nano.a(lib_a-puts.o)
                0x080034fc                _puts_r
 .text.puts     0x080035d8       0x10 c:/gnu arm embedded toolchain/10 2020-q4-major/bin/../lib/gcc/arm-none-eabi/10.2.1/../../../../arm-none-eabi/lib/thumb/v7e-m+fp/hard\libc_nano.a(lib_a-puts.o)
                0x080035d8                puts
 .text.sprintf  0x080035e8       0x40 c:/gnu arm embedded toolchain/10 2020-q4-major/bin/../lib/gcc/arm-none-eabi/10.2.1/../../../../arm-none-eabi/lib/thumb/v7e-m+fp/hard\libc_nano.a(lib_a-sprintf.o)
                0x080035e8                siprintf
                0x080035e8                sprintf
 .text.__swbuf_r
                0x08003628       0xa4 c:/gnu arm embedded toolchain/10 2020-q4-major/bin/../lib/gcc/arm-none-eabi/10.2.1/../../../../arm-none-eabi/lib/thumb/v7e-m+fp/hard\libc_nano.a(lib_a-wbuf.o)
                0x08003628                __swbuf_r
 .text.__swsetup_r
                0x080036cc       0xdc c:/gnu arm embedded toolchain/10 2020-q4-major/bin/../lib/gcc/arm-none-eabi/10.2.1/../../../../arm-none-eabi/lib/thumb/v7e-m+fp/hard\libc_nano.a(lib_a-wsetup.o)
                0x080036cc                __swsetup_r
 .text.__sflush_r
                0x080037a8      0x10c c:/gnu arm embedded toolchain/10 2020-q4-major/bin/../lib/gcc/arm-none-eabi/10.2.1/../../../../arm-none-eabi/lib/thumb/v7e-m+fp/hard\libc_nano.a(lib_a-fflush.o)
                0x080037a8                __sflush_r
 .text._fflush_r
                0x080038b4       0x78 c:/gnu arm embedded toolchain/10 2020-q4-major/bin/../lib/gcc/arm-none-eabi/10.2.1/../../../../arm-none-eabi/lib/thumb/v7e-m+fp/hard\libc_nano.a(lib_a-fflush.o)
                0x080038b4                _fflush_r
 .text.std      0x0800392c       0x48 c:/gnu arm embedded toolchain/10 2020-q4-major/bin/../lib/gcc/arm-none-eabi/10.2.1/../../../../arm-none-eabi/lib/thumb/v7e-m+fp/hard\libc_nano.a(lib_a-findfp.o)
 .text._cleanup_r
                0x08003974        0xc c:/gnu arm embedded toolchain/10 2020-q4-major/bin/../lib/gcc/arm-none-eabi/10.2.1/../../../../arm-none-eabi/lib/thumb/v7e-m+fp/hard\libc_nano.a(lib_a-findfp.o)
                0x08003974                _cleanup_r
 .text.__sfmoreglue
                0x08003980       0x2c c:/gnu arm embedded toolchain/10 2020-q4-major/bin/../lib/gcc/arm-none-eabi/10.2.1/../../../../arm-none-eabi/lib/thumb/v7e-m+fp/hard\libc_nano.a(lib_a-findfp.o)
                0x08003980                __sfmoreglue
 .text.__sfp_lock_acquire
                0x080039ac        0xc c:/gnu arm embedded toolchain/10 2020-q4-major/bin/../lib/gcc/arm-none-eabi/10.2.1/../../../../arm-none-eabi/lib/thumb/v7e-m+fp/hard\libc_nano.a(lib_a-findfp.o)
                0x080039ac                __sfp_lock_acquire
 .text.__sfp_lock_release
                0x080039b8        0xc c:/gnu arm embedded toolchain/10 2020-q4-major/bin/../lib/gcc/arm-none-eabi/10.2.1/../../../../arm-none-eabi/lib/thumb/v7e-m+fp/hard\libc_nano.a(lib_a-findfp.o)
                0x080039b8                __sfp_lock_release
 .text.__sinit_lock_acquire
                0x080039c4        0xc c:/gnu arm embedded toolchain/10 2020-q4-major/bin/../lib/gcc/arm-none-eabi/10.2.1/../../../../arm-none-eabi/lib/thumb/v7e-m+fp/hard\libc_nano.a(lib_a-findfp.o)
                0x080039c4                __sinit_lock_acquire
 .text.__sinit_lock_release
                0x080039d0        0xc c:/gnu arm embedded toolchain/10 2020-q4-major/bin/../lib/gcc/arm-none-eabi/10.2.1/../../../../arm-none-eabi/lib/thumb/v7e-m+fp/hard\libc_nano.a(lib_a-findfp.o)
                0x080039d0                __sinit_lock_release
 .text.__sinit  0x080039dc       0x70 c:/gnu arm embedded toolchain/10 2020-q4-major/bin/../lib/gcc/arm-none-eabi/10.2.1/../../../../arm-none-eabi/lib/thumb/v7e-m+fp/hard\libc_nano.a(lib_a-findfp.o)
                0x080039dc                __sinit
 .text.__sfp    0x08003a4c       0x8c c:/gnu arm embedded toolchain/10 2020-q4-major/bin/../lib/gcc/arm-none-eabi/10.2.1/../../../../arm-none-eabi/lib/thumb/v7e-m+fp/hard\libc_nano.a(lib_a-findfp.o)
                0x08003a4c                __sfp
 .text._fwalk_reent
                0x08003ad8       0x3e c:/gnu arm embedded toolchain/10 2020-q4-major/bin/../lib/gcc/arm-none-eabi/10.2.1/../../../../arm-none-eabi/lib/thumb/v7e-m+fp/hard\libc_nano.a(lib_a-fwalk.o)
                0x08003ad8                _fwalk_reent
 .text.__retarget_lock_init_recursive
                0x08003b16        0x2 c:/gnu arm embedded toolchain/10 2020-q4-major/bin/../lib/gcc/arm-none-eabi/10.2.1/../../../../arm-none-eabi/lib/thumb/v7e-m+fp/hard\libc_nano.a(lib_a-lock.o)
                0x08003b16                __retarget_lock_init_recursive
 .text.__retarget_lock_acquire_recursive
                0x08003b18        0x2 c:/gnu arm embedded toolchain/10 2020-q4-major/bin/../lib/gcc/arm-none-eabi/10.2.1/../../../../arm-none-eabi/lib/thumb/v7e-m+fp/hard\libc_nano.a(lib_a-lock.o)
                0x08003b18                __retarget_lock_acquire_recursive
 .text.__retarget_lock_release_recursive
                0x08003b1a        0x2 c:/gnu arm embedded toolchain/10 2020-q4-major/bin/../lib/gcc/arm-none-eabi/10.2.1/../../../../arm-none-eabi/lib/thumb/v7e-m+fp/hard\libc_nano.a(lib_a-lock.o)
                0x08003b1a                __retarget_lock_release_recursive
 .text.__swhatbuf_r
                0x08003b1c       0x4a c:/gnu arm embedded toolchain/10 2020-q4-major/bin/../lib/gcc/arm-none-eabi/10.2.1/../../../../arm-none-eabi/lib/thumb/v7e-m+fp/hard\libc_nano.a(lib_a-makebuf.o)
                0x08003b1c                __swhatbuf_r
 *fill*         0x08003b66        0x2 
 .text.__smakebuf_r
                0x08003b68       0x80 c:/gnu arm embedded toolchain/10 2020-q4-major/bin/../lib/gcc/arm-none-eabi/10.2.1/../../../../arm-none-eabi/lib/thumb/v7e-m+fp/hard\libc_nano.a(lib_a-makebuf.o)
                0x08003b68                __smakebuf_r
 .text._free_r  0x08003be8       0x98 c:/gnu arm embedded toolchain/10 2020-q4-major/bin/../lib/gcc/arm-none-eabi/10.2.1/../../../../arm-none-eabi/lib/thumb/v7e-m+fp/hard\libc_nano.a(lib_a-nano-freer.o)
                0x08003be8                _free_r
 .text._malloc_r
                0x08003c80       0xb4 c:/gnu arm embedded toolchain/10 2020-q4-major/bin/../lib/gcc/arm-none-eabi/10.2.1/../../../../arm-none-eabi/lib/thumb/v7e-m+fp/hard\libc_nano.a(lib_a-nano-mallocr.o)
                0x08003c80                _malloc_r
 .text.__ssputs_r
                0x08003d34       0xb6 c:/gnu arm embedded toolchain/10 2020-q4-major/bin/../lib/gcc/arm-none-eabi/10.2.1/../../../../arm-none-eabi/lib/thumb/v7e-m+fp/hard\libc_nano.a(lib_a-nano-svfprintf.o)
                0x08003d34                __ssputs_r
 *fill*         0x08003dea        0x2 
 .text._svfprintf_r
                0x08003dec      0x200 c:/gnu arm embedded toolchain/10 2020-q4-major/bin/../lib/gcc/arm-none-eabi/10.2.1/../../../../arm-none-eabi/lib/thumb/v7e-m+fp/hard\libc_nano.a(lib_a-nano-svfprintf.o)
                0x08003dec                _svfiprintf_r
                0x08003dec                _svfprintf_r
 .text.__sfputc_r
                0x08003fec       0x2e c:/gnu arm embedded toolchain/10 2020-q4-major/bin/../lib/gcc/arm-none-eabi/10.2.1/../../../../arm-none-eabi/lib/thumb/v7e-m+fp/hard\libc_nano.a(lib_a-nano-vfprintf.o)
 .text.__sfputs_r
                0x0800401a       0x24 c:/gnu arm embedded toolchain/10 2020-q4-major/bin/../lib/gcc/arm-none-eabi/10.2.1/../../../../arm-none-eabi/lib/thumb/v7e-m+fp/hard\libc_nano.a(lib_a-nano-vfprintf.o)
                0x0800401a                __sfputs_r
 *fill*         0x0800403e        0x2 
 .text._vfprintf_r
                0x08004040      0x260 c:/gnu arm embedded toolchain/10 2020-q4-major/bin/../lib/gcc/arm-none-eabi/10.2.1/../../../../arm-none-eabi/lib/thumb/v7e-m+fp/hard\libc_nano.a(lib_a-nano-vfprintf.o)
                0x08004040                _vfprintf_r
                0x08004040                _vfiprintf_r
 .text._printf_common
                0x080042a0       0xda c:/gnu arm embedded toolchain/10 2020-q4-major/bin/../lib/gcc/arm-none-eabi/10.2.1/../../../../arm-none-eabi/lib/thumb/v7e-m+fp/hard\libc_nano.a(lib_a-nano-vfprintf_i.o)
                0x080042a0                _printf_common
 *fill*         0x0800437a        0x2 
 .text._printf_i
                0x0800437c      0x24c c:/gnu arm embedded toolchain/10 2020-q4-major/bin/../lib/gcc/arm-none-eabi/10.2.1/../../../../arm-none-eabi/lib/thumb/v7e-m+fp/hard\libc_nano.a(lib_a-nano-vfprintf_i.o)
                0x0800437c                _printf_i
 .text._sbrk_r  0x080045c8       0x20 c:/gnu arm embedded toolchain/10 2020-q4-major/bin/../lib/gcc/arm-none-eabi/10.2.1/../../../../arm-none-eabi/lib/thumb/v7e-m+fp/hard\libc_nano.a(lib_a-sbrkr.o)
                0x080045c8                _sbrk_r
 .text.__sread  0x080045e8       0x22 c:/gnu arm embedded toolchain/10 2020-q4-major/bin/../lib/gcc/arm-none-eabi/10.2.1/../../../../arm-none-eabi/lib/thumb/v7e-m+fp/hard\libc_nano.a(lib_a-stdio.o)
                0x080045e8                __sread
 .text.__swrite
                0x0800460a       0x38 c:/gnu arm embedded toolchain/10 2020-q4-major/bin/../lib/gcc/arm-none-eabi/10.2.1/../../../../arm-none-eabi/lib/thumb/v7e-m+fp/hard\libc_nano.a(lib_a-stdio.o)
                0x0800460a                __swrite
 .text.__sseek  0x08004642       0x24 c:/gnu arm embedded toolchain/10 2020-q4-major/bin/../lib/gcc/arm-none-eabi/10.2.1/../../../../arm-none-eabi/lib/thumb/v7e-m+fp/hard\libc_nano.a(lib_a-stdio.o)
                0x08004642                __sseek
 .text.__sclose
                0x08004666        0x8 c:/gnu arm embedded toolchain/10 2020-q4-major/bin/../lib/gcc/arm-none-eabi/10.2.1/../../../../arm-none-eabi/lib/thumb/v7e-m+fp/hard\libc_nano.a(lib_a-stdio.o)
                0x08004666                __sclose
 *fill*         0x0800466e        0x2 
 .text._write_r
                0x08004670       0x24 c:/gnu arm embedded toolchain/10 2020-q4-major/bin/../lib/gcc/arm-none-eabi/10.2.1/../../../../arm-none-eabi/lib/thumb/v7e-m+fp/hard\libc_nano.a(lib_a-writer.o)
                0x08004670                _write_r
 .text._close_r
                0x08004694       0x20 c:/gnu arm embedded toolchain/10 2020-q4-major/bin/../lib/gcc/arm-none-eabi/10.2.1/../../../../arm-none-eabi/lib/thumb/v7e-m+fp/hard\libc_nano.a(lib_a-closer.o)
                0x08004694                _close_r
 .text._fstat_r
                0x080046b4       0x24 c:/gnu arm embedded toolchain/10 2020-q4-major/bin/../lib/gcc/arm-none-eabi/10.2.1/../../../../arm-none-eabi/lib/thumb/v7e-m+fp/hard\libc_nano.a(lib_a-fstatr.o)
                0x080046b4                _fstat_r
 .text._isatty_r
                0x080046d8       0x20 c:/gnu arm embedded toolchain/10 2020-q4-major/bin/../lib/gcc/arm-none-eabi/10.2.1/../../../../arm-none-eabi/lib/thumb/v7e-m+fp/hard\libc_nano.a(lib_a-isattyr.o)
                0x080046d8                _isatty_r
 .text._lseek_r
                0x080046f8       0x24 c:/gnu arm embedded toolchain/10 2020-q4-major/bin/../lib/gcc/arm-none-eabi/10.2.1/../../../../arm-none-eabi/lib/thumb/v7e-m+fp/hard\libc_nano.a(lib_a-lseekr.o)
                0x080046f8                _lseek_r
 .text.memcpy   0x0800471c       0x1c c:/gnu arm embedded toolchain/10 2020-q4-major/bin/../lib/gcc/arm-none-eabi/10.2.1/../../../../arm-none-eabi/lib/thumb/v7e-m+fp/hard\libc_nano.a(lib_a-memcpy-stub.o)
                0x0800471c                memcpy
 .text.memmove  0x08004738       0x34 c:/gnu arm embedded toolchain/10 2020-q4-major/bin/../lib/gcc/arm-none-eabi/10.2.1/../../../../arm-none-eabi/lib/thumb/v7e-m+fp/hard\libc_nano.a(lib_a-memmove.o)
                0x08004738                memmove
 .text.__malloc_lock
                0x0800476c        0xc c:/gnu arm embedded toolchain/10 2020-q4-major/bin/../lib/gcc/arm-none-eabi/10.2.1/../../../../arm-none-eabi/lib/thumb/v7e-m+fp/hard\libc_nano.a(lib_a-mlock.o)
                0x0800476c                __malloc_lock
 .text.__malloc_unlock
                0x08004778        0xc c:/gnu arm embedded toolchain/10 2020-q4-major/bin/../lib/gcc/arm-none-eabi/10.2.1/../../../../arm-none-eabi/lib/thumb/v7e-m+fp/hard\libc_nano.a(lib_a-mlock.o)
                0x08004778                __malloc_unlock
 .text._realloc_r
                0x08004784       0x4c c:/gnu arm embedded toolchain/10 2020-q4-major/bin/../lib/gcc/arm-none-eabi/10.2.1/../../../../arm-none-eabi/lib/thumb/v7e-m+fp/hard\libc_nano.a(lib_a-nano-reallocr.o)
                0x08004784                _realloc_r
 .text._read_r  0x080047d0       0x24 c:/gnu arm embedded toolchain/10 2020-q4-major/bin/../lib/gcc/arm-none-eabi/10.2.1/../../../../arm-none-eabi/lib/thumb/v7e-m+fp/hard\libc_nano.a(lib_a-readr.o)
                0x080047d0                _read_r
 .text._malloc_usable_size_r
                0x080047f4       0x10 c:/gnu arm embedded toolchain/10 2020-q4-major/bin/../lib/gcc/arm-none-eabi/10.2.1/../../../../arm-none-eabi/lib/thumb/v7e-m+fp/hard\libc_nano.a(lib_a-nano-msizer.o)
                0x080047f4                _malloc_usable_size_r
 .text._close   0x08004804       0x10 c:/gnu arm embedded toolchain/10 2020-q4-major/bin/../lib/gcc/arm-none-eabi/10.2.1/../../../../arm-none-eabi/lib/thumb/v7e-m+fp/hard\libnosys.a(close.o)
                0x08004804                _close
 .text._fstat   0x08004814       0x10 c:/gnu arm embedded toolchain/10 2020-q4-major/bin/../lib/gcc/arm-none-eabi/10.2.1/../../../../arm-none-eabi/lib/thumb/v7e-m+fp/hard\libnosys.a(fstat.o)
                0x08004814                _fstat
 .text._isatty  0x08004824       0x10 c:/gnu arm embedded toolchain/10 2020-q4-major/bin/../lib/gcc/arm-none-eabi/10.2.1/../../../../arm-none-eabi/lib/thumb/v7e-m+fp/hard\libnosys.a(isatty.o)
                0x08004824                _isatty
 .text._lseek   0x08004834       0x10 c:/gnu arm embedded toolchain/10 2020-q4-major/bin/../lib/gcc/arm-none-eabi/10.2.1/../../../../arm-none-eabi/lib/thumb/v7e-m+fp/hard\libnosys.a(lseek.o)
                0x08004834                _lseek
 .text._read    0x08004844       0x10 c:/gnu arm embedded toolchain/10 2020-q4-major/bin/../lib/gcc/arm-none-eabi/10.2.1/../../../../arm-none-eabi/lib/thumb/v7e-m+fp/hard\libnosys.a(read.o)
                0x08004844                _read
 .text._sbrk    0x08004854       0x1c c:/gnu arm embedded toolchain/10 2020-q4-major/bin/../lib/gcc/arm-none-eabi/10.2.1/../../../../arm-none-eabi/lib/thumb/v7e-m+fp/hard\libnosys.a(sbrk.o)
                0x08004854                _sbrk
 *(.glue_7)
 .glue_7        0x08004870        0x0 linker stubs
 *(.glue_7t)
 .glue_7t       0x08004870        0x0 linker stubs
 *(.eh_frame)
 .eh_frame      0x08004870        0x0 c:/gnu arm embedded toolchain/10 2020-q4-major/bin/../lib/gcc/arm-none-eabi/10.2.1/thumb/v7e-m+fp/hard/crtbegin.o
 *(.init)
 .init          0x08004870        0x4 c:/gnu arm embedded toolchain/10 2020-q4-major/bin/../lib/gcc/arm-none-eabi/10.2.1/thumb/v7e-m+fp/hard/crti.o
                0x08004870                _init
 .init          0x08004874        0x8 c:/gnu arm embedded toolchain/10 2020-q4-major/bin/../lib/gcc/arm-none-eabi/10.2.1/thumb/v7e-m+fp/hard/crtn.o
 *(.fini)
 .fini          0x0800487c        0x4 c:/gnu arm embedded toolchain/10 2020-q4-major/bin/../lib/gcc/arm-none-eabi/10.2.1/thumb/v7e-m+fp/hard/crti.o
                0x0800487c                _fini
 .fini          0x08004880        0x8 c:/gnu arm embedded toolchain/10 2020-q4-major/bin/../lib/gcc/arm-none-eabi/10.2.1/thumb/v7e-m+fp/hard/crtn.o
                0x08004888                . = ALIGN (0x8)
                0x08004888                _etext = .

.vfp11_veneer   0x08004888        0x0
 .vfp11_veneer  0x08004888        0x0 linker stubs

.v4_bx          0x08004888        0x0
 .v4_bx         0x08004888        0x0 linker stubs

.iplt           0x08004888        0x0
 .iplt          0x08004888        0x0 c:/gnu arm embedded toolchain/10 2020-q4-major/bin/../lib/gcc/arm-none-eabi/10.2.1/thumb/v7e-m+fp/hard/crtbegin.o

.rodata         0x08004888      0x1c8
                0x08004888                . = ALIGN (0x8)
 *(.rodata)
 *(.rodata*)
 .rodata.main.str1.4
                0x08004888       0x17 build/main.o
 *fill*         0x0800489f        0x1 
 .rodata.AHBPrescTable
                0x080048a0       0x10 build/system_stm32l4xx.o
                0x080048a0                AHBPrescTable
 .rodata.APBPrescTable
                0x080048b0        0x8 build/system_stm32l4xx.o
                0x080048b0                APBPrescTable
 .rodata.MSIRangeTable
                0x080048b8       0x30 build/system_stm32l4xx.o
                0x080048b8                MSIRangeTable
 .rodata.sx126x_test.str1.4
                0x080048e8       0x7e build/sx126x_driver.o
 *fill*         0x08004966        0x2 
 .rodata.GpioWrite.str1.4
                0x08004968       0x1f build/gpio.o
 *fill*         0x08004987        0x1 
 .rodata.GpioInit.str1.4
                0x08004988       0x1e build/gpio.o
 *fill*         0x080049a6        0x2 
 .rodata.GpioRead.str1.4
                0x080049a8        0xa build/gpio.o
 *fill*         0x080049b2        0x2 
 .rodata._global_impure_ptr
                0x080049b4        0x4 c:/gnu arm embedded toolchain/10 2020-q4-major/bin/../lib/gcc/arm-none-eabi/10.2.1/../../../../arm-none-eabi/lib/thumb/v7e-m+fp/hard\libc_nano.a(lib_a-impure.o)
                0x080049b4                _global_impure_ptr
 .rodata.__sf_fake_stderr
                0x080049b8       0x20 c:/gnu arm embedded toolchain/10 2020-q4-major/bin/../lib/gcc/arm-none-eabi/10.2.1/../../../../arm-none-eabi/lib/thumb/v7e-m+fp/hard\libc_nano.a(lib_a-findfp.o)
                0x080049b8                __sf_fake_stderr
 .rodata.__sf_fake_stdin
                0x080049d8       0x20 c:/gnu arm embedded toolchain/10 2020-q4-major/bin/../lib/gcc/arm-none-eabi/10.2.1/../../../../arm-none-eabi/lib/thumb/v7e-m+fp/hard\libc_nano.a(lib_a-findfp.o)
                0x080049d8                __sf_fake_stdin
 .rodata.__sf_fake_stdout
                0x080049f8       0x20 c:/gnu arm embedded toolchain/10 2020-q4-major/bin/../lib/gcc/arm-none-eabi/10.2.1/../../../../arm-none-eabi/lib/thumb/v7e-m+fp/hard\libc_nano.a(lib_a-findfp.o)
                0x080049f8                __sf_fake_stdout
 .rodata._svfprintf_r.str1.1
                0x08004a18       0x11 c:/gnu arm embedded toolchain/10 2020-q4-major/bin/../lib/gcc/arm-none-eabi/10.2.1/../../../../arm-none-eabi/lib/thumb/v7e-m+fp/hard\libc_nano.a(lib_a-nano-svfprintf.o)
 .rodata._vfprintf_r.str1.1
                0x08004a29       0x11 c:/gnu arm embedded toolchain/10 2020-q4-major/bin/../lib/gcc/arm-none-eabi/10.2.1/../../../../arm-none-eabi/lib/thumb/v7e-m+fp/hard\libc_nano.a(lib_a-nano-vfprintf.o)
 .rodata._printf_i.str1.1
                0x08004a29       0x22 c:/gnu arm embedded toolchain/10 2020-q4-major/bin/../lib/gcc/arm-none-eabi/10.2.1/../../../../arm-none-eabi/lib/thumb/v7e-m+fp/hard\libc_nano.a(lib_a-nano-vfprintf_i.o)
                0x08004a50                . = ALIGN (0x8)
 *fill*         0x08004a4b        0x5 

.ARM.extab      0x08004a50        0x0
                0x08004a50                . = ALIGN (0x8)
 *(.ARM.extab* .gnu.linkonce.armextab.*)
                0x08004a50                . = ALIGN (0x8)

.ARM            0x08004a50        0x8
                0x08004a50                . = ALIGN (0x8)
                0x08004a50                __exidx_start = .
 *(.ARM.exidx*)
 .ARM.exidx     0x08004a50        0x8 c:/gnu arm embedded toolchain/10 2020-q4-major/bin/../lib/gcc/arm-none-eabi/10.2.1/thumb/v7e-m+fp/hard\libgcc.a(_udivmoddi4.o)
                0x08004a58                __exidx_end = .
                0x08004a58                . = ALIGN (0x8)

.rel.dyn        0x08004a58        0x0
 .rel.iplt      0x08004a58        0x0 c:/gnu arm embedded toolchain/10 2020-q4-major/bin/../lib/gcc/arm-none-eabi/10.2.1/thumb/v7e-m+fp/hard/crtbegin.o

.preinit_array  0x08004a58        0x0
                0x08004a58                . = ALIGN (0x8)
                0x08004a58                PROVIDE (__preinit_array_start = .)
 *(.preinit_array*)
                0x08004a58                PROVIDE (__preinit_array_end = .)
                0x08004a58                . = ALIGN (0x8)

.init_array     0x08004a58        0x8
                0x08004a58                . = ALIGN (0x8)
                0x08004a58                PROVIDE (__init_array_start = .)
 *(SORT_BY_NAME(.init_array.*))
 *(.init_array*)
 .init_array    0x08004a58        0x4 c:/gnu arm embedded toolchain/10 2020-q4-major/bin/../lib/gcc/arm-none-eabi/10.2.1/thumb/v7e-m+fp/hard/crtbegin.o
                0x08004a5c                PROVIDE (__init_array_end = .)
                0x08004a60                . = ALIGN (0x8)
 *fill*         0x08004a5c        0x4 

.fini_array     0x08004a60        0x8
                0x08004a60                . = ALIGN (0x8)
                [!provide]                PROVIDE (__fini_array_start = .)
 *(SORT_BY_NAME(.fini_array.*))
 *(.fini_array*)
 .fini_array    0x08004a60        0x4 c:/gnu arm embedded toolchain/10 2020-q4-major/bin/../lib/gcc/arm-none-eabi/10.2.1/thumb/v7e-m+fp/hard/crtbegin.o
                [!provide]                PROVIDE (__fini_array_end = .)
                0x08004a68                . = ALIGN (0x8)
 *fill*         0x08004a64        0x4 
                0x08004a68                _sidata = LOADADDR (.data)

.data           0x20000000       0x70 load address 0x08004a68
                0x20000000                . = ALIGN (0x8)
                0x20000000                _sdata = .
 *(.data)
 *(.data*)
 .data.uwTickFreq
                0x20000000        0x1 build/stm32l4xx_hal.o
                0x20000000                uwTickFreq
 *fill*         0x20000001        0x3 
 .data.uwTickPrio
                0x20000004        0x4 build/stm32l4xx_hal.o
                0x20000004                uwTickPrio
 .data.SystemCoreClock
                0x20000008        0x4 build/system_stm32l4xx.o
                0x20000008                SystemCoreClock
 .data._impure_ptr
                0x2000000c        0x4 c:/gnu arm embedded toolchain/10 2020-q4-major/bin/../lib/gcc/arm-none-eabi/10.2.1/../../../../arm-none-eabi/lib/thumb/v7e-m+fp/hard\libc_nano.a(lib_a-impure.o)
                0x2000000c                _impure_ptr
 .data.impure_data
                0x20000010       0x60 c:/gnu arm embedded toolchain/10 2020-q4-major/bin/../lib/gcc/arm-none-eabi/10.2.1/../../../../arm-none-eabi/lib/thumb/v7e-m+fp/hard\libc_nano.a(lib_a-impure.o)
                0x20000070                . = ALIGN (0x8)
                0x20000070                _edata = .

.igot.plt       0x20000070        0x0 load address 0x08004ad8
 .igot.plt      0x20000070        0x0 c:/gnu arm embedded toolchain/10 2020-q4-major/bin/../lib/gcc/arm-none-eabi/10.2.1/thumb/v7e-m+fp/hard/crtbegin.o
                0x20000070                . = ALIGN (0x4)

.bss            0x20000070      0x288 load address 0x08004ad8
                0x20000070                _sbss = .
                0x20000070                __bss_start__ = _sbss
 *(.bss)
 .bss           0x20000070       0x1c c:/gnu arm embedded toolchain/10 2020-q4-major/bin/../lib/gcc/arm-none-eabi/10.2.1/thumb/v7e-m+fp/hard/crtbegin.o
 *(.bss*)
 .bss.hrtc      0x2000008c       0x24 build/main.o
                0x2000008c                hrtc
 .bss.hspi1     0x200000b0       0x64 build/main.o
                0x200000b0                hspi1
 .bss.huart2    0x20000114       0x80 build/main.o
                0x20000114                huart2
 .bss.uwTick    0x20000194        0x4 build/stm32l4xx_hal.o
                0x20000194                uwTick
 .bss.SX126x    0x20000198       0xf4 build/radio.o
                0x20000198                SX126x
 .bss.AntPow    0x2000028c       0x14 build/sx126x-board.o
                0x2000028c                AntPow
 .bss.OperatingMode
                0x200002a0        0x1 build/sx126x-board.o
 *fill*         0x200002a1        0x3 
 .bss.GpioIrq   0x200002a4       0x40 build/gpio-board.o
 .bss.__lock___malloc_recursive_mutex
                0x200002e4        0x1 c:/gnu arm embedded toolchain/10 2020-q4-major/bin/../lib/gcc/arm-none-eabi/10.2.1/../../../../arm-none-eabi/lib/thumb/v7e-m+fp/hard\libc_nano.a(lib_a-lock.o)
                0x200002e4                __lock___malloc_recursive_mutex
 .bss.__lock___sfp_recursive_mutex
                0x200002e5        0x1 c:/gnu arm embedded toolchain/10 2020-q4-major/bin/../lib/gcc/arm-none-eabi/10.2.1/../../../../arm-none-eabi/lib/thumb/v7e-m+fp/hard\libc_nano.a(lib_a-lock.o)
                0x200002e5                __lock___sfp_recursive_mutex
 .bss.__lock___sinit_recursive_mutex
                0x200002e6        0x1 c:/gnu arm embedded toolchain/10 2020-q4-major/bin/../lib/gcc/arm-none-eabi/10.2.1/../../../../arm-none-eabi/lib/thumb/v7e-m+fp/hard\libc_nano.a(lib_a-lock.o)
                0x200002e6                __lock___sinit_recursive_mutex
 *fill*         0x200002e7        0x1 
 .bss.__malloc_free_list
                0x200002e8        0x4 c:/gnu arm embedded toolchain/10 2020-q4-major/bin/../lib/gcc/arm-none-eabi/10.2.1/../../../../arm-none-eabi/lib/thumb/v7e-m+fp/hard\libc_nano.a(lib_a-nano-mallocr.o)
                0x200002e8                __malloc_free_list
 .bss.__malloc_sbrk_start
                0x200002ec        0x4 c:/gnu arm embedded toolchain/10 2020-q4-major/bin/../lib/gcc/arm-none-eabi/10.2.1/../../../../arm-none-eabi/lib/thumb/v7e-m+fp/hard\libc_nano.a(lib_a-nano-mallocr.o)
                0x200002ec                __malloc_sbrk_start
 .bss.errno     0x200002f0        0x4 c:/gnu arm embedded toolchain/10 2020-q4-major/bin/../lib/gcc/arm-none-eabi/10.2.1/../../../../arm-none-eabi/lib/thumb/v7e-m+fp/hard\libc_nano.a(lib_a-reent.o)
                0x200002f0                errno
 .bss.heap_end.0
                0x200002f4        0x4 c:/gnu arm embedded toolchain/10 2020-q4-major/bin/../lib/gcc/arm-none-eabi/10.2.1/../../../../arm-none-eabi/lib/thumb/v7e-m+fp/hard\libnosys.a(sbrk.o)
 *(COMMON)
                0x200002f8                . = ALIGN (0x4)
                0x200002f8                _ebss = .
                0x200002f8                __bss_end__ = _ebss

._user_heap_stack
                0x200002f8      0x600 load address 0x08004ad8
                0x200002f8                . = ALIGN (0x8)
                0x200002f8                PROVIDE (end = .)
                [!provide]                PROVIDE (_end = .)
                0x200004f8                . = (. + _Min_Heap_Size)
 *fill*         0x200002f8      0x200 
                0x200008f8                . = (. + _Min_Stack_Size)
 *fill*         0x200004f8      0x400 
                0x200008f8                . = ALIGN (0x8)

/DISCARD/
 libc.a(*)
 libm.a(*)
 libgcc.a(*)

.ARM.attributes
                0x00000000       0x30
 *(.ARM.attributes)
 .ARM.attributes
                0x00000000       0x1e c:/gnu arm embedded toolchain/10 2020-q4-major/bin/../lib/gcc/arm-none-eabi/10.2.1/thumb/v7e-m+fp/hard/crti.o
 .ARM.attributes
                0x0000001e       0x34 c:/gnu arm embedded toolchain/10 2020-q4-major/bin/../lib/gcc/arm-none-eabi/10.2.1/thumb/v7e-m+fp/hard/crtbegin.o
 .ARM.attributes
                0x00000052       0x34 build/main.o
 .ARM.attributes
                0x00000086       0x34 build/stm32l4xx_it.o
 .ARM.attributes
                0x000000ba       0x34 build/stm32l4xx_hal_msp.o
 .ARM.attributes
                0x000000ee       0x34 build/stm32l4xx_hal_rtc.o
 .ARM.attributes
                0x00000122       0x34 build/stm32l4xx_hal_rtc_ex.o
 .ARM.attributes
                0x00000156       0x34 build/stm32l4xx_hal.o
 .ARM.attributes
                0x0000018a       0x34 build/stm32l4xx_hal_rcc.o
 .ARM.attributes
                0x000001be       0x34 build/stm32l4xx_hal_rcc_ex.o
 .ARM.attributes
                0x000001f2       0x34 build/stm32l4xx_hal_gpio.o
 .ARM.attributes
                0x00000226       0x34 build/stm32l4xx_hal_pwr_ex.o
 .ARM.attributes
                0x0000025a       0x34 build/stm32l4xx_hal_cortex.o
 .ARM.attributes
                0x0000028e       0x34 build/stm32l4xx_hal_spi.o
 .ARM.attributes
                0x000002c2       0x34 build/stm32l4xx_hal_uart.o
 .ARM.attributes
                0x000002f6       0x34 build/system_stm32l4xx.o
 .ARM.attributes
                0x0000032a       0x34 build/sx126x_driver.o
 .ARM.attributes
                0x0000035e       0x34 build/gpio.o
 .ARM.attributes
                0x00000392       0x34 build/radio.o
 .ARM.attributes
                0x000003c6       0x34 build/sx126x.o
 .ARM.attributes
                0x000003fa       0x34 build/spi-board.o
 .ARM.attributes
                0x0000042e       0x34 build/sx126x-board.o
 .ARM.attributes
                0x00000462       0x34 build/gpio-board.o
 .ARM.attributes
                0x00000496       0x21 build/startup_stm32l476xx.o
 .ARM.attributes
                0x000004b7       0x32 c:/gnu arm embedded toolchain/10 2020-q4-major/bin/../lib/gcc/arm-none-eabi/10.2.1/../../../../arm-none-eabi/lib/thumb/v7e-m+fp/hard\libc_nano.a(lib_a-impure.o)
 .ARM.attributes
                0x000004e9       0x34 c:/gnu arm embedded toolchain/10 2020-q4-major/bin/../lib/gcc/arm-none-eabi/10.2.1/../../../../arm-none-eabi/lib/thumb/v7e-m+fp/hard\libc_nano.a(lib_a-init.o)
 .ARM.attributes
                0x0000051d       0x34 c:/gnu arm embedded toolchain/10 2020-q4-major/bin/../lib/gcc/arm-none-eabi/10.2.1/../../../../arm-none-eabi/lib/thumb/v7e-m+fp/hard\libc_nano.a(lib_a-memset.o)
 .ARM.attributes
                0x00000551       0x34 c:/gnu arm embedded toolchain/10 2020-q4-major/bin/../lib/gcc/arm-none-eabi/10.2.1/../../../../arm-none-eabi/lib/thumb/v7e-m+fp/hard\libc_nano.a(lib_a-printf.o)
 .ARM.attributes
                0x00000585       0x34 c:/gnu arm embedded toolchain/10 2020-q4-major/bin/../lib/gcc/arm-none-eabi/10.2.1/../../../../arm-none-eabi/lib/thumb/v7e-m+fp/hard\libc_nano.a(lib_a-puts.o)
 .ARM.attributes
                0x000005b9       0x34 c:/gnu arm embedded toolchain/10 2020-q4-major/bin/../lib/gcc/arm-none-eabi/10.2.1/../../../../arm-none-eabi/lib/thumb/v7e-m+fp/hard\libc_nano.a(lib_a-sprintf.o)
 .ARM.attributes
                0x000005ed       0x34 c:/gnu arm embedded toolchain/10 2020-q4-major/bin/../lib/gcc/arm-none-eabi/10.2.1/../../../../arm-none-eabi/lib/thumb/v7e-m+fp/hard\libc_nano.a(lib_a-wbuf.o)
 .ARM.attributes
                0x00000621       0x34 c:/gnu arm embedded toolchain/10 2020-q4-major/bin/../lib/gcc/arm-none-eabi/10.2.1/../../../../arm-none-eabi/lib/thumb/v7e-m+fp/hard\libc_nano.a(lib_a-wsetup.o)
 .ARM.attributes
                0x00000655       0x34 c:/gnu arm embedded toolchain/10 2020-q4-major/bin/../lib/gcc/arm-none-eabi/10.2.1/../../../../arm-none-eabi/lib/thumb/v7e-m+fp/hard\libc_nano.a(lib_a-fflush.o)
 .ARM.attributes
                0x00000689       0x34 c:/gnu arm embedded toolchain/10 2020-q4-major/bin/../lib/gcc/arm-none-eabi/10.2.1/../../../../arm-none-eabi/lib/thumb/v7e-m+fp/hard\libc_nano.a(lib_a-findfp.o)
 .ARM.attributes
                0x000006bd       0x34 c:/gnu arm embedded toolchain/10 2020-q4-major/bin/../lib/gcc/arm-none-eabi/10.2.1/../../../../arm-none-eabi/lib/thumb/v7e-m+fp/hard\libc_nano.a(lib_a-fwalk.o)
 .ARM.attributes
                0x000006f1       0x34 c:/gnu arm embedded toolchain/10 2020-q4-major/bin/../lib/gcc/arm-none-eabi/10.2.1/../../../../arm-none-eabi/lib/thumb/v7e-m+fp/hard\libc_nano.a(lib_a-lock.o)
 .ARM.attributes
                0x00000725       0x34 c:/gnu arm embedded toolchain/10 2020-q4-major/bin/../lib/gcc/arm-none-eabi/10.2.1/../../../../arm-none-eabi/lib/thumb/v7e-m+fp/hard\libc_nano.a(lib_a-makebuf.o)
 .ARM.attributes
                0x00000759       0x34 c:/gnu arm embedded toolchain/10 2020-q4-major/bin/../lib/gcc/arm-none-eabi/10.2.1/../../../../arm-none-eabi/lib/thumb/v7e-m+fp/hard\libc_nano.a(lib_a-nano-freer.o)
 .ARM.attributes
                0x0000078d       0x34 c:/gnu arm embedded toolchain/10 2020-q4-major/bin/../lib/gcc/arm-none-eabi/10.2.1/../../../../arm-none-eabi/lib/thumb/v7e-m+fp/hard\libc_nano.a(lib_a-nano-mallocr.o)
 .ARM.attributes
                0x000007c1       0x34 c:/gnu arm embedded toolchain/10 2020-q4-major/bin/../lib/gcc/arm-none-eabi/10.2.1/../../../../arm-none-eabi/lib/thumb/v7e-m+fp/hard\libc_nano.a(lib_a-nano-svfprintf.o)
 .ARM.attributes
                0x000007f5       0x34 c:/gnu arm embedded toolchain/10 2020-q4-major/bin/../lib/gcc/arm-none-eabi/10.2.1/../../../../arm-none-eabi/lib/thumb/v7e-m+fp/hard\libc_nano.a(lib_a-nano-vfprintf.o)
 .ARM.attributes
                0x00000829       0x34 c:/gnu arm embedded toolchain/10 2020-q4-major/bin/../lib/gcc/arm-none-eabi/10.2.1/../../../../arm-none-eabi/lib/thumb/v7e-m+fp/hard\libc_nano.a(lib_a-nano-vfprintf_i.o)
 .ARM.attributes
                0x0000085d       0x34 c:/gnu arm embedded toolchain/10 2020-q4-major/bin/../lib/gcc/arm-none-eabi/10.2.1/../../../../arm-none-eabi/lib/thumb/v7e-m+fp/hard\libc_nano.a(lib_a-sbrkr.o)
 .ARM.attributes
                0x00000891       0x34 c:/gnu arm embedded toolchain/10 2020-q4-major/bin/../lib/gcc/arm-none-eabi/10.2.1/../../../../arm-none-eabi/lib/thumb/v7e-m+fp/hard\libc_nano.a(lib_a-stdio.o)
 .ARM.attributes
                0x000008c5       0x34 c:/gnu arm embedded toolchain/10 2020-q4-major/bin/../lib/gcc/arm-none-eabi/10.2.1/../../../../arm-none-eabi/lib/thumb/v7e-m+fp/hard\libc_nano.a(lib_a-writer.o)
 .ARM.attributes
                0x000008f9       0x34 c:/gnu arm embedded toolchain/10 2020-q4-major/bin/../lib/gcc/arm-none-eabi/10.2.1/../../../../arm-none-eabi/lib/thumb/v7e-m+fp/hard\libc_nano.a(lib_a-closer.o)
 .ARM.attributes
                0x0000092d       0x34 c:/gnu arm embedded toolchain/10 2020-q4-major/bin/../lib/gcc/arm-none-eabi/10.2.1/../../../../arm-none-eabi/lib/thumb/v7e-m+fp/hard\libc_nano.a(lib_a-fstatr.o)
 .ARM.attributes
                0x00000961       0x34 c:/gnu arm embedded toolchain/10 2020-q4-major/bin/../lib/gcc/arm-none-eabi/10.2.1/../../../../arm-none-eabi/lib/thumb/v7e-m+fp/hard\libc_nano.a(lib_a-isattyr.o)
 .ARM.attributes
                0x00000995       0x34 c:/gnu arm embedded toolchain/10 2020-q4-major/bin/../lib/gcc/arm-none-eabi/10.2.1/../../../../arm-none-eabi/lib/thumb/v7e-m+fp/hard\libc_nano.a(lib_a-lseekr.o)
 .ARM.attributes
                0x000009c9       0x1c c:/gnu arm embedded toolchain/10 2020-q4-major/bin/../lib/gcc/arm-none-eabi/10.2.1/../../../../arm-none-eabi/lib/thumb/v7e-m+fp/hard\libc_nano.a(lib_a-memchr.o)
 .ARM.attributes
                0x000009e5       0x34 c:/gnu arm embedded toolchain/10 2020-q4-major/bin/../lib/gcc/arm-none-eabi/10.2.1/../../../../arm-none-eabi/lib/thumb/v7e-m+fp/hard\libc_nano.a(lib_a-memcpy-stub.o)
 .ARM.attributes
                0x00000a19       0x34 c:/gnu arm embedded toolchain/10 2020-q4-major/bin/../lib/gcc/arm-none-eabi/10.2.1/../../../../arm-none-eabi/lib/thumb/v7e-m+fp/hard\libc_nano.a(lib_a-memmove.o)
 .ARM.attributes
                0x00000a4d       0x34 c:/gnu arm embedded toolchain/10 2020-q4-major/bin/../lib/gcc/arm-none-eabi/10.2.1/../../../../arm-none-eabi/lib/thumb/v7e-m+fp/hard\libc_nano.a(lib_a-mlock.o)
 .ARM.attributes
                0x00000a81       0x34 c:/gnu arm embedded toolchain/10 2020-q4-major/bin/../lib/gcc/arm-none-eabi/10.2.1/../../../../arm-none-eabi/lib/thumb/v7e-m+fp/hard\libc_nano.a(lib_a-nano-reallocr.o)
 .ARM.attributes
                0x00000ab5       0x34 c:/gnu arm embedded toolchain/10 2020-q4-major/bin/../lib/gcc/arm-none-eabi/10.2.1/../../../../arm-none-eabi/lib/thumb/v7e-m+fp/hard\libc_nano.a(lib_a-readr.o)
 .ARM.attributes
                0x00000ae9       0x34 c:/gnu arm embedded toolchain/10 2020-q4-major/bin/../lib/gcc/arm-none-eabi/10.2.1/../../../../arm-none-eabi/lib/thumb/v7e-m+fp/hard\libc_nano.a(lib_a-reent.o)
 .ARM.attributes
                0x00000b1d       0x34 c:/gnu arm embedded toolchain/10 2020-q4-major/bin/../lib/gcc/arm-none-eabi/10.2.1/../../../../arm-none-eabi/lib/thumb/v7e-m+fp/hard\libc_nano.a(lib_a-nano-msizer.o)
 .ARM.attributes
                0x00000b51       0x34 c:/gnu arm embedded toolchain/10 2020-q4-major/bin/../lib/gcc/arm-none-eabi/10.2.1/../../../../arm-none-eabi/lib/thumb/v7e-m+fp/hard\libnosys.a(close.o)
 .ARM.attributes
                0x00000b85       0x34 c:/gnu arm embedded toolchain/10 2020-q4-major/bin/../lib/gcc/arm-none-eabi/10.2.1/../../../../arm-none-eabi/lib/thumb/v7e-m+fp/hard\libnosys.a(fstat.o)
 .ARM.attributes
                0x00000bb9       0x34 c:/gnu arm embedded toolchain/10 2020-q4-major/bin/../lib/gcc/arm-none-eabi/10.2.1/../../../../arm-none-eabi/lib/thumb/v7e-m+fp/hard\libnosys.a(isatty.o)
 .ARM.attributes
                0x00000bed       0x34 c:/gnu arm embedded toolchain/10 2020-q4-major/bin/../lib/gcc/arm-none-eabi/10.2.1/../../../../arm-none-eabi/lib/thumb/v7e-m+fp/hard\libnosys.a(lseek.o)
 .ARM.attributes
                0x00000c21       0x34 c:/gnu arm embedded toolchain/10 2020-q4-major/bin/../lib/gcc/arm-none-eabi/10.2.1/../../../../arm-none-eabi/lib/thumb/v7e-m+fp/hard\libnosys.a(read.o)
 .ARM.attributes
                0x00000c55       0x34 c:/gnu arm embedded toolchain/10 2020-q4-major/bin/../lib/gcc/arm-none-eabi/10.2.1/../../../../arm-none-eabi/lib/thumb/v7e-m+fp/hard\libnosys.a(sbrk.o)
 .ARM.attributes
                0x00000c89       0x1e c:/gnu arm embedded toolchain/10 2020-q4-major/bin/../lib/gcc/arm-none-eabi/10.2.1/thumb/v7e-m+fp/hard\libgcc.a(_aeabi_uldivmod.o)
 .ARM.attributes
                0x00000ca7       0x34 c:/gnu arm embedded toolchain/10 2020-q4-major/bin/../lib/gcc/arm-none-eabi/10.2.1/thumb/v7e-m+fp/hard\libgcc.a(_udivmoddi4.o)
 .ARM.attributes
                0x00000cdb       0x1e c:/gnu arm embedded toolchain/10 2020-q4-major/bin/../lib/gcc/arm-none-eabi/10.2.1/thumb/v7e-m+fp/hard\libgcc.a(_dvmd_tls.o)
 .ARM.attributes
                0x00000cf9       0x1e c:/gnu arm embedded toolchain/10 2020-q4-major/bin/../lib/gcc/arm-none-eabi/10.2.1/thumb/v7e-m+fp/hard/crtn.o
OUTPUT(build/stm32l476_sx126x_gcc.elf elf32-littlearm)
LOAD linker stubs
LOAD c:/gnu arm embedded toolchain/10 2020-q4-major/bin/../lib/gcc/arm-none-eabi/10.2.1/../../../../arm-none-eabi/lib/thumb/v7e-m+fp/hard\libc.a
LOAD c:/gnu arm embedded toolchain/10 2020-q4-major/bin/../lib/gcc/arm-none-eabi/10.2.1/../../../../arm-none-eabi/lib/thumb/v7e-m+fp/hard\libm.a
LOAD c:/gnu arm embedded toolchain/10 2020-q4-major/bin/../lib/gcc/arm-none-eabi/10.2.1/thumb/v7e-m+fp/hard\libgcc.a

.debug_info     0x00000000    0x1c2e5
 .debug_info    0x00000000     0x20ef build/main.o
 .debug_info    0x000020ef      0x6b2 build/stm32l4xx_it.o
 .debug_info    0x000027a1     0x172f build/stm32l4xx_hal_msp.o
 .debug_info    0x00003ed0     0x12d8 build/stm32l4xx_hal_rtc.o
 .debug_info    0x000051a8     0x1587 build/stm32l4xx_hal_rtc_ex.o
 .debug_info    0x0000672f      0xe26 build/stm32l4xx_hal.o
 .debug_info    0x00007555     0x1057 build/stm32l4xx_hal_rcc.o
 .debug_info    0x000085ac     0x13d5 build/stm32l4xx_hal_rcc_ex.o
 .debug_info    0x00009981      0x91c build/stm32l4xx_hal_gpio.o
 .debug_info    0x0000a29d      0xb9e build/stm32l4xx_hal_pwr_ex.o
 .debug_info    0x0000ae3b     0x117a build/stm32l4xx_hal_cortex.o
 .debug_info    0x0000bfb5     0x22df build/stm32l4xx_hal_spi.o
 .debug_info    0x0000e294     0x218b build/stm32l4xx_hal_uart.o
 .debug_info    0x0001041f      0x693 build/system_stm32l4xx.o
 .debug_info    0x00010ab2     0x1b52 build/sx126x_driver.o
 .debug_info    0x00012604      0xab8 build/gpio.o
 .debug_info    0x000130bc     0x2de6 build/radio.o
 .debug_info    0x00015ea2     0x23ca build/sx126x.o
 .debug_info    0x0001826c     0x1369 build/spi-board.o
 .debug_info    0x000195d5     0x1ce2 build/sx126x-board.o
 .debug_info    0x0001b2b7     0x100c build/gpio-board.o
 .debug_info    0x0001c2c3       0x22 build/startup_stm32l476xx.o

.debug_abbrev   0x00000000     0x347f
 .debug_abbrev  0x00000000      0x2ae build/main.o
 .debug_abbrev  0x000002ae      0x146 build/stm32l4xx_it.o
 .debug_abbrev  0x000003f4      0x1a8 build/stm32l4xx_hal_msp.o
 .debug_abbrev  0x0000059c      0x22e build/stm32l4xx_hal_rtc.o
 .debug_abbrev  0x000007ca      0x222 build/stm32l4xx_hal_rtc_ex.o
 .debug_abbrev  0x000009ec      0x249 build/stm32l4xx_hal.o
 .debug_abbrev  0x00000c35      0x28e build/stm32l4xx_hal_rcc.o
 .debug_abbrev  0x00000ec3      0x2b0 build/stm32l4xx_hal_rcc_ex.o
 .debug_abbrev  0x00001173      0x222 build/stm32l4xx_hal_gpio.o
 .debug_abbrev  0x00001395      0x234 build/stm32l4xx_hal_pwr_ex.o
 .debug_abbrev  0x000015c9      0x382 build/stm32l4xx_hal_cortex.o
 .debug_abbrev  0x0000194b      0x278 build/stm32l4xx_hal_spi.o
 .debug_abbrev  0x00001bc3      0x282 build/stm32l4xx_hal_uart.o
 .debug_abbrev  0x00001e45      0x140 build/system_stm32l4xx.o
 .debug_abbrev  0x00001f85      0x353 build/sx126x_driver.o
 .debug_abbrev  0x000022d8      0x208 build/gpio.o
 .debug_abbrev  0x000024e0      0x3bc build/radio.o
 .debug_abbrev  0x0000289c      0x345 build/sx126x.o
 .debug_abbrev  0x00002be1      0x244 build/spi-board.o
 .debug_abbrev  0x00002e25      0x39e build/sx126x-board.o
 .debug_abbrev  0x000031c3      0x2aa build/gpio-board.o
 .debug_abbrev  0x0000346d       0x12 build/startup_stm32l476xx.o

.debug_loc      0x00000000     0xfdfb
 .debug_loc     0x00000000      0x253 build/main.o
 .debug_loc     0x00000253       0x60 build/stm32l4xx_it.o
 .debug_loc     0x000002b3      0x2c0 build/stm32l4xx_hal_msp.o
 .debug_loc     0x00000573      0xf62 build/stm32l4xx_hal_rtc.o
 .debug_loc     0x000014d5     0x1320 build/stm32l4xx_hal_rtc_ex.o
 .debug_loc     0x000027f5      0x2af build/stm32l4xx_hal.o
 .debug_loc     0x00002aa4      0x99d build/stm32l4xx_hal_rcc.o
 .debug_loc     0x00003441     0x1cf1 build/stm32l4xx_hal_rcc_ex.o
 .debug_loc     0x00005132      0x48a build/stm32l4xx_hal_gpio.o
 .debug_loc     0x000055bc      0xb66 build/stm32l4xx_hal_pwr_ex.o
 .debug_loc     0x00006122      0x7a4 build/stm32l4xx_hal_cortex.o
 .debug_loc     0x000068c6     0x2786 build/stm32l4xx_hal_spi.o
 .debug_loc     0x0000904c     0x21bd build/stm32l4xx_hal_uart.o
 .debug_loc     0x0000b209      0x1eb build/system_stm32l4xx.o
 .debug_loc     0x0000b3f4      0x30b build/sx126x_driver.o
 .debug_loc     0x0000b6ff      0x51b build/gpio.o
 .debug_loc     0x0000bc1a     0x1967 build/radio.o
 .debug_loc     0x0000d581     0x14c6 build/sx126x.o
 .debug_loc     0x0000ea47      0x47e build/spi-board.o
 .debug_loc     0x0000eec5      0x839 build/sx126x-board.o
 .debug_loc     0x0000f6fe      0x6fd build/gpio-board.o

.debug_aranges  0x00000000     0x1108
 .debug_aranges
                0x00000000       0x60 build/main.o
 .debug_aranges
                0x00000060       0x70 build/stm32l4xx_it.o
 .debug_aranges
                0x000000d0       0x50 build/stm32l4xx_hal_msp.o
 .debug_aranges
                0x00000120       0xc0 build/stm32l4xx_hal_rtc.o
 .debug_aranges
                0x000001e0      0x140 build/stm32l4xx_hal_rtc_ex.o
 .debug_aranges
                0x00000320      0x130 build/stm32l4xx_hal.o
 .debug_aranges
                0x00000450       0x88 build/stm32l4xx_hal_rcc.o
 .debug_aranges
                0x000004d8       0xc0 build/stm32l4xx_hal_rcc_ex.o
 .debug_aranges
                0x00000598       0x58 build/stm32l4xx_hal_gpio.o
 .debug_aranges
                0x000005f0      0x150 build/stm32l4xx_hal_pwr_ex.o
 .debug_aranges
                0x00000740       0xa8 build/stm32l4xx_hal_cortex.o
 .debug_aranges
                0x000007e8      0x1d8 build/stm32l4xx_hal_spi.o
 .debug_aranges
                0x000009c0      0x210 build/stm32l4xx_hal_uart.o
 .debug_aranges
                0x00000bd0       0x28 build/system_stm32l4xx.o
 .debug_aranges
                0x00000bf8       0x50 build/sx126x_driver.o
 .debug_aranges
                0x00000c48       0x50 build/gpio.o
 .debug_aranges
                0x00000c98      0x130 build/radio.o
 .debug_aranges
                0x00000dc8      0x190 build/sx126x.o
 .debug_aranges
                0x00000f58       0x48 build/spi-board.o
 .debug_aranges
                0x00000fa0       0xe8 build/sx126x-board.o
 .debug_aranges
                0x00001088       0x58 build/gpio-board.o
 .debug_aranges
                0x000010e0       0x28 build/startup_stm32l476xx.o

.debug_ranges   0x00000000     0x10b8
 .debug_ranges  0x00000000       0x50 build/main.o
 .debug_ranges  0x00000050       0x60 build/stm32l4xx_it.o
 .debug_ranges  0x000000b0       0x40 build/stm32l4xx_hal_msp.o
 .debug_ranges  0x000000f0       0xe0 build/stm32l4xx_hal_rtc.o
 .debug_ranges  0x000001d0      0x130 build/stm32l4xx_hal_rtc_ex.o
 .debug_ranges  0x00000300      0x120 build/stm32l4xx_hal.o
 .debug_ranges  0x00000420       0x90 build/stm32l4xx_hal_rcc.o
 .debug_ranges  0x000004b0       0xc8 build/stm32l4xx_hal_rcc_ex.o
 .debug_ranges  0x00000578       0x48 build/stm32l4xx_hal_gpio.o
 .debug_ranges  0x000005c0      0x140 build/stm32l4xx_hal_pwr_ex.o
 .debug_ranges  0x00000700       0xf8 build/stm32l4xx_hal_cortex.o
 .debug_ranges  0x000007f8      0x1c8 build/stm32l4xx_hal_spi.o
 .debug_ranges  0x000009c0      0x200 build/stm32l4xx_hal_uart.o
 .debug_ranges  0x00000bc0       0x18 build/system_stm32l4xx.o
 .debug_ranges  0x00000bd8       0x40 build/sx126x_driver.o
 .debug_ranges  0x00000c18       0x40 build/gpio.o
 .debug_ranges  0x00000c58      0x138 build/radio.o
 .debug_ranges  0x00000d90      0x180 build/sx126x.o
 .debug_ranges  0x00000f10       0x38 build/spi-board.o
 .debug_ranges  0x00000f48       0xd8 build/sx126x-board.o
 .debug_ranges  0x00001020       0x78 build/gpio-board.o
 .debug_ranges  0x00001098       0x20 build/startup_stm32l476xx.o

.debug_line     0x00000000     0xfa57
 .debug_line    0x00000000      0x789 build/main.o
 .debug_line    0x00000789      0x2e1 build/stm32l4xx_it.o
 .debug_line    0x00000a6a      0x3d0 build/stm32l4xx_hal_msp.o
 .debug_line    0x00000e3a     0x100a build/stm32l4xx_hal_rtc.o
 .debug_line    0x00001e44     0x161b build/stm32l4xx_hal_rtc_ex.o
 .debug_line    0x0000345f      0x68b build/stm32l4xx_hal.o
 .debug_line    0x00003aea      0xe9e build/stm32l4xx_hal_rcc.o
 .debug_line    0x00004988     0x1522 build/stm32l4xx_hal_rcc_ex.o
 .debug_line    0x00005eaa      0x6b3 build/stm32l4xx_hal_gpio.o
 .debug_line    0x0000655d      0xaa4 build/stm32l4xx_hal_pwr_ex.o
 .debug_line    0x00007001      0x765 build/stm32l4xx_hal_cortex.o
 .debug_line    0x00007766     0x28dc build/stm32l4xx_hal_spi.o
 .debug_line    0x0000a042     0x21d6 build/stm32l4xx_hal_uart.o
 .debug_line    0x0000c218      0x2cc build/system_stm32l4xx.o
 .debug_line    0x0000c4e4      0x489 build/sx126x_driver.o
 .debug_line    0x0000c96d      0x37c build/gpio.o
 .debug_line    0x0000cce9      0xe86 build/radio.o
 .debug_line    0x0000db6f      0xe49 build/sx126x.o
 .debug_line    0x0000e9b8      0x405 build/spi-board.o
 .debug_line    0x0000edbd      0x63f build/sx126x-board.o
 .debug_line    0x0000f3fc      0x5e6 build/gpio-board.o
 .debug_line    0x0000f9e2       0x75 build/startup_stm32l476xx.o

.debug_str      0x00000000     0x64c2
 .debug_str     0x00000000     0x15a6 build/main.o
                               0x16ca (size before relaxing)
 .debug_str     0x000015a6      0x10f build/stm32l4xx_it.o
                                0x4ee (size before relaxing)
 .debug_str     0x000016b5       0xc0 build/stm32l4xx_hal_msp.o
                               0x108a (size before relaxing)
 .debug_str     0x00001775      0x1e4 build/stm32l4xx_hal_rtc.o
                                0x7af (size before relaxing)
 .debug_str     0x00001959      0x5a0 build/stm32l4xx_hal_rtc_ex.o
                                0xb51 (size before relaxing)
 .debug_str     0x00001ef9      0x4e8 build/stm32l4xx_hal.o
                                0xd2c (size before relaxing)
 .debug_str     0x000023e1      0x293 build/stm32l4xx_hal_rcc.o
                                0x851 (size before relaxing)
 .debug_str     0x00002674      0x2f4 build/stm32l4xx_hal_rcc_ex.o
                                0xa8d (size before relaxing)
 .debug_str     0x00002968       0xbc build/stm32l4xx_hal_gpio.o
                                0x512 (size before relaxing)
 .debug_str     0x00002a24      0x4fc build/stm32l4xx_hal_pwr_ex.o
                                0x7e6 (size before relaxing)
 .debug_str     0x00002f20      0x41f build/stm32l4xx_hal_cortex.o
                                0xbf2 (size before relaxing)
 .debug_str     0x0000333f      0x598 build/stm32l4xx_hal_spi.o
                                0xba2 (size before relaxing)
 .debug_str     0x000038d7      0x70d build/stm32l4xx_hal_uart.o
                                0xf0d (size before relaxing)
 .debug_str     0x00003fe4       0x3d build/system_stm32l4xx.o
                                0x3b1 (size before relaxing)
 .debug_str     0x00004021      0xd7c build/sx126x_driver.o
                               0x1127 (size before relaxing)
 .debug_str     0x00004d9d      0x188 build/gpio.o
                                0x769 (size before relaxing)
 .debug_str     0x00004f25      0x8ec build/radio.o
                               0x18cd (size before relaxing)
 .debug_str     0x00005811      0xa61 build/sx126x.o
                               0x16e4 (size before relaxing)
 .debug_str     0x00006272       0xc2 build/spi-board.o
                                0xb8d (size before relaxing)
 .debug_str     0x00006334       0xbe build/sx126x-board.o
                               0x1580 (size before relaxing)
 .debug_str     0x000063f2       0xac build/gpio-board.o
                                0xe51 (size before relaxing)
 .debug_str     0x0000649e       0x24 build/startup_stm32l476xx.o
                                 0x3c (size before relaxing)

.comment        0x00000000       0x4d
 .comment       0x00000000       0x4d build/main.o
                                 0x4e (size before relaxing)
 .comment       0x0000004d       0x4e build/stm32l4xx_it.o
 .comment       0x0000004d       0x4e build/stm32l4xx_hal_msp.o
 .comment       0x0000004d       0x4e build/stm32l4xx_hal_rtc.o
 .comment       0x0000004d       0x4e build/stm32l4xx_hal_rtc_ex.o
 .comment       0x0000004d       0x4e build/stm32l4xx_hal.o
 .comment       0x0000004d       0x4e build/stm32l4xx_hal_rcc.o
 .comment       0x0000004d       0x4e build/stm32l4xx_hal_rcc_ex.o
 .comment       0x0000004d       0x4e build/stm32l4xx_hal_gpio.o
 .comment       0x0000004d       0x4e build/stm32l4xx_hal_pwr_ex.o
 .comment       0x0000004d       0x4e build/stm32l4xx_hal_cortex.o
 .comment       0x0000004d       0x4e build/stm32l4xx_hal_spi.o
 .comment       0x0000004d       0x4e build/stm32l4xx_hal_uart.o
 .comment       0x0000004d       0x4e build/system_stm32l4xx.o
 .comment       0x0000004d       0x4e build/sx126x_driver.o
 .comment       0x0000004d       0x4e build/gpio.o
 .comment       0x0000004d       0x4e build/radio.o
 .comment       0x0000004d       0x4e build/sx126x.o
 .comment       0x0000004d       0x4e build/spi-board.o
 .comment       0x0000004d       0x4e build/sx126x-board.o
 .comment       0x0000004d       0x4e build/gpio-board.o

.debug_frame    0x00000000     0x389c
 .debug_frame   0x00000000      0x10c build/main.o
 .debug_frame   0x0000010c       0xd8 build/stm32l4xx_it.o
 .debug_frame   0x000001e4       0xcc build/stm32l4xx_hal_msp.o
 .debug_frame   0x000002b0      0x228 build/stm32l4xx_hal_rtc.o
 .debug_frame   0x000004d8      0x394 build/stm32l4xx_hal_rtc_ex.o
 .debug_frame   0x0000086c      0x274 build/stm32l4xx_hal.o
 .debug_frame   0x00000ae0      0x18c build/stm32l4xx_hal_rcc.o
 .debug_frame   0x00000c6c      0x204 build/stm32l4xx_hal_rcc_ex.o
 .debug_frame   0x00000e70       0xd0 build/stm32l4xx_hal_gpio.o
 .debug_frame   0x00000f40      0x298 build/stm32l4xx_hal_pwr_ex.o
 .debug_frame   0x000011d8      0x148 build/stm32l4xx_hal_cortex.o
 .debug_frame   0x00001320      0x5d8 build/stm32l4xx_hal_spi.o
 .debug_frame   0x000018f8      0x5c0 build/stm32l4xx_hal_uart.o
 .debug_frame   0x00001eb8       0x30 build/system_stm32l4xx.o
 .debug_frame   0x00001ee8       0xcc build/sx126x_driver.o
 .debug_frame   0x00001fb4       0xb0 build/gpio.o
 .debug_frame   0x00002064      0x398 build/radio.o
 .debug_frame   0x000023fc      0x554 build/sx126x.o
 .debug_frame   0x00002950       0xc8 build/spi-board.o
 .debug_frame   0x00002a18      0x2b0 build/sx126x-board.o
 .debug_frame   0x00002cc8       0xe4 build/gpio-board.o
 .debug_frame   0x00002dac       0x2c c:/gnu arm embedded toolchain/10 2020-q4-major/bin/../lib/gcc/arm-none-eabi/10.2.1/../../../../arm-none-eabi/lib/thumb/v7e-m+fp/hard\libc_nano.a(lib_a-init.o)
 .debug_frame   0x00002dd8       0x20 c:/gnu arm embedded toolchain/10 2020-q4-major/bin/../lib/gcc/arm-none-eabi/10.2.1/../../../../arm-none-eabi/lib/thumb/v7e-m+fp/hard\libc_nano.a(lib_a-memset.o)
 .debug_frame   0x00002df8       0x74 c:/gnu arm embedded toolchain/10 2020-q4-major/bin/../lib/gcc/arm-none-eabi/10.2.1/../../../../arm-none-eabi/lib/thumb/v7e-m+fp/hard\libc_nano.a(lib_a-printf.o)
 .debug_frame   0x00002e6c       0x3c c:/gnu arm embedded toolchain/10 2020-q4-major/bin/../lib/gcc/arm-none-eabi/10.2.1/../../../../arm-none-eabi/lib/thumb/v7e-m+fp/hard\libc_nano.a(lib_a-puts.o)
 .debug_frame   0x00002ea8       0x6c c:/gnu arm embedded toolchain/10 2020-q4-major/bin/../lib/gcc/arm-none-eabi/10.2.1/../../../../arm-none-eabi/lib/thumb/v7e-m+fp/hard\libc_nano.a(lib_a-sprintf.o)
 .debug_frame   0x00002f14       0x40 c:/gnu arm embedded toolchain/10 2020-q4-major/bin/../lib/gcc/arm-none-eabi/10.2.1/../../../../arm-none-eabi/lib/thumb/v7e-m+fp/hard\libc_nano.a(lib_a-wbuf.o)
 .debug_frame   0x00002f54       0x2c c:/gnu arm embedded toolchain/10 2020-q4-major/bin/../lib/gcc/arm-none-eabi/10.2.1/../../../../arm-none-eabi/lib/thumb/v7e-m+fp/hard\libc_nano.a(lib_a-wsetup.o)
 .debug_frame   0x00002f80       0x5c c:/gnu arm embedded toolchain/10 2020-q4-major/bin/../lib/gcc/arm-none-eabi/10.2.1/../../../../arm-none-eabi/lib/thumb/v7e-m+fp/hard\libc_nano.a(lib_a-fflush.o)
 .debug_frame   0x00002fdc      0x14c c:/gnu arm embedded toolchain/10 2020-q4-major/bin/../lib/gcc/arm-none-eabi/10.2.1/../../../../arm-none-eabi/lib/thumb/v7e-m+fp/hard\libc_nano.a(lib_a-findfp.o)
 .debug_frame   0x00003128       0x54 c:/gnu arm embedded toolchain/10 2020-q4-major/bin/../lib/gcc/arm-none-eabi/10.2.1/../../../../arm-none-eabi/lib/thumb/v7e-m+fp/hard\libc_nano.a(lib_a-fwalk.o)
 .debug_frame   0x0000317c       0xb0 c:/gnu arm embedded toolchain/10 2020-q4-major/bin/../lib/gcc/arm-none-eabi/10.2.1/../../../../arm-none-eabi/lib/thumb/v7e-m+fp/hard\libc_nano.a(lib_a-lock.o)
 .debug_frame   0x0000322c       0x58 c:/gnu arm embedded toolchain/10 2020-q4-major/bin/../lib/gcc/arm-none-eabi/10.2.1/../../../../arm-none-eabi/lib/thumb/v7e-m+fp/hard\libc_nano.a(lib_a-makebuf.o)
 .debug_frame   0x00003284       0x38 c:/gnu arm embedded toolchain/10 2020-q4-major/bin/../lib/gcc/arm-none-eabi/10.2.1/../../../../arm-none-eabi/lib/thumb/v7e-m+fp/hard\libc_nano.a(lib_a-nano-freer.o)
 .debug_frame   0x000032bc       0x30 c:/gnu arm embedded toolchain/10 2020-q4-major/bin/../lib/gcc/arm-none-eabi/10.2.1/../../../../arm-none-eabi/lib/thumb/v7e-m+fp/hard\libc_nano.a(lib_a-nano-mallocr.o)
 .debug_frame   0x000032ec       0x90 c:/gnu arm embedded toolchain/10 2020-q4-major/bin/../lib/gcc/arm-none-eabi/10.2.1/../../../../arm-none-eabi/lib/thumb/v7e-m+fp/hard\libc_nano.a(lib_a-nano-svfprintf.o)
 .debug_frame   0x0000337c       0xac c:/gnu arm embedded toolchain/10 2020-q4-major/bin/../lib/gcc/arm-none-eabi/10.2.1/../../../../arm-none-eabi/lib/thumb/v7e-m+fp/hard\libc_nano.a(lib_a-nano-vfprintf.o)
 .debug_frame   0x00003428       0x60 c:/gnu arm embedded toolchain/10 2020-q4-major/bin/../lib/gcc/arm-none-eabi/10.2.1/../../../../arm-none-eabi/lib/thumb/v7e-m+fp/hard\libc_nano.a(lib_a-nano-vfprintf_i.o)
 .debug_frame   0x00003488       0x2c c:/gnu arm embedded toolchain/10 2020-q4-major/bin/../lib/gcc/arm-none-eabi/10.2.1/../../../../arm-none-eabi/lib/thumb/v7e-m+fp/hard\libc_nano.a(lib_a-sbrkr.o)
 .debug_frame   0x000034b4       0x88 c:/gnu arm embedded toolchain/10 2020-q4-major/bin/../lib/gcc/arm-none-eabi/10.2.1/../../../../arm-none-eabi/lib/thumb/v7e-m+fp/hard\libc_nano.a(lib_a-stdio.o)
 .debug_frame   0x0000353c       0x2c c:/gnu arm embedded toolchain/10 2020-q4-major/bin/../lib/gcc/arm-none-eabi/10.2.1/../../../../arm-none-eabi/lib/thumb/v7e-m+fp/hard\libc_nano.a(lib_a-writer.o)
 .debug_frame   0x00003568       0x2c c:/gnu arm embedded toolchain/10 2020-q4-major/bin/../lib/gcc/arm-none-eabi/10.2.1/../../../../arm-none-eabi/lib/thumb/v7e-m+fp/hard\libc_nano.a(lib_a-closer.o)
 .debug_frame   0x00003594       0x2c c:/gnu arm embedded toolchain/10 2020-q4-major/bin/../lib/gcc/arm-none-eabi/10.2.1/../../../../arm-none-eabi/lib/thumb/v7e-m+fp/hard\libc_nano.a(lib_a-fstatr.o)
 .debug_frame   0x000035c0       0x2c c:/gnu arm embedded toolchain/10 2020-q4-major/bin/../lib/gcc/arm-none-eabi/10.2.1/../../../../arm-none-eabi/lib/thumb/v7e-m+fp/hard\libc_nano.a(lib_a-isattyr.o)
 .debug_frame   0x000035ec       0x2c c:/gnu arm embedded toolchain/10 2020-q4-major/bin/../lib/gcc/arm-none-eabi/10.2.1/../../../../arm-none-eabi/lib/thumb/v7e-m+fp/hard\libc_nano.a(lib_a-lseekr.o)
 .debug_frame   0x00003618       0x28 c:/gnu arm embedded toolchain/10 2020-q4-major/bin/../lib/gcc/arm-none-eabi/10.2.1/../../../../arm-none-eabi/lib/thumb/v7e-m+fp/hard\libc_nano.a(lib_a-memcpy-stub.o)
 .debug_frame   0x00003640       0x28 c:/gnu arm embedded toolchain/10 2020-q4-major/bin/../lib/gcc/arm-none-eabi/10.2.1/../../../../arm-none-eabi/lib/thumb/v7e-m+fp/hard\libc_nano.a(lib_a-memmove.o)
 .debug_frame   0x00003668       0x30 c:/gnu arm embedded toolchain/10 2020-q4-major/bin/../lib/gcc/arm-none-eabi/10.2.1/../../../../arm-none-eabi/lib/thumb/v7e-m+fp/hard\libc_nano.a(lib_a-mlock.o)
 .debug_frame   0x00003698       0x3c c:/gnu arm embedded toolchain/10 2020-q4-major/bin/../lib/gcc/arm-none-eabi/10.2.1/../../../../arm-none-eabi/lib/thumb/v7e-m+fp/hard\libc_nano.a(lib_a-nano-reallocr.o)
 .debug_frame   0x000036d4       0x2c c:/gnu arm embedded toolchain/10 2020-q4-major/bin/../lib/gcc/arm-none-eabi/10.2.1/../../../../arm-none-eabi/lib/thumb/v7e-m+fp/hard\libc_nano.a(lib_a-readr.o)
 .debug_frame   0x00003700       0x5c c:/gnu arm embedded toolchain/10 2020-q4-major/bin/../lib/gcc/arm-none-eabi/10.2.1/../../../../arm-none-eabi/lib/thumb/v7e-m+fp/hard\libc_nano.a(lib_a-reent.o)
 .debug_frame   0x0000375c       0x20 c:/gnu arm embedded toolchain/10 2020-q4-major/bin/../lib/gcc/arm-none-eabi/10.2.1/../../../../arm-none-eabi/lib/thumb/v7e-m+fp/hard\libc_nano.a(lib_a-nano-msizer.o)
 .debug_frame   0x0000377c       0x20 c:/gnu arm embedded toolchain/10 2020-q4-major/bin/../lib/gcc/arm-none-eabi/10.2.1/../../../../arm-none-eabi/lib/thumb/v7e-m+fp/hard\libnosys.a(close.o)
 .debug_frame   0x0000379c       0x20 c:/gnu arm embedded toolchain/10 2020-q4-major/bin/../lib/gcc/arm-none-eabi/10.2.1/../../../../arm-none-eabi/lib/thumb/v7e-m+fp/hard\libnosys.a(fstat.o)
 .debug_frame   0x000037bc       0x20 c:/gnu arm embedded toolchain/10 2020-q4-major/bin/../lib/gcc/arm-none-eabi/10.2.1/../../../../arm-none-eabi/lib/thumb/v7e-m+fp/hard\libnosys.a(isatty.o)
 .debug_frame   0x000037dc       0x20 c:/gnu arm embedded toolchain/10 2020-q4-major/bin/../lib/gcc/arm-none-eabi/10.2.1/../../../../arm-none-eabi/lib/thumb/v7e-m+fp/hard\libnosys.a(lseek.o)
 .debug_frame   0x000037fc       0x20 c:/gnu arm embedded toolchain/10 2020-q4-major/bin/../lib/gcc/arm-none-eabi/10.2.1/../../../../arm-none-eabi/lib/thumb/v7e-m+fp/hard\libnosys.a(read.o)
 .debug_frame   0x0000381c       0x20 c:/gnu arm embedded toolchain/10 2020-q4-major/bin/../lib/gcc/arm-none-eabi/10.2.1/../../../../arm-none-eabi/lib/thumb/v7e-m+fp/hard\libnosys.a(sbrk.o)
 .debug_frame   0x0000383c       0x2c c:/gnu arm embedded toolchain/10 2020-q4-major/bin/../lib/gcc/arm-none-eabi/10.2.1/thumb/v7e-m+fp/hard\libgcc.a(_aeabi_uldivmod.o)
 .debug_frame   0x00003868       0x34 c:/gnu arm embedded toolchain/10 2020-q4-major/bin/../lib/gcc/arm-none-eabi/10.2.1/thumb/v7e-m+fp/hard\libgcc.a(_udivmoddi4.o)

.stab           0x00000000       0x84
 .stab          0x00000000       0x24 c:/gnu arm embedded toolchain/10 2020-q4-major/bin/../lib/gcc/arm-none-eabi/10.2.1/../../../../arm-none-eabi/lib/thumb/v7e-m+fp/hard\libnosys.a(close.o)
 .stab          0x00000024       0x18 c:/gnu arm embedded toolchain/10 2020-q4-major/bin/../lib/gcc/arm-none-eabi/10.2.1/../../../../arm-none-eabi/lib/thumb/v7e-m+fp/hard\libnosys.a(fstat.o)
                                 0x24 (size before relaxing)
 .stab          0x0000003c       0x18 c:/gnu arm embedded toolchain/10 2020-q4-major/bin/../lib/gcc/arm-none-eabi/10.2.1/../../../../arm-none-eabi/lib/thumb/v7e-m+fp/hard\libnosys.a(isatty.o)
                                 0x24 (size before relaxing)
 .stab          0x00000054       0x18 c:/gnu arm embedded toolchain/10 2020-q4-major/bin/../lib/gcc/arm-none-eabi/10.2.1/../../../../arm-none-eabi/lib/thumb/v7e-m+fp/hard\libnosys.a(lseek.o)
                                 0x24 (size before relaxing)
 .stab          0x0000006c       0x18 c:/gnu arm embedded toolchain/10 2020-q4-major/bin/../lib/gcc/arm-none-eabi/10.2.1/../../../../arm-none-eabi/lib/thumb/v7e-m+fp/hard\libnosys.a(read.o)
                                 0x24 (size before relaxing)

.stabstr        0x00000000      0x117
 .stabstr       0x00000000      0x117 c:/gnu arm embedded toolchain/10 2020-q4-major/bin/../lib/gcc/arm-none-eabi/10.2.1/../../../../arm-none-eabi/lib/thumb/v7e-m+fp/hard\libnosys.a(close.o)

Cross Reference Table

Symbol                                            File
ADC1_2_IRQHandler                                 build/startup_stm32l476xx.o
ADC3_IRQHandler                                   build/startup_stm32l476xx.o
AHBPrescTable                                     build/system_stm32l4xx.o
                                                  build/stm32l4xx_hal_rcc.o
APBPrescTable                                     build/system_stm32l4xx.o
                                                  build/stm32l4xx_hal_rcc.o
AntPow                                            build/sx126x-board.o
Bandwidths                                        build/radio.o
Buffer                                            build/sx126x_driver.o
BufferSize                                        build/sx126x_driver.o
BusFault_Handler                                  build/stm32l4xx_it.o
CAN1_RX0_IRQHandler                               build/startup_stm32l476xx.o
CAN1_RX1_IRQHandler                               build/startup_stm32l476xx.o
CAN1_SCE_IRQHandler                               build/startup_stm32l476xx.o
CAN1_TX_IRQHandler                                build/startup_stm32l476xx.o
COMP_IRQHandler                                   build/startup_stm32l476xx.o
DFSDM1_FLT0_IRQHandler                            build/startup_stm32l476xx.o
DFSDM1_FLT1_IRQHandler                            build/startup_stm32l476xx.o
DFSDM1_FLT2_IRQHandler                            build/startup_stm32l476xx.o
DFSDM1_FLT3_IRQHandler                            build/startup_stm32l476xx.o
DMA1_Channel1_IRQHandler                          build/startup_stm32l476xx.o
DMA1_Channel2_IRQHandler                          build/startup_stm32l476xx.o
DMA1_Channel3_IRQHandler                          build/startup_stm32l476xx.o
DMA1_Channel4_IRQHandler                          build/startup_stm32l476xx.o
DMA1_Channel5_IRQHandler                          build/startup_stm32l476xx.o
DMA1_Channel6_IRQHandler                          build/startup_stm32l476xx.o
DMA1_Channel7_IRQHandler                          build/startup_stm32l476xx.o
DMA2_Channel1_IRQHandler                          build/startup_stm32l476xx.o
DMA2_Channel2_IRQHandler                          build/startup_stm32l476xx.o
DMA2_Channel3_IRQHandler                          build/startup_stm32l476xx.o
DMA2_Channel4_IRQHandler                          build/startup_stm32l476xx.o
DMA2_Channel5_IRQHandler                          build/startup_stm32l476xx.o
DMA2_Channel6_IRQHandler                          build/startup_stm32l476xx.o
DMA2_Channel7_IRQHandler                          build/startup_stm32l476xx.o
DebugMon_Handler                                  build/stm32l4xx_it.o
Default_Handler                                   build/startup_stm32l476xx.o
Delay                                             build/delay.o
DelayMs                                           build/delay.o
                                                  build/sx126x-board.o
                                                  build/radio.o
                                                  build/sx126x_driver.o
DelayMsMcu                                        build/delay-board.o
                                                  build/delay.o
DeviceSel                                         build/sx126x-board.o
EXTI0_IRQHandler                                  build/startup_stm32l476xx.o
EXTI15_10_IRQHandler                              build/stm32l4xx_it.o
EXTI1_IRQHandler                                  build/startup_stm32l476xx.o
EXTI2_IRQHandler                                  build/startup_stm32l476xx.o
EXTI3_IRQHandler                                  build/startup_stm32l476xx.o
EXTI4_IRQHandler                                  build/startup_stm32l476xx.o
EXTI9_5_IRQHandler                                build/startup_stm32l476xx.o
Error_Handler                                     build/main.o
FLASH_FlushCaches                                 build/stm32l4xx_hal_flash_ex.o
                                                  build/stm32l4xx_hal_flash.o
FLASH_IRQHandler                                  build/startup_stm32l476xx.o
FLASH_PageErase                                   build/stm32l4xx_hal_flash_ex.o
                                                  build/stm32l4xx_hal_flash.o
FLASH_WaitForLastOperation                        build/stm32l4xx_hal_flash.o
                                                  build/stm32l4xx_hal_flash_ex.o
FMC_IRQHandler                                    build/startup_stm32l476xx.o
FPU_IRQHandler                                    build/startup_stm32l476xx.o
FrequencyError                                    build/sx126x.o
FskBandwidths                                     build/radio.o
GpioInit                                          build/gpio.o
                                                  build/sx126x-board.o
                                                  build/spi-board.o
                                                  build/sx126x_driver.o
GpioMcuInit                                       build/gpio-board.o
GpioMcuRead                                       build/gpio-board.o
GpioMcuRemoveInterrupt                            build/gpio-board.o
                                                  build/gpio.o
GpioMcuSetContext                                 build/gpio-board.o
                                                  build/gpio.o
GpioMcuSetInterrupt                               build/gpio-board.o
GpioMcuToggle                                     build/gpio-board.o
GpioMcuWrite                                      build/gpio-board.o
GpioRead                                          build/gpio.o
                                                  build/sx126x-board.o
GpioRemoveInterrupt                               build/gpio.o
GpioSetContext                                    build/gpio.o
GpioSetInterrupt                                  build/gpio.o
                                                  build/sx126x-board.o
GpioToggle                                        build/gpio.o
                                                  build/sx126x_driver.o
GpioWrite                                         build/gpio.o
                                                  build/sx126x-board.o
HAL_DBGMCU_DisableDBGSleepMode                    build/stm32l4xx_hal.o
HAL_DBGMCU_DisableDBGStandbyMode                  build/stm32l4xx_hal.o
HAL_DBGMCU_DisableDBGStopMode                     build/stm32l4xx_hal.o
HAL_DBGMCU_EnableDBGSleepMode                     build/stm32l4xx_hal.o
HAL_DBGMCU_EnableDBGStandbyMode                   build/stm32l4xx_hal.o
HAL_DBGMCU_EnableDBGStopMode                      build/stm32l4xx_hal.o
HAL_DMA_Abort                                     build/stm32l4xx_hal_dma.o
                                                  build/stm32l4xx_hal_uart.o
                                                  build/stm32l4xx_hal_spi.o
HAL_DMA_Abort_IT                                  build/stm32l4xx_hal_dma.o
                                                  build/stm32l4xx_hal_uart.o
                                                  build/stm32l4xx_hal_spi.o
                                                  build/stm32l4xx_hal_i2c.o
HAL_DMA_DeInit                                    build/stm32l4xx_hal_dma.o
HAL_DMA_GetError                                  build/stm32l4xx_hal_dma.o
                                                  build/stm32l4xx_hal_uart.o
HAL_DMA_GetState                                  build/stm32l4xx_hal_dma.o
                                                  build/stm32l4xx_hal_i2c.o
HAL_DMA_IRQHandler                                build/stm32l4xx_hal_dma.o
HAL_DMA_Init                                      build/stm32l4xx_hal_dma.o
HAL_DMA_PollForTransfer                           build/stm32l4xx_hal_dma.o
HAL_DMA_RegisterCallback                          build/stm32l4xx_hal_dma.o
HAL_DMA_Start                                     build/stm32l4xx_hal_dma.o
HAL_DMA_Start_IT                                  build/stm32l4xx_hal_dma.o
                                                  build/stm32l4xx_hal_uart.o
                                                  build/stm32l4xx_hal_spi.o
                                                  build/stm32l4xx_hal_i2c.o
HAL_DMA_UnRegisterCallback                        build/stm32l4xx_hal_dma.o
HAL_DeInit                                        build/stm32l4xx_hal.o
HAL_Delay                                         build/stm32l4xx_hal.o
                                                  build/delay-board.o
                                                  build/sx126x_driver.o
                                                  build/main.o
HAL_EXTI_ClearConfigLine                          build/stm32l4xx_hal_exti.o
HAL_EXTI_ClearPending                             build/stm32l4xx_hal_exti.o
HAL_EXTI_GenerateSWI                              build/stm32l4xx_hal_exti.o
HAL_EXTI_GetConfigLine                            build/stm32l4xx_hal_exti.o
HAL_EXTI_GetHandle                                build/stm32l4xx_hal_exti.o
HAL_EXTI_GetPending                               build/stm32l4xx_hal_exti.o
HAL_EXTI_IRQHandler                               build/stm32l4xx_hal_exti.o
HAL_EXTI_RegisterCallback                         build/stm32l4xx_hal_exti.o
HAL_EXTI_SetConfigLine                            build/stm32l4xx_hal_exti.o
HAL_FLASHEx_DisableRunPowerDown                   build/stm32l4xx_hal_flash_ramfunc.o
HAL_FLASHEx_EnableRunPowerDown                    build/stm32l4xx_hal_flash_ramfunc.o